  ╨Ю╨┐╤А╨╡╨┤╨╡╨╗╨╡╨╜╨╕╨╡ ╨┐╤А╨╛╨╡╨║╤В╨╛╨▓ ╨┤╨╗╤П ╨▓╨╛╤Б╤Б╤В╨░╨╜╨╛╨▓╨╗╨╡╨╜╨╕╤П...
  ╨Т╤Б╨╡ ╨┐╤А╨╛╨╡╨║╤В╤Л ╨╛╨▒╨╜╨╛╨▓╨╗╨╡╨╜╤Л ╨┤╨╗╤П ╨▓╨╛╤Б╤Б╤В╨░╨╜╨╛╨▓╨╗╨╡╨╜╨╕╤П.
  LiteCad -> C:\Users\Admin\source\repos\LiteCad\bin\Debug\net10.0-windows\LiteCad.dll
  LiteCad.Tests -> C:\Users\Admin\source\repos\LiteCad\LiteCad.Tests\bin\Debug\net10.0-windows\LiteCad.Tests.dll
╨в╨╡╤Б╤В╨╛╨▓╤Л╨╣ ╨╖╨░╨┐╤Г╤Б╨║ ╨┤╨╗╤П C:\Users\Admin\source\repos\LiteCad\LiteCad.Tests\bin\Debug\net10.0-windows\LiteCad.Tests.dll (.NETCoreApp,Version=v10.0)
╨Ю╨▒╤Й╨╡╨╡ ╨║╨╛╨╗╨╕╤З╨╡╤Б╤В╨▓╨╛ ╤В╨╡╤Б╤В╨╛╨▓╤Л╤Е ╤Д╨░╨╣╨╗╨╛╨▓ (1), ╤Б╨╛╨╛╤В╨▓╨╡╤В╤Б╤В╨▓╤Г╤О╤Й╨╕╤Е ╤Г╨║╨░╨╖╨░╨╜╨╜╨╛╨╝╤Г ╤И╨░╨▒╨╗╨╛╨╜╤Г.
C:\Users\Admin\source\repos\LiteCad\LiteCad.Tests\bin\Debug\net10.0-windows\LiteCad.Tests.dll
[xUnit.net 00:00:00.00] xUnit.net VSTest Adapter v3.1.4+50e68bbb8b (64-bit .NET 10.0.11)
[xUnit.net 00:00:00.09]   Discovering: LiteCad.Tests
[xUnit.net 00:00:00.18]   Discovered:  LiteCad.Tests
[xUnit.net 00:00:00.23]   Starting:    LiteCad.Tests
  ╨Я╤А╨╛╨╣╨┤╨╡╨╜ LiteCad.Tests.EdgeOperationsTests.AddSegment_AndSyncFaces_SquareThenDiagonal_StillCreatesTwoFaces [36 ms]
  ╨Я╤А╨╛╨╣╨┤╨╡╨╜ LiteCad.Tests.EdgeOperationsTests.AddSegment_OnPartialOverlap_TrimsExistingAndAddsNewSegment [1 ms]
  ╨Я╤А╨╛╨╣╨┤╨╡╨╜ LiteCad.Tests.EdgeOperationsTests.AddSegment_NearCoincidentOverlap_DoesNotBreakSquareFace [< 1 ms]
  ╨Я╤А╨╛╨╣╨┤╨╡╨╜ LiteCad.Tests.EdgeOperationsTests.SquareThenInteriorToInteriorLine_CreatesValidSplitTopology [7 ms]
  ╨Я╤А╨╛╨╣╨┤╨╡╨╜ LiteCad.Tests.EdgeOperationsTests.AddSegment_OnCoincidentEdge_ReplacesInsteadOfDuplicating [5 ms]
  ╨Я╤А╨╛╨╣╨┤╨╡╨╜ LiteCad.Tests.CopyToolTests.CopyRedo_RestoresCopiedGeometry [16 ms]
  ╨Я╤А╨╛╨╣╨┤╨╡╨╜ LiteCad.Tests.CopyToolTests.CopyMultipleEdges_PreservesRelativeTopology [5 ms]
  ╨Я╤А╨╛╨╣╨┤╨╡╨╜ LiteCad.Tests.CopyToolTests.CopyDoesNotShareEdgeReferencesWithOriginal [2 ms]
  ╨Я╤А╨╛╨╣╨┤╨╡╨╜ LiteCad.Tests.CopyToolTests.CopyRightClick_Cancels [49 ms]
  ╨Я╤А╨╛╨╣╨┤╨╡╨╜ LiteCad.Tests.CopyToolTests.CopyPreview_DoesNotModifyDocument [1 ms]
  ╨Я╤А╨╛╨╣╨┤╨╡╨╜ LiteCad.Tests.CopyToolTests.CopySingleEdge_CreatesIndependentCopy [< 1 ms]
  ╨Я╤А╨╛╨╣╨┤╨╡╨╜ LiteCad.Tests.CopyToolTests.CopyDoesNotShareVertexReferencesWithOriginal [< 1 ms]
  ╨Я╤А╨╛╨╣╨┤╨╡╨╜ LiteCad.Tests.CopyToolTests.CopyEscape_Cancels [316 ms]
  ╨Я╤А╨╛╨╣╨┤╨╡╨╜ LiteCad.Tests.CopyToolTests.CopyDoesNotModifyOriginal [5 ms]
  ╨Я╤А╨╛╨╣╨┤╨╡╨╜ LiteCad.Tests.CopyToolTests.CopyCreatesSingleUndoEntry [3 ms]
  ╨Я╤А╨╛╨╣╨┤╨╡╨╜ LiteCad.Tests.CopyToolTests.CopyPreservesStyles [4 ms]
  ╨Я╤А╨╛╨╣╨┤╨╡╨╜ LiteCad.Tests.CopyToolTests.CopyTool_ActivateWithSelection_IsActive_Sta [1 ms]
  ╨Я╤А╨╛╨╣╨┤╨╡╨╜ LiteCad.Tests.CopyToolTests.CopyTwoRooms_PreservesTwoFaces [4 ms]
  ╨Я╤А╨╛╨╣╨┤╨╡╨╜ LiteCad.Tests.CopyToolTests.CopyCommit_RequiresLeftClick [2 ms]
  ╨Я╤А╨╛╨╣╨┤╨╡╨╜ LiteCad.Tests.CopyToolTests.CopyUndo_RemovesOnlyCopiedGeometry [< 1 ms]
  ╨Я╤А╨╛╨╣╨┤╨╡╨╜ LiteCad.Tests.CopyToolTests.CopyTool_ActivateWithSelection_IsActive [< 1 ms]
  ╨Я╤А╨╛╨╣╨┤╨╡╨╜ LiteCad.Tests.NestedContourFaceTests.J_DeleteB_DoesNotDeleteA [4 ms]
  ╨Я╤А╨╛╨╣╨┤╨╡╨╜ LiteCad.Tests.NestedContourFaceTests.K_DeleteA_DoesNotDeleteB [< 1 ms]
  ╨Я╤А╨╛╨╣╨┤╨╡╨╜ LiteCad.Tests.NestedContourFaceTests.M_UndoRedoNestedContours_PreservesFaceCountAndIdentities [< 1 ms]
  ╨Я╤А╨╛╨╣╨┤╨╡╨╜ LiteCad.Tests.NestedContourFaceTests.G_FaceAAreaRemains16_AfterBAndCAdded [< 1 ms]
  ╨Я╤А╨╛╨╣╨┤╨╡╨╜ LiteCad.Tests.NestedContourFaceTests.D_NestedFourContours_FourSolidFaces [< 1 ms]
  ╨Я╤А╨╛╨╣╨┤╨╡╨╜ LiteCad.Tests.NestedContourFaceTests.A_SingleContour_OneSolidFace [1 ms]
  ╨Я╤А╨╛╨╣╨┤╨╡╨╜ LiteCad.Tests.NestedContourFaceTests.H_FaceBAreaRemains4_AfterCAdded [< 1 ms]
  ╨Я╤А╨╛╨╣╨┤╨╡╨╜ LiteCad.Tests.NestedContourFaceTests.F_AddingC_DoesNotChangeFaceIdentitiesAOrB [< 1 ms]
  ╨Я╤А╨╛╨╣╨┤╨╡╨╜ LiteCad.Tests.NestedContourFaceTests.C_NestedThreeContours_ThreeSolidFaces [1 ms]
  ╨Я╤А╨╛╨╣╨┤╨╡╨╜ LiteCad.Tests.NestedContourFaceTests.I_SelectAAndBIndependently [3 ms]
  ╨Я╤А╨╛╨╣╨┤╨╡╨╜ LiteCad.Tests.NestedContourFaceTests.B_NestedTwoContours_TwoSolidFaces [< 1 ms]
  ╨Я╤А╨╛╨╣╨┤╨╡╨╜ LiteCad.Tests.NestedContourFaceTests.TwoIndependentOuterContours_TwoSolidFaces [< 1 ms]
  ╨Я╤А╨╛╨╣╨┤╨╡╨╜ LiteCad.Tests.NestedContourFaceTests.L_RepeatedSync_PreservesFaceIdentitySet [8 ms]
  ╨Я╤А╨╛╨╣╨┤╨╡╨╜ LiteCad.Tests.NestedContourFaceTests.ContainmentTree_IsDerivedAndMatchesNestedStructure [1 ms]
  ╨Я╤А╨╛╨╣╨┤╨╡╨╜ LiteCad.Tests.NestedContourFaceTests.E_AddingB_DoesNotChangeFaceIdentityA [< 1 ms]
  ╨Я╤А╨╛╨╣╨┤╨╡╨╜ LiteCad.Tests.DocumentHistoryTests.SquareThenDiagonal_Undo_RestoresOneValidFace [5 ms]
  ╨Я╤А╨╛╨╣╨┤╨╡╨╜ LiteCad.Tests.DocumentHistoryTests.Undo_RestoresSnapServiceCornerVertexId [8 ms]
  ╨Я╤А╨╛╨╣╨┤╨╡╨╜ LiteCad.Tests.DocumentHistoryTests.SquareThenDeleteEdge_Undo_RestoresFourEdgesAndOneFace [1 ms]
  ╨Я╤А╨╛╨╣╨┤╨╡╨╜ LiteCad.Tests.DocumentHistoryTests.SquareThenDiagonal_UndoThenRedo_RestoresTwoValidFaces [< 1 ms]
  ╨Я╤А╨╛╨╣╨┤╨╡╨╜ LiteCad.Tests.DocumentHistoryTests.UndoRedo_RebuildsFacesWithoutDuplicateOrDanglingReferences [1 ms]
  ╨Я╤А╨╛╨╣╨┤╨╡╨╜ LiteCad.Tests.DocumentHistoryTests.SplitTopology_Undo_HasNoDanglingLoopEdgeIds [< 1 ms]
  ╨Я╤А╨╛╨╣╨┤╨╡╨╜ LiteCad.Tests.DocumentHistoryTests.DerivedFaceIdsAreNotStableAcrossUndoRebuild [2 ms]
  ╨Я╤А╨╛╨╣╨┤╨╡╨╜ LiteCad.Tests.MoveExactInputDistanceSemanticsTests.OrthoLeft_Distance200_ProducesMinus200 [103 ms]
  ╨Я╤А╨╛╨╣╨┤╨╡╨╜ LiteCad.Tests.MoveExactInputDistanceSemanticsTests.DistanceFieldNeverRequiresNegativeValue [10 ms]
dotnet : [xUnit.net 00:00:00.95]     LiteCad.Tests.MoveExactInputDistanceSemanticsTests.InputClearsAfterCommit [FAIL]
C:\Users\Admin\AppData\Local\Temp\ps-script-5c261091-5b6a-43d4-8996-246172f9e4b6.ps1:98 знак:43
+ ... s\LiteCad"; dotnet test LiteCad.Tests\LiteCad.Tests.csproj --logger " ...
+                 ~~~~~~~~~~~~~~~~~~~~~~~~~~~~~~~~~~~~~~~~~~~~~~~~~~~~~~~~~
    + CategoryInfo          : NotSpecified: ([xUnit.net 00:0...erCommit [FAIL]:String) [], RemoteException
    + FullyQualifiedErrorId : NativeCommandError
 
[xUnit.net 00:00:00.95]       System.ArgumentNullException : Value cannot be null. (Parameter 'inputSource')
[xUnit.net 00:00:00.95]       Stack Trace:
[xUnit.net 00:00:00.95]            at System.ArgumentNullException.Throw(String paramName)
[xUnit.net 00:00:00.95]            at System.ArgumentNullException.ThrowIfNull(Object argument, String paramName)
[xUnit.net 00:00:00.95]            at System.Windows.Input.KeyEventArgs..ctor(KeyboardDevice keyboard, PresentationSource inputSource, Int32 timestamp, Key key)
[xUnit.net 00:00:00.95]         C:\Users\Admin\source\repos\LiteCad\LiteCad.Tests\MoveExactInputDistanceSemanticsTests.cs(327,0): at LiteCad.Tests.MoveExactInputDistanceSemanticsTests.MoveExactInputDistanceSemanticsTestHost.PressDistanceEnter()
[xUnit.net 00:00:00.95]         C:\Users\Admin\source\repos\LiteCad\LiteCad.Tests\MoveExactInputDistanceSemanticsTests.cs(192,0): at LiteCad.Tests.MoveExactInputDistanceSemanticsTests.<>c.<InputClearsAfterCommit>b__11_0()
[xUnit.net 00:00:00.95]         C:\Users\Admin\source\repos\LiteCad\LiteCad.Tests\MoveExactInputDistanceSemanticsTests.cs(206,0): at LiteCad.Tests.MoveExactInputDistanceSemanticsTests.<>c__DisplayClass13_0.<RunSta>b__0()
[xUnit.net 00:00:00.95]         --- End of stack trace from previous location ---
[xUnit.net 00:00:00.95]         C:\Users\Admin\source\repos\LiteCad\LiteCad.Tests\MoveExactInputDistanceSemanticsTests.cs(220,0): at LiteCad.Tests.MoveExactInputDistanceSemanticsTests.RunSta(Action action)
[xUnit.net 00:00:00.95]         C:\Users\Admin\source\repos\LiteCad\LiteCad.Tests\MoveExactInputDistanceSemanticsTests.cs(184,0): at LiteCad.Tests.MoveExactInputDistanceSemanticsTests.InputClearsAfterCommit()
[xUnit.net 00:00:00.95]            at System.Reflection.MethodBaseInvoker.InterpretedInvoke_Method(Object obj, IntPtr* args)
[xUnit.net 00:00:00.95]            at System.Reflection.MethodBaseInvoker.InvokeWithNoArgs(Object obj, BindingFlags invokeAttr)
[xUnit.net 00:00:00.96]     LiteCad.Tests.MoveExactInputDistanceSemanticsTests.EnterCommitsCorrectSignedDelta [FAIL]
[xUnit.net 00:00:00.96]       System.ArgumentNullException : Value cannot be null. (Parameter 'inputSource')
[xUnit.net 00:00:00.96]       Stack Trace:
[xUnit.net 00:00:00.96]            at System.ArgumentNullException.Throw(String paramName)
[xUnit.net 00:00:00.96]            at System.ArgumentNullException.ThrowIfNull(Object argument, String paramName)
[xUnit.net 00:00:00.96]            at System.Windows.Input.KeyEventArgs..ctor(KeyboardDevice keyboard, PresentationSource inputSource, Int32 timestamp, Key key)
[xUnit.net 00:00:00.96]         C:\Users\Admin\source\repos\LiteCad\LiteCad.Tests\MoveExactInputDistanceSemanticsTests.cs(327,0): at LiteCad.Tests.MoveExactInputDistanceSemanticsTests.MoveExactInputDistanceSemanticsTestHost.PressDistanceEnter()
[xUnit.net 00:00:00.96]         C:\Users\Admin\source\repos\LiteCad\LiteCad.Tests\MoveExactInputDistanceSemanticsTests.cs(174,0): at LiteCad.Tests.MoveExactInputDistanceSemanticsTests.<>c.<EnterCommitsCorrectSignedDelta>b__10_0()
[xUnit.net 00:00:00.96]         C:\Users\Admin\source\repos\LiteCad\LiteCad.Tests\MoveExactInputDistanceSemanticsTests.cs(206,0): at LiteCad.Tests.MoveExactInputDistanceSemanticsTests.<>c__DisplayClass13_0.<RunSta>b__0()
[xUnit.net 00:00:00.96]         --- End of stack trace from previous location ---
[xUnit.net 00:00:00.96]         C:\Users\Admin\source\repos\LiteCad\LiteCad.Tests\MoveExactInputDistanceSemanticsTests.cs(220,0): at LiteCad.Tests.MoveExactInputDistanceSemanticsTests.RunSta(Action action)
[xUnit.net 00:00:00.96]         C:\Users\Admin\source\repos\LiteCad\LiteCad.Tests\MoveExactInputDistanceSemanticsTests.cs(166,0): at LiteCad.Tests.MoveExactInputDistanceSemanticsTests.EnterCommitsCorrectSignedDelta()
[xUnit.net 00:00:00.96]            at System.Reflection.MethodBaseInvoker.InterpretedInvoke_Method(Object obj, IntPtr* args)
[xUnit.net 00:00:00.96]            at System.Reflection.MethodBaseInvoker.InvokeWithNoArgs(Object obj, BindingFlags invokeAttr)
  ╨Я╤А╨╛╨╣╨┤╨╡╨╜ LiteCad.Tests.MoveExactInputDistanceSemanticsTests.YNegativeUnchanged [10 ms]
  ╨Я╤А╨╛╨╣╨┤╨╡╨╜ LiteCad.Tests.MoveExactInputDistanceSemanticsTests.OrthoDown_Distance200_ProducesMinus200 [6 ms]
  ╨Я╤А╨╛╨╣╨┤╨╡╨╜ LiteCad.Tests.MoveExactInputDistanceSemanticsTests.OrthoRight_Distance200_ProducesPlus200 [6 ms]
  ╨Я╤А╨╛╨╣╨┤╨╡╨╜ LiteCad.Tests.MoveExactInputDistanceSemanticsTests.OrthoUp_Distance200_ProducesPlus200 [6 ms]
  ╨Э╨╡ ╨┐╤А╨╛╨╣╨┤╨╡╨╜ LiteCad.Tests.MoveExactInputDistanceSemanticsTests.InputClearsAfterCommit [8 ms]
  ╨б╨╛╨╛╨▒╤Й╨╡╨╜╨╕╨╡ ╨╛╨▒ ╨╛╤И╨╕╨▒╨║╨╡:
   System.ArgumentNullException : Value cannot be null. (Parameter 'inputSource')
  ╨в╤А╨░╤Б╤Б╨╕╤А╨╛╨▓╨║╨░ ╤Б╤В╨╡╨║╨░:
     at System.ArgumentNullException.Throw(String paramName)
   at System.ArgumentNullException.ThrowIfNull(Object argument, String paramName)
   at System.Windows.Input.KeyEventArgs..ctor(KeyboardDevice keyboard, PresentationSource inputSource, Int32 timestamp, Key key)
   at LiteCad.Tests.MoveExactInputDistanceSemanticsTests.MoveExactInputDistanceSemanticsTestHost.PressDistanceEnter() in C:\Users\Admin\source\repos\LiteCad\LiteCad.Tests\MoveExactInputDistanceSemanticsTests.cs:line 327
   at LiteCad.Tests.MoveExactInputDistanceSemanticsTests.<>c.<InputClearsAfterCommit>b__11_0() in C:\Users\Admin\source\repos\LiteCad\LiteCad.Tests\MoveExactInputDistanceSemanticsTests.cs:line 192
   at LiteCad.Tests.MoveExactInputDistanceSemanticsTests.<>c__DisplayClass13_0.<RunSta>b__0() in C:\Users\Admin\source\repos\LiteCad\LiteCad.Tests\MoveExactInputDistanceSemanticsTests.cs:line 206
--- End of stack trace from previous location ---
   at LiteCad.Tests.MoveExactInputDistanceSemanticsTests.RunSta(Action action) in C:\Users\Admin\source\repos\LiteCad\LiteCad.Tests\MoveExactInputDistanceSemanticsTests.cs:line 220
   at LiteCad.Tests.MoveExactInputDistanceSemanticsTests.InputClearsAfterCommit() in C:\Users\Admin\source\repos\LiteCad\LiteCad.Tests\MoveExactInputDistanceSemanticsTests.cs:line 184
   at System.Reflection.MethodBaseInvoker.InterpretedInvoke_Method(Object obj, IntPtr* args)
   at System.Reflection.MethodBaseInvoker.InvokeWithNoArgs(Object obj, BindingFlags invokeAttr)
  ╨Э╨╡ ╨┐╤А╨╛╨╣╨┤╨╡╨╜ LiteCad.Tests.MoveExactInputDistanceSemanticsTests.EnterCommitsCorrectSignedDelta [9 ms]
  ╨б╨╛╨╛╨▒╤Й╨╡╨╜╨╕╨╡ ╨╛╨▒ ╨╛╤И╨╕╨▒╨║╨╡:
   System.ArgumentNullException : Value cannot be null. (Parameter 'inputSource')
  ╨в╤А╨░╤Б╤Б╨╕╤А╨╛╨▓╨║╨░ ╤Б╤В╨╡╨║╨░:
     at System.ArgumentNullException.Throw(String paramName)
   at System.ArgumentNullException.ThrowIfNull(Object argument, String paramName)
   at System.Windows.Input.KeyEventArgs..ctor(KeyboardDevice keyboard, PresentationSource inputSource, Int32 timestamp, Key key)
   at LiteCad.Tests.MoveExactInputDistanceSemanticsTests.MoveExactInputDistanceSemanticsTestHost.PressDistanceEnter() in C:\Users\Admin\source\repos\LiteCad\LiteCad.Tests\MoveExactInputDistanceSemanticsTests.cs:line 327
   at LiteCad.Tests.MoveExactInputDistanceSemanticsTests.<>c.<EnterCommitsCorrectSignedDelta>b__10_0() in C:\Users\Admin\source\repos\LiteCad\LiteCad.Tests\MoveExactInputDistanceSemanticsTests.cs:line 174
   at LiteCad.Tests.MoveExactInputDistanceSemanticsTests.<>c__DisplayClass13_0.<RunSta>b__0() in C:\Users\Admin\source\repos\LiteCad\LiteCad.Tests\MoveExactInputDistanceSemanticsTests.cs:line 206
--- End of stack trace from previous location ---
   at LiteCad.Tests.MoveExactInputDistanceSemanticsTests.RunSta(Action action) in C:\Users\Admin\source\repos\LiteCad\LiteCad.Tests\MoveExactInputDistanceSemanticsTests.cs:line 220
   at LiteCad.Tests.MoveExactInputDistanceSemanticsTests.EnterCommitsCorrectSignedDelta() in C:\Users\Admin\source\repos\LiteCad\LiteCad.Tests\MoveExactInputDistanceSemanticsTests.cs:line 166
   at System.Reflection.MethodBaseInvoker.InterpretedInvoke_Method(Object obj, IntPtr* args)
   at System.Reflection.MethodBaseInvoker.InvokeWithNoArgs(Object obj, BindingFlags invokeAttr)
  ╨Я╤А╨╛╨╣╨┤╨╡╨╜ LiteCad.Tests.MoveExactInputDistanceSemanticsTests.YPositiveUnchanged [7 ms]
  ╨Я╤А╨╛╨╣╨┤╨╡╨╜ LiteCad.Tests.MoveExactInputDistanceSemanticsTests.XNegativeUnchanged [6 ms]
  ╨Я╤А╨╛╨╣╨┤╨╡╨╜ LiteCad.Tests.MoveExactInputDistanceSemanticsTests.XPositiveUnchanged [6 ms]
[xUnit.net 00:00:01.01]     LiteCad.Tests.CircleToolTests.Circle_InputClearsAfterCommit [FAIL]
[xUnit.net 00:00:01.01]       System.ArgumentNullException : Value cannot be null. (Parameter 'inputSource')
[xUnit.net 00:00:01.01]       Stack Trace:
[xUnit.net 00:00:01.01]            at System.ArgumentNullException.Throw(String paramName)
[xUnit.net 00:00:01.01]            at System.ArgumentNullException.ThrowIfNull(Object argument, String paramName)
[xUnit.net 00:00:01.01]            at System.Windows.Input.KeyEventArgs..ctor(KeyboardDevice keyboard, PresentationSource inputSource, Int32 timestamp, Key key)
[xUnit.net 00:00:01.01]         C:\Users\Admin\source\repos\LiteCad\LiteCad.Tests\CircleToolTests.cs(300,0): at LiteCad.Tests.CircleToolTests.CreateEnterKey()
[xUnit.net 00:00:01.01]         C:\Users\Admin\source\repos\LiteCad\LiteCad.Tests\CircleToolTests.cs(419,0): at LiteCad.Tests.CircleToolTests.CircleInteractiveHarness.PressEnter()
[xUnit.net 00:00:01.01]         C:\Users\Admin\source\repos\LiteCad\LiteCad.Tests\CircleToolTests.cs(184,0): at LiteCad.Tests.CircleToolTests.<>c.<Circle_InputClearsAfterCommit>b__13_0()
[xUnit.net 00:00:01.01]         C:\Users\Admin\source\repos\LiteCad\LiteCad.Tests\CircleToolTests.cs(266,0): at LiteCad.Tests.CircleToolTests.<>c__DisplayClass21_0.<RunSta>b__0()
[xUnit.net 00:00:01.01]         --- End of stack trace from previous location ---
[xUnit.net 00:00:01.01]         C:\Users\Admin\source\repos\LiteCad\LiteCad.Tests\CircleToolTests.cs(280,0): at LiteCad.Tests.CircleToolTests.RunSta(Action action)
[xUnit.net 00:00:01.01]         C:\Users\Admin\source\repos\LiteCad\LiteCad.Tests\CircleToolTests.cs(178,0): at LiteCad.Tests.CircleToolTests.Circle_InputClearsAfterCommit()
[xUnit.net 00:00:01.01]            at System.Reflection.MethodBaseInvoker.InterpretedInvoke_Method(Object obj, IntPtr* args)
[xUnit.net 00:00:01.01]            at System.Reflection.MethodBaseInvoker.InvokeWithNoArgs(Object obj, BindingFlags invokeAttr)
  ╨Я╤А╨╛╨╣╨┤╨╡╨╜ LiteCad.Tests.CircleToolTests.Circle_ExactRadiusInput [7 ms]
  ╨Я╤А╨╛╨╣╨┤╨╡╨╜ LiteCad.Tests.CircleToolTests.Circle_PreviewDoesNotMutateDocument [1 ms]
  ╨Я╤А╨╛╨╣╨┤╨╡╨╜ LiteCad.Tests.CircleToolTests.Circle_Creates36Edges [8 ms]
  ╨Я╤А╨╛╨╣╨┤╨╡╨╜ LiteCad.Tests.CircleToolTests.Circle_AlwaysUses36Segments [5 ms]
  ╨Э╨╡ ╨┐╤А╨╛╨╣╨┤╨╡╨╜ LiteCad.Tests.CircleToolTests.Circle_InputClearsAfterCommit [9 ms]
  ╨б╨╛╨╛╨▒╤Й╨╡╨╜╨╕╨╡ ╨╛╨▒ ╨╛╤И╨╕╨▒╨║╨╡:
   System.ArgumentNullException : Value cannot be null. (Parameter 'inputSource')
  ╨в╤А╨░╤Б╤Б╨╕╤А╨╛╨▓╨║╨░ ╤Б╤В╨╡╨║╨░:
     at System.ArgumentNullException.Throw(String paramName)
   at System.ArgumentNullException.ThrowIfNull(Object argument, String paramName)
   at System.Windows.Input.KeyEventArgs..ctor(KeyboardDevice keyboard, PresentationSource inputSource, Int32 timestamp, Key key)
   at LiteCad.Tests.CircleToolTests.CreateEnterKey() in C:\Users\Admin\source\repos\LiteCad\LiteCad.Tests\CircleToolTests.cs:line 300
   at LiteCad.Tests.CircleToolTests.CircleInteractiveHarness.PressEnter() in C:\Users\Admin\source\repos\LiteCad\LiteCad.Tests\CircleToolTests.cs:line 419
   at LiteCad.Tests.CircleToolTests.<>c.<Circle_InputClearsAfterCommit>b__13_0() in C:\Users\Admin\source\repos\LiteCad\LiteCad.Tests\CircleToolTests.cs:line 184
   at LiteCad.Tests.CircleToolTests.<>c__DisplayClass21_0.<RunSta>b__0() in C:\Users\Admin\source\repos\LiteCad\LiteCad.Tests\CircleToolTests.cs:line 266
--- End of stack trace from previous location ---
   at LiteCad.Tests.CircleToolTests.RunSta(Action action) in C:\Users\Admin\source\repos\LiteCad\LiteCad.Tests\CircleToolTests.cs:line 280
   at LiteCad.Tests.CircleToolTests.Circle_InputClearsAfterCommit() in C:\Users\Admin\source\repos\LiteCad\LiteCad.Tests\CircleToolTests.cs:line 178
   at System.Reflection.MethodBaseInvoker.InterpretedInvoke_Method(Object obj, IntPtr* args)
   at System.Reflection.MethodBaseInvoker.InvokeWithNoArgs(Object obj, BindingFlags invokeAttr)
  ╨Я╤А╨╛╨╣╨┤╨╡╨╜ LiteCad.Tests.CircleToolTests.Circle_Radius1000 [12 ms]
  ╨Я╤А╨╛╨╣╨┤╨╡╨╜ LiteCad.Tests.CircleToolTests.Circle_Radius100 [3 ms]
  ╨Я╤А╨╛╨╣╨┤╨╡╨╜ LiteCad.Tests.CircleToolTests.Circle_CreatesFace [3 ms]
  ╨Я╤А╨╛╨╣╨┤╨╡╨╜ LiteCad.Tests.CircleToolTests.Circle_VertexAnglesAre10Degrees [6 ms]
[xUnit.net 00:00:01.05]     LiteCad.Tests.CircleToolTests.Circle_InvalidInputPreserved [FAIL]
[xUnit.net 00:00:01.05]       System.ArgumentNullException : Value cannot be null. (Parameter 'inputSource')
[xUnit.net 00:00:01.05]       Stack Trace:
[xUnit.net 00:00:01.05]            at System.ArgumentNullException.Throw(String paramName)
[xUnit.net 00:00:01.05]            at System.ArgumentNullException.ThrowIfNull(Object argument, String paramName)
[xUnit.net 00:00:01.05]            at System.Windows.Input.KeyEventArgs..ctor(KeyboardDevice keyboard, PresentationSource inputSource, Int32 timestamp, Key key)
[xUnit.net 00:00:01.05]         C:\Users\Admin\source\repos\LiteCad\LiteCad.Tests\CircleToolTests.cs(300,0): at LiteCad.Tests.CircleToolTests.CreateEnterKey()
[xUnit.net 00:00:01.05]         C:\Users\Admin\source\repos\LiteCad\LiteCad.Tests\CircleToolTests.cs(419,0): at LiteCad.Tests.CircleToolTests.CircleInteractiveHarness.PressEnter()
[xUnit.net 00:00:01.05]         C:\Users\Admin\source\repos\LiteCad\LiteCad.Tests\CircleToolTests.cs(199,0): at LiteCad.Tests.CircleToolTests.<>c.<Circle_InvalidInputPreserved>b__14_0()
[xUnit.net 00:00:01.05]         C:\Users\Admin\source\repos\LiteCad\LiteCad.Tests\CircleToolTests.cs(266,0): at LiteCad.Tests.CircleToolTests.<>c__DisplayClass21_0.<RunSta>b__0()
[xUnit.net 00:00:01.05]         --- End of stack trace from previous location ---
[xUnit.net 00:00:01.05]         C:\Users\Admin\source\repos\LiteCad\LiteCad.Tests\CircleToolTests.cs(280,0): at LiteCad.Tests.CircleToolTests.RunSta(Action action)
[xUnit.net 00:00:01.05]         C:\Users\Admin\source\repos\LiteCad\LiteCad.Tests\CircleToolTests.cs(193,0): at LiteCad.Tests.CircleToolTests.Circle_InvalidInputPreserved()
[xUnit.net 00:00:01.05]            at System.Reflection.MethodBaseInvoker.InterpretedInvoke_Method(Object obj, IntPtr* args)
[xUnit.net 00:00:01.05]            at System.Reflection.MethodBaseInvoker.InvokeWithNoArgs(Object obj, BindingFlags invokeAttr)
[xUnit.net 00:00:01.06]     LiteCad.Tests.CircleToolTests.Circle_EnterCommitsImmediately [FAIL]
[xUnit.net 00:00:01.06]       System.ArgumentNullException : Value cannot be null. (Parameter 'inputSource')
[xUnit.net 00:00:01.06]       Stack Trace:
[xUnit.net 00:00:01.06]            at System.ArgumentNullException.Throw(String paramName)
[xUnit.net 00:00:01.06]            at System.ArgumentNullException.ThrowIfNull(Object argument, String paramName)
[xUnit.net 00:00:01.06]            at System.Windows.Input.KeyEventArgs..ctor(KeyboardDevice keyboard, PresentationSource inputSource, Int32 timestamp, Key key)
[xUnit.net 00:00:01.06]         C:\Users\Admin\source\repos\LiteCad\LiteCad.Tests\CircleToolTests.cs(300,0): at LiteCad.Tests.CircleToolTests.CreateEnterKey()
[xUnit.net 00:00:01.06]         C:\Users\Admin\source\repos\LiteCad\LiteCad.Tests\CircleToolTests.cs(419,0): at LiteCad.Tests.CircleToolTests.CircleInteractiveHarness.PressEnter()
[xUnit.net 00:00:01.06]         C:\Users\Admin\source\repos\LiteCad\LiteCad.Tests\CircleToolTests.cs(168,0): at LiteCad.Tests.CircleToolTests.<>c.<Circle_EnterCommitsImmediately>b__12_0()
[xUnit.net 00:00:01.06]         C:\Users\Admin\source\repos\LiteCad\LiteCad.Tests\CircleToolTests.cs(266,0): at LiteCad.Tests.CircleToolTests.<>c__DisplayClass21_0.<RunSta>b__0()
[xUnit.net 00:00:01.06]         --- End of stack trace from previous location ---
[xUnit.net 00:00:01.06]         C:\Users\Admin\source\repos\LiteCad\LiteCad.Tests\CircleToolTests.cs(280,0): at LiteCad.Tests.CircleToolTests.RunSta(Action action)
[xUnit.net 00:00:01.06]         C:\Users\Admin\source\repos\LiteCad\LiteCad.Tests\CircleToolTests.cs(162,0): at LiteCad.Tests.CircleToolTests.Circle_EnterCommitsImmediately()
[xUnit.net 00:00:01.06]            at System.Reflection.MethodBaseInvoker.InterpretedInvoke_Method(Object obj, IntPtr* args)
[xUnit.net 00:00:01.06]            at System.Reflection.MethodBaseInvoker.InvokeWithNoArgs(Object obj, BindingFlags invokeAttr)
  ╨Я╤А╨╛╨╣╨┤╨╡╨╜ LiteCad.Tests.CircleToolTests.Circle_UndoRedo [5 ms]
  ╨Я╤А╨╛╨╣╨┤╨╡╨╜ LiteCad.Tests.CircleToolTests.Circle_ClosesContour [4 ms]
  ╨Э╨╡ ╨┐╤А╨╛╨╣╨┤╨╡╨╜ LiteCad.Tests.CircleToolTests.Circle_InvalidInputPreserved [6 ms]
  ╨б╨╛╨╛╨▒╤Й╨╡╨╜╨╕╨╡ ╨╛╨▒ ╨╛╤И╨╕╨▒╨║╨╡:
   System.ArgumentNullException : Value cannot be null. (Parameter 'inputSource')
  ╨в╤А╨░╤Б╤Б╨╕╤А╨╛╨▓╨║╨░ ╤Б╤В╨╡╨║╨░:
     at System.ArgumentNullException.Throw(String paramName)
   at System.ArgumentNullException.ThrowIfNull(Object argument, String paramName)
   at System.Windows.Input.KeyEventArgs..ctor(KeyboardDevice keyboard, PresentationSource inputSource, Int32 timestamp, Key key)
   at LiteCad.Tests.CircleToolTests.CreateEnterKey() in C:\Users\Admin\source\repos\LiteCad\LiteCad.Tests\CircleToolTests.cs:line 300
   at LiteCad.Tests.CircleToolTests.CircleInteractiveHarness.PressEnter() in C:\Users\Admin\source\repos\LiteCad\LiteCad.Tests\CircleToolTests.cs:line 419
   at LiteCad.Tests.CircleToolTests.<>c.<Circle_InvalidInputPreserved>b__14_0() in C:\Users\Admin\source\repos\LiteCad\LiteCad.Tests\CircleToolTests.cs:line 199
   at LiteCad.Tests.CircleToolTests.<>c__DisplayClass21_0.<RunSta>b__0() in C:\Users\Admin\source\repos\LiteCad\LiteCad.Tests\CircleToolTests.cs:line 266
--- End of stack trace from previous location ---
   at LiteCad.Tests.CircleToolTests.RunSta(Action action) in C:\Users\Admin\source\repos\LiteCad\LiteCad.Tests\CircleToolTests.cs:line 280
   at LiteCad.Tests.CircleToolTests.Circle_InvalidInputPreserved() in C:\Users\Admin\source\repos\LiteCad\LiteCad.Tests\CircleToolTests.cs:line 193
   at System.Reflection.MethodBaseInvoker.InterpretedInvoke_Method(Object obj, IntPtr* args)
   at System.Reflection.MethodBaseInvoker.InvokeWithNoArgs(Object obj, BindingFlags invokeAttr)
  ╨Э╨╡ ╨┐╤А╨╛╨╣╨┤╨╡╨╜ LiteCad.Tests.CircleToolTests.Circle_EnterCommitsImmediately [7 ms]
  ╨б╨╛╨╛╨▒╤Й╨╡╨╜╨╕╨╡ ╨╛╨▒ ╨╛╤И╨╕╨▒╨║╨╡:
   System.ArgumentNullException : Value cannot be null. (Parameter 'inputSource')
  ╨в╤А╨░╤Б╤Б╨╕╤А╨╛╨▓╨║╨░ ╤Б╤В╨╡╨║╨░:
     at System.ArgumentNullException.Throw(String paramName)
   at System.ArgumentNullException.ThrowIfNull(Object argument, String paramName)
   at System.Windows.Input.KeyEventArgs..ctor(KeyboardDevice keyboard, PresentationSource inputSource, Int32 timestamp, Key key)
   at LiteCad.Tests.CircleToolTests.CreateEnterKey() in C:\Users\Admin\source\repos\LiteCad\LiteCad.Tests\CircleToolTests.cs:line 300
   at LiteCad.Tests.CircleToolTests.CircleInteractiveHarness.PressEnter() in C:\Users\Admin\source\repos\LiteCad\LiteCad.Tests\CircleToolTests.cs:line 419
   at LiteCad.Tests.CircleToolTests.<>c.<Circle_EnterCommitsImmediately>b__12_0() in C:\Users\Admin\source\repos\LiteCad\LiteCad.Tests\CircleToolTests.cs:line 168
   at LiteCad.Tests.CircleToolTests.<>c__DisplayClass21_0.<RunSta>b__0() in C:\Users\Admin\source\repos\LiteCad\LiteCad.Tests\CircleToolTests.cs:line 266
--- End of stack trace from previous location ---
   at LiteCad.Tests.CircleToolTests.RunSta(Action action) in C:\Users\Admin\source\repos\LiteCad\LiteCad.Tests\CircleToolTests.cs:line 280
   at LiteCad.Tests.CircleToolTests.Circle_EnterCommitsImmediately() in C:\Users\Admin\source\repos\LiteCad\LiteCad.Tests\CircleToolTests.cs:line 162
   at System.Reflection.MethodBaseInvoker.InterpretedInvoke_Method(Object obj, IntPtr* args)
   at System.Reflection.MethodBaseInvoker.InvokeWithNoArgs(Object obj, BindingFlags invokeAttr)
  ╨Я╤А╨╛╨╣╨┤╨╡╨╜ LiteCad.Tests.CircleToolTests.Circle_Creates36Vertices [2 ms]
  ╨Я╤А╨╛╨╣╨┤╨╡╨╜ LiteCad.Tests.PolygonBuilderTests.SyncFaces_SquareWithDiagonal_CreatesTwoFacesSharingDiagonalEdge [3 ms]
  ╨Я╤А╨╛╨╣╨┤╨╡╨╜ LiteCad.Tests.PolygonBuilderTests.SyncFaces_TwoAdjacentSquares_CreatesTwoFacesWithSharedEdge [1 ms]
  ╨Я╤А╨╛╨╣╨┤╨╡╨╜ LiteCad.Tests.PolygonBuilderTests.SyncFaces_SquareWithInnerSquare_CreatesTwoSolidFaces [1 ms]
  ╨Я╤А╨╛╨╣╨┤╨╡╨╜ LiteCad.Tests.PolygonBuilderTests.SyncFaces_InteriorLineWithoutBoundary_DoesNotCreateExtraFace [< 1 ms]
  ╨Я╤А╨╛╨╣╨┤╨╡╨╜ LiteCad.Tests.PolygonBuilderTests.SyncFaces_SuppressedFaceGeometryKey_IsNotRecreated [< 1 ms]
  ╨Я╤А╨╛╨╣╨┤╨╡╨╜ LiteCad.Tests.PolygonBuilderTests.SyncFaces_TwoTrianglesFromDiagonal_SumAreaEqualsSquareArea [< 1 ms]
  ╨Я╤А╨╛╨╣╨┤╨╡╨╜ LiteCad.Tests.PolygonBuilderTests.SyncFaces_SimpleSquare_CreatesOneFaceWithFourEdges [< 1 ms]
  ╨Я╤А╨╛╨╣╨┤╨╡╨╜ LiteCad.Tests.RotateToolTests.RotateTool_RequiresSelection [3 ms]
  ╨Я╤А╨╛╨╣╨┤╨╡╨╜ LiteCad.Tests.RotateToolTests.RotateTool_UndoRedo [7 ms]
  ╨Я╤А╨╛╨╣╨┤╨╡╨╜ LiteCad.Tests.RotateToolTests.RotateOperations_RotatesEdge90DegreesAroundOrigin [< 1 ms]
  ╨Я╤А╨╛╨╣╨┤╨╡╨╜ LiteCad.Tests.RotateToolTests.RotateTool_PreviewDoesNotModifyDocument [2 ms]
  ╨Я╤А╨╛╨╣╨┤╨╡╨╜ LiteCad.Tests.RotateToolTests.RotateTool_RightClickCancelsPreview [1 ms]
  ╨Я╤А╨╛╨╣╨┤╨╡╨╜ LiteCad.Tests.RotateToolTests.RotateTool_CommitRotatesSelection [1 ms]
[xUnit.net 00:00:01.13]     LiteCad.Tests.MoveExactInputEnterCommitTests.MoveInput_ClearsAfterSuccessfulEnter [FAIL]
[xUnit.net 00:00:01.13]       System.ArgumentNullException : Value cannot be null. (Parameter 'inputSource')
[xUnit.net 00:00:01.13]       Stack Trace:
[xUnit.net 00:00:01.13]            at System.ArgumentNullException.Throw(String paramName)
[xUnit.net 00:00:01.13]            at System.ArgumentNullException.ThrowIfNull(Object argument, String paramName)
[xUnit.net 00:00:01.13]            at System.Windows.Input.KeyEventArgs..ctor(KeyboardDevice keyboard, PresentationSource inputSource, Int32 timestamp, Key key)
[xUnit.net 00:00:01.13]         C:\Users\Admin\source\repos\LiteCad\LiteCad.Tests\MoveExactInputEnterCommitTests.cs(384,0): at LiteCad.Tests.MoveExactInputEnterCommitTests.MoveExactInputEnterCommitTestHost.PressDistanceEnter()
[xUnit.net 00:00:01.13]         C:\Users\Admin\source\repos\LiteCad\LiteCad.Tests\MoveExactInputEnterCommitTests.cs(99,0): at LiteCad.Tests.MoveExactInputEnterCommitTests.<>c.<MoveInput_ClearsAfterSuccessfulEnter>b__5_0()
[xUnit.net 00:00:01.13]         C:\Users\Admin\source\repos\LiteCad\LiteCad.Tests\MoveExactInputEnterCommitTests.cs(247,0): at LiteCad.Tests.MoveExactInputEnterCommitTests.<>c__DisplayClass15_0.<RunSta>b__0()
[xUnit.net 00:00:01.13]         --- End of stack trace from previous location ---
[xUnit.net 00:00:01.13]         C:\Users\Admin\source\repos\LiteCad\LiteCad.Tests\MoveExactInputEnterCommitTests.cs(261,0): at LiteCad.Tests.MoveExactInputEnterCommitTests.RunSta(Action action)
[xUnit.net 00:00:01.13]         C:\Users\Admin\source\repos\LiteCad\LiteCad.Tests\MoveExactInputEnterCommitTests.cs(91,0): at LiteCad.Tests.MoveExactInputEnterCommitTests.MoveInput_ClearsAfterSuccessfulEnter()
[xUnit.net 00:00:01.13]            at System.Reflection.MethodBaseInvoker.InterpretedInvoke_Method(Object obj, IntPtr* args)
[xUnit.net 00:00:01.13]            at System.Reflection.MethodBaseInvoker.InvokeWithNoArgs(Object obj, BindingFlags invokeAttr)
  ╨Я╤А╨╛╨╣╨┤╨╡╨╜ LiteCad.Tests.MoveExactInputEnterCommitTests.MoveOrtho_ExactDistance_EnterCommitsImmediately [9 ms]
  ╨Я╤А╨╛╨╣╨┤╨╡╨╜ LiteCad.Tests.MoveExactInputEnterCommitTests.MoveXY_ExactInput_EnterCommitsImmediately [7 ms]
  ╨Я╤А╨╛╨╣╨┤╨╡╨╜ LiteCad.Tests.MoveExactInputEnterCommitTests.RedoAfterEnterCommit_RestoresMovedState [7 ms]
  ╨Я╤А╨╛╨╣╨┤╨╡╨╜ LiteCad.Tests.MoveExactInputEnterCommitTests.MoveVertex_ExactDistance_EnterCommitsImmediately [10 ms]
  ╨Э╨╡ ╨┐╤А╨╛╨╣╨┤╨╡╨╜ LiteCad.Tests.MoveExactInputEnterCommitTests.MoveInput_ClearsAfterSuccessfulEnter [6 ms]
  ╨б╨╛╨╛╨▒╤Й╨╡╨╜╨╕╨╡ ╨╛╨▒ ╨╛╤И╨╕╨▒╨║╨╡:
   System.ArgumentNullException : Value cannot be null. (Parameter 'inputSource')
  ╨в╤А╨░╤Б╤Б╨╕╤А╨╛╨▓╨║╨░ ╤Б╤В╨╡╨║╨░:
     at System.ArgumentNullException.Throw(String paramName)
   at System.ArgumentNullException.ThrowIfNull(Object argument, String paramName)
   at System.Windows.Input.KeyEventArgs..ctor(KeyboardDevice keyboard, PresentationSource inputSource, Int32 timestamp, Key key)
   at LiteCad.Tests.MoveExactInputEnterCommitTests.MoveExactInputEnterCommitTestHost.PressDistanceEnter() in C:\Users\Admin\source\repos\LiteCad\LiteCad.Tests\MoveExactInputEnterCommitTests.cs:line 384
   at LiteCad.Tests.MoveExactInputEnterCommitTests.<>c.<MoveInput_ClearsAfterSuccessfulEnter>b__5_0() in C:\Users\Admin\source\repos\LiteCad\LiteCad.Tests\MoveExactInputEnterCommitTests.cs:line 99
   at LiteCad.Tests.MoveExactInputEnterCommitTests.<>c__DisplayClass15_0.<RunSta>b__0() in C:\Users\Admin\source\repos\LiteCad\LiteCad.Tests\MoveExactInputEnterCommitTests.cs:line 247
--- End of stack trace from previous location ---
   at LiteCad.Tests.MoveExactInputEnterCommitTests.RunSta(Action action) in C:\Users\Admin\source\repos\LiteCad\LiteCad.Tests\MoveExactInputEnterCommitTests.cs:line 261
   at LiteCad.Tests.MoveExactInputEnterCommitTests.MoveInput_ClearsAfterSuccessfulEnter() in C:\Users\Admin\source\repos\LiteCad\LiteCad.Tests\MoveExactInputEnterCommitTests.cs:line 91
   at System.Reflection.MethodBaseInvoker.InterpretedInvoke_Method(Object obj, IntPtr* args)
   at System.Reflection.MethodBaseInvoker.InvokeWithNoArgs(Object obj, BindingFlags invokeAttr)
  ╨Я╤А╨╛╨╣╨┤╨╡╨╜ LiteCad.Tests.MoveExactInputEnterCommitTests.MoveMouseOnly_StillRequiresSecondClick [8 ms]
  ╨Я╤А╨╛╨╣╨┤╨╡╨╜ LiteCad.Tests.MoveExactInputEnterCommitTests.MoveObject_ExactDistance_EnterCommitsImmediately [6 ms]
  ╨Я╤А╨╛╨╣╨┤╨╡╨╜ LiteCad.Tests.MoveExactInputEnterCommitTests.UndoAfterEnterCommit_IsSingleOperation [6 ms]
  ╨Я╤А╨╛╨╣╨┤╨╡╨╜ LiteCad.Tests.MoveExactInputEnterCommitTests.EnterDoesNotCommitTwice [6 ms]
[xUnit.net 00:00:01.17]     LiteCad.Tests.MoveExactInputEnterCommitTests.MoveAfterExactCommit_StartsWithEmptyInput [FAI
L]
[xUnit.net 00:00:01.17]       System.ArgumentNullException : Value cannot be null. (Parameter 'inputSource')
[xUnit.net 00:00:01.17]       Stack Trace:
[xUnit.net 00:00:01.17]            at System.ArgumentNullException.Throw(String paramName)
[xUnit.net 00:00:01.17]            at System.ArgumentNullException.ThrowIfNull(Object argument, String paramName)
[xUnit.net 00:00:01.17]            at System.Windows.Input.KeyEventArgs..ctor(KeyboardDevice keyboard, PresentationSource inputSource, Int32 timestamp, Key key)
[xUnit.net 00:00:01.17]         C:\Users\Admin\source\repos\LiteCad\LiteCad.Tests\MoveExactInputEnterCommitTests.cs(384,0): at LiteCad.Tests.MoveExactInputEnterCommitTests.MoveExactInputEnterCommitTestHost.PressDistanceEnter()
[xUnit.net 00:00:01.17]         C:\Users\Admin\source\repos\LiteCad\LiteCad.Tests\MoveExactInputEnterCommitTests.cs(131,0): at LiteCad.Tests.MoveExactInputEnterCommitTests.<>c.<MoveAfterExactCommit_StartsWithEmptyInput>b__7_0()
[xUnit.net 00:00:01.17]         C:\Users\Admin\source\repos\LiteCad\LiteCad.Tests\MoveExactInputEnterCommitTests.cs(247,0): at LiteCad.Tests.MoveExactInputEnterCommitTests.<>c__DisplayClass15_0.<RunSta>b__0()
[xUnit.net 00:00:01.17]         --- End of stack trace from previous location ---
[xUnit.net 00:00:01.17]         C:\Users\Admin\source\repos\LiteCad\LiteCad.Tests\MoveExactInputEnterCommitTests.cs(261,0): at LiteCad.Tests.MoveExactInputEnterCommitTests.RunSta(Action action)
[xUnit.net 00:00:01.17]         C:\Users\Admin\source\repos\LiteCad\LiteCad.Tests\MoveExactInputEnterCommitTests.cs(124,0): at LiteCad.Tests.MoveExactInputEnterCommitTests.MoveAfterExactCommit_StartsWithEmptyInput()
[xUnit.net 00:00:01.17]            at System.Reflection.MethodBaseInvoker.InterpretedInvoke_Method(Object obj, IntPtr* args)
[xUnit.net 00:00:01.17]            at System.Reflection.MethodBaseInvoker.InvokeWithNoArgs(Object obj, BindingFlags invokeAttr)
[xUnit.net 00:00:01.17]     LiteCad.Tests.MoveExactInputEnterCommitTests.MoveInput_InvalidValueIsNotCleared [FAIL]
[xUnit.net 00:00:01.17]       System.ArgumentNullException : Value cannot be null. (Parameter 'inputSource')
[xUnit.net 00:00:01.17]       Stack Trace:
[xUnit.net 00:00:01.17]            at System.ArgumentNullException.Throw(String paramName)
[xUnit.net 00:00:01.17]            at System.ArgumentNullException.ThrowIfNull(Object argument, String paramName)
[xUnit.net 00:00:01.17]            at System.Windows.Input.KeyEventArgs..ctor(KeyboardDevice keyboard, PresentationSource inputSource, Int32 timestamp, Key key)
[xUnit.net 00:00:01.17]         C:\Users\Admin\source\repos\LiteCad\LiteCad.Tests\MoveExactInputEnterCommitTests.cs(384,0): at LiteCad.Tests.MoveExactInputEnterCommitTests.MoveExactInputEnterCommitTestHost.PressDistanceEnter()
[xUnit.net 00:00:01.17]         C:\Users\Admin\source\repos\LiteCad\LiteCad.Tests\MoveExactInputEnterCommitTests.cs(115,0): at LiteCad.Tests.MoveExactInputEnterCommitTests.<>c.<MoveInput_InvalidValueIsNotCleared>b__6_0()
[xUnit.net 00:00:01.17]         C:\Users\Admin\source\repos\LiteCad\LiteCad.Tests\MoveExactInputEnterCommitTests.cs(247,0): at LiteCad.Tests.MoveExactInputEnterCommitTests.<>c__DisplayClass15_0.<RunSta>b__0()
[xUnit.net 00:00:01.17]         --- End of stack trace from previous location ---
[xUnit.net 00:00:01.17]         C:\Users\Admin\source\repos\LiteCad\LiteCad.Tests\MoveExactInputEnterCommitTests.cs(261,0): at LiteCad.Tests.MoveExactInputEnterCommitTests.RunSta(Action action)
[xUnit.net 00:00:01.17]         C:\Users\Admin\source\repos\LiteCad\LiteCad.Tests\MoveExactInputEnterCommitTests.cs(107,0): at LiteCad.Tests.MoveExactInputEnterCommitTests.MoveInput_InvalidValueIsNotCleared()
[xUnit.net 00:00:01.17]            at System.Reflection.MethodBaseInvoker.InterpretedInvoke_Method(Object obj, IntPtr* args)
[xUnit.net 00:00:01.17]            at System.Reflection.MethodBaseInvoker.InvokeWithNoArgs(Object obj, BindingFlags invokeAttr)
  ╨Э╨╡ ╨┐╤А╨╛╨╣╨┤╨╡╨╜ LiteCad.Tests.MoveExactInputEnterCommitTests.MoveAfterExactCommit_StartsWithEmptyInput [6 ms]
  ╨б╨╛╨╛╨▒╤Й╨╡╨╜╨╕╨╡ ╨╛╨▒ ╨╛╤И╨╕╨▒╨║╨╡:
   System.ArgumentNullException : Value cannot be null. (Parameter 'inputSource')
  ╨в╤А╨░╤Б╤Б╨╕╤А╨╛╨▓╨║╨░ ╤Б╤В╨╡╨║╨░:
     at System.ArgumentNullException.Throw(String paramName)
   at System.ArgumentNullException.ThrowIfNull(Object argument, String paramName)
   at System.Windows.Input.KeyEventArgs..ctor(KeyboardDevice keyboard, PresentationSource inputSource, Int32 timestamp, Key key)
   at LiteCad.Tests.MoveExactInputEnterCommitTests.MoveExactInputEnterCommitTestHost.PressDistanceEnter() in C:\Users\Admin\source\repos\LiteCad\LiteCad.Tests\MoveExactInputEnterCommitTests.cs:line 384
   at LiteCad.Tests.MoveExactInputEnterCommitTests.<>c.<MoveAfterExactCommit_StartsWithEmptyInput>b__7_0() in C:\Users\Admin\source\repos\LiteCad\LiteCad.Tests\MoveExactInputEnterCommitTests.cs:line 131
   at LiteCad.Tests.MoveExactInputEnterCommitTests.<>c__DisplayClass15_0.<RunSta>b__0() in C:\Users\Admin\source\repos\LiteCad\LiteCad.Tests\MoveExactInputEnterCommitTests.cs:line 247
--- End of stack trace from previous location ---
   at LiteCad.Tests.MoveExactInputEnterCommitTests.RunSta(Action action) in C:\Users\Admin\source\repos\LiteCad\LiteCad.Tests\MoveExactInputEnterCommitTests.cs:line 261
   at LiteCad.Tests.MoveExactInputEnterCommitTests.MoveAfterExactCommit_StartsWithEmptyInput() in C:\Users\Admin\source\repos\LiteCad\LiteCad.Tests\MoveExactInputEnterCommitTests.cs:line 124
   at System.Reflection.MethodBaseInvoker.InterpretedInvoke_Method(Object obj, IntPtr* args)
   at System.Reflection.MethodBaseInvoker.InvokeWithNoArgs(Object obj, BindingFlags invokeAttr)
  ╨Э╨╡ ╨┐╤А╨╛╨╣╨┤╨╡╨╜ LiteCad.Tests.MoveExactInputEnterCommitTests.MoveInput_InvalidValueIsNotCleared [6 ms]
  ╨б╨╛╨╛╨▒╤Й╨╡╨╜╨╕╨╡ ╨╛╨▒ ╨╛╤И╨╕╨▒╨║╨╡:
   System.ArgumentNullException : Value cannot be null. (Parameter 'inputSource')
  ╨в╤А╨░╤Б╤Б╨╕╤А╨╛╨▓╨║╨░ ╤Б╤В╨╡╨║╨░:
     at System.ArgumentNullException.Throw(String paramName)
   at System.ArgumentNullException.ThrowIfNull(Object argument, String paramName)
   at System.Windows.Input.KeyEventArgs..ctor(KeyboardDevice keyboard, PresentationSource inputSource, Int32 timestamp, Key key)
   at LiteCad.Tests.MoveExactInputEnterCommitTests.MoveExactInputEnterCommitTestHost.PressDistanceEnter() in C:\Users\Admin\source\repos\LiteCad\LiteCad.Tests\MoveExactInputEnterCommitTests.cs:line 384
   at LiteCad.Tests.MoveExactInputEnterCommitTests.<>c.<MoveInput_InvalidValueIsNotCleared>b__6_0() in C:\Users\Admin\source\repos\LiteCad\LiteCad.Tests\MoveExactInputEnterCommitTests.cs:line 115
   at LiteCad.Tests.MoveExactInputEnterCommitTests.<>c__DisplayClass15_0.<RunSta>b__0() in C:\Users\Admin\source\repos\LiteCad\LiteCad.Tests\MoveExactInputEnterCommitTests.cs:line 247
--- End of stack trace from previous location ---
   at LiteCad.Tests.MoveExactInputEnterCommitTests.RunSta(Action action) in C:\Users\Admin\source\repos\LiteCad\LiteCad.Tests\MoveExactInputEnterCommitTests.cs:line 261
   at LiteCad.Tests.MoveExactInputEnterCommitTests.MoveInput_InvalidValueIsNotCleared() in C:\Users\Admin\source\repos\LiteCad\LiteCad.Tests\MoveExactInputEnterCommitTests.cs:line 107
   at System.Reflection.MethodBaseInvoker.InterpretedInvoke_Method(Object obj, IntPtr* args)
   at System.Reflection.MethodBaseInvoker.InvokeWithNoArgs(Object obj, BindingFlags invokeAttr)
  ╨Я╤А╨╛╨╣╨┤╨╡╨╜ LiteCad.Tests.HandToolTests.Pan_DoesNotRecordUndo [5 ms]
  ╨Я╤А╨╛╨╣╨┤╨╡╨╜ LiteCad.Tests.HandToolTests.Pan_DoesNotModifyDocumentTopology [2 ms]
  ╨Я╤А╨╛╨╣╨┤╨╡╨╜ LiteCad.Tests.HandToolTests.Pan_ScreenDeltaIsIndependentOfZoom [1 ms]
  ╨Я╤А╨╛╨╣╨┤╨╡╨╜ LiteCad.Tests.HandToolTests.Pan_UpdatesPanOffsetByScreenDelta [< 1 ms]
  ╨Я╤А╨╛╨╣╨┤╨╡╨╜ LiteCad.Tests.HandToolTests.AfterHandTool_DeactivatedLineToolStillCreatesEdge [3 ms]
  ╨Я╤А╨╛╨╣╨┤╨╡╨╜ LiteCad.Tests.SnapTopologyDiagnosticsTests.Square_DoesNotCreateDuplicateVertexPositionsWithinTolerance [7 ms]
  ╨б╤В╨░╨╜╨┤╨░╤А╤В╨╜╤Л╨╡ ╨▓╤Л╤Е╨╛╨┤╨╜╤Л╨╡ ╤Б╨╛╨╛╨▒╤Й╨╡╨╜╨╕╤П:
 === Exact LineTool square (tolerance=12) ===
 Edge count: 4
 Vertex count: 4
 
 Canonical vertices:
   bf30a2fc-895d-4126-a75d-30b574c50c03: (0, 0)
   b29977d6-36e3-4d96-9d43-4459e4d6a54a: (100, 0)
   723a46e2-ce2f-4f65-8c24-d9cc52d8d431: (100, 100)
   27e15cf5-c85d-4cd8-ae60-29ef86a64714: (0, 100)
 
 All Edge endpoints:
   6f1bbbb8-5a8b-4280-a8b5-b32c37cb62c2: Start=(0, 0) End=(100, 0)
   07f28cf3-3cbc-48e4-9b51-aad66cf4d3fc: Start=(100, 0) End=(100, 100)
   37e34100-1dcc-46ff-a04e-4d7bf9f8a2ea: Start=(100, 100) End=(0, 100)
   047720af-90c8-451c-a3f7-a01d621d6470: Start=(0, 100) End=(0, 0)
 
 Expected corners: 4
   Corner (0, 0): visible-snaps=1, vertex-snaps=1
   Corner (0, 100): visible-snaps=1, vertex-snaps=1
   Corner (100, 0): visible-snaps=1, vertex-snaps=1
   Corner (100, 100): visible-snaps=1, vertex-snaps=1
 


  ╨Я╤А╨╛╨╣╨┤╨╡╨╜ LiteCad.Tests.SnapTopologyDiagnosticsTests.Square_ImpreciseCornerEndpoints_PreservesDistinctTopologyVertices [1 ms]
  ╨б╤В╨░╨╜╨┤╨░╤А╤В╨╜╤Л╨╡ ╨▓╤Л╤Е╨╛╨┤╨╜╤Л╨╡ ╤Б╨╛╨╛╨▒╤Й╨╡╨╜╨╕╤П:
 === Imprecise corner square (tolerance=12) ===
 Edge count: 5
 Vertex count: 6
 
 Canonical vertices:
   820b3567-5c2a-4392-9c48-5f4ec7c80811: (0, 0)
   5cb8392c-c49c-440b-aeda-50f071287bc4: (100, 0)
   9e1c08b6-2f82-4cf9-bf56-5706371fcbb2: (100, 0,0010000000474974513)
   6eac96ef-7d8c-4327-a53e-0c5d4c860f45: (100, 100)
   6d968d52-c9ee-4be1-b385-925bbc35b0ae: (0, 99,999000549316406)
   b5b553db-0d2f-4408-94f5-2ee0f3f9eb26: (0, 100)
 
 All Edge endpoints:
   13183373-2b16-4daf-b6ee-2b7ce690137d: Start=(0, 0) End=(100, 0)
   a5ce1c66-cd60-4597-b31e-efc88ee370f8: Start=(100, 0,0010000000474974513) End=(100, 100)
   01cb9f93-a781-4abf-aed1-f89db5add982: Start=(100, 100) End=(0, 99,999000549316406)
   c5f192b8-08d1-45e6-b236-b2cd2a4d3d4f: Start=(0, 100) End=(0, 99,999000549316406)
   a276e930-f99e-4de5-8041-c2eb7262e645: Start=(0, 99,999000549316406) End=(0, 0)
 
 Expected corners: 6
   Corner (0, 0): visible-snaps=1, vertex-snaps=1
   Corner (0, 99,9990005): visible-snaps=1, vertex-snaps=1
   Corner (0, 100): visible-snaps=1, vertex-snaps=1
   Corner (100, 0): visible-snaps=1, vertex-snaps=1
   Corner (100, 0,00100000005): visible-snaps=1, vertex-snaps=1
   Corner (100, 100): visible-snaps=1, vertex-snaps=1
 


[xUnit.net 00:00:01.22]     LiteCad.Tests.StretchToolTests.StretchDistanceInput_InvalidValuePreserved [FAIL]
[xUnit.net 00:00:01.22]       System.ArgumentNullException : Value cannot be null. (Parameter 'inputSource')
[xUnit.net 00:00:01.22]       Stack Trace:
[xUnit.net 00:00:01.22]            at System.ArgumentNullException.Throw(String paramName)
[xUnit.net 00:00:01.22]            at System.ArgumentNullException.ThrowIfNull(Object argument, String paramName)
[xUnit.net 00:00:01.22]            at System.Windows.Input.KeyEventArgs..ctor(KeyboardDevice keyboard, PresentationSource inputSource, Int32 timestamp, Key key)
[xUnit.net 00:00:01.22]         C:\Users\Admin\source\repos\LiteCad\LiteCad.Tests\StretchToolTests.cs(704,0): at LiteCad.Tests.StretchToolTests.StretchHarness.PressDistanceEnter()
[xUnit.net 00:00:01.22]         C:\Users\Admin\source\repos\LiteCad\LiteCad.Tests\StretchToolTests.cs(363,0): at LiteCad.Tests.StretchToolTests.<>c.<StretchDistanceInput_InvalidValuePreserved>b__22_0()
[xUnit.net 00:00:01.22]         C:\Users\Admin\source\repos\LiteCad\LiteCad.Tests\StretchToolTests.cs(588,0): at LiteCad.Tests.StretchToolTests.<>c__DisplayClass40_0.<RunSta>b__0()
[xUnit.net 00:00:01.22]         --- End of stack trace from previous location ---
[xUnit.net 00:00:01.22]         C:\Users\Admin\source\repos\LiteCad\LiteCad.Tests\StretchToolTests.cs(602,0): at LiteCad.Tests.StretchToolTests.RunSta(Action action)
[xUnit.net 00:00:01.22]         C:\Users\Admin\source\repos\LiteCad\LiteCad.Tests\StretchToolTests.cs(355,0): at LiteCad.Tests.StretchToolTests.StretchDistanceInput_InvalidValuePreserved()
[xUnit.net 00:00:01.22]            at System.Reflection.MethodBaseInvoker.InterpretedInvoke_Method(Object obj, IntPtr* args)
[xUnit.net 00:00:01.22]            at System.Reflection.MethodBaseInvoker.InvokeWithNoArgs(Object obj, BindingFlags invokeAttr)
  ╨Я╤А╨╛╨╣╨┤╨╡╨╜ LiteCad.Tests.SnapTopologyDiagnosticsTests.Square_ScreenSpaceCoordinates_ReportsTopology [< 1 ms]
  ╨б╤В╨░╨╜╨┤╨░╤А╤В╨╜╤Л╨╡ ╨▓╤Л╤Е╨╛╨┤╨╜╤Л╨╡ ╤Б╨╛╨╛╨▒╤Й╨╡╨╜╨╕╤П:
 === Screen-space square (tolerance=12) ===
 Edge count: 4
 Vertex count: 4
 
 Canonical vertices:
   befc20d0-5896-46a8-b945-00db7ca15097: (-100, 100)
   8ea951ad-4cd1-4308-9093-0ff2b959c364: (100, 100)
   ffe4fd71-f4ee-4f83-875e-5a0b9faf57dc: (100, -100)
   73862afc-8117-4e26-9590-ca2fc3b16636: (-100, -100)
 
 All Edge endpoints:
   d2350d5d-88f4-4a55-be3d-0005152daac7: Start=(-100, 100) End=(100, 100)
   743c9b60-1a84-4d26-9b4d-dde9f5c2a509: Start=(100, 100) End=(100, -100)
   150824b8-780d-4a00-a694-24e745b64fee: Start=(100, -100) End=(-100, -100)
   52e01049-059b-41cb-8617-e5add64b3de7: Start=(-100, -100) End=(-100, 100)
 
 Expected corners: 4
   Corner (-100, -100): visible-snaps=1, vertex-snaps=1
   Corner (-100, 100): visible-snaps=1, vertex-snaps=1
   Corner (100, -100): visible-snaps=1, vertex-snaps=1
   Corner (100, 100): visible-snaps=1, vertex-snaps=1
 


  ╨Я╤А╨╛╨╣╨┤╨╡╨╜ LiteCad.Tests.SnapTopologyDiagnosticsTests.Square_RealisticClickJitter_ProducesOneVertexSnapAtCorner [6 ms]
  ╨б╤В╨░╨╜╨┤╨░╤А╤В╨╜╤Л╨╡ ╨▓╤Л╤Е╨╛╨┤╨╜╤Л╨╡ ╤Б╨╛╨╛╨▒╤Й╨╡╨╜╨╕╤П:
 Realistic jitter at (0,0):
   canonical vertices: 5
   visible snaps: 1
   vertex snaps: 1


  ╨Я╤А╨╛╨╣╨┤╨╡╨╜ LiteCad.Tests.StretchToolTests.ApplyStretch_UndoRedo [2 ms]
  ╨Я╤А╨╛╨╣╨┤╨╡╨╜ LiteCad.Tests.StretchToolTests.StretchTool_InvalidEdge_HasNoPlan [3 ms]
  ╨Я╤А╨╛╨╣╨┤╨╡╨╜ LiteCad.Tests.StretchToolTests.StretchRejectsNonParallelConnections [< 1 ms]
  ╨Э╨╡ ╨┐╤А╨╛╨╣╨┤╨╡╨╜ LiteCad.Tests.StretchToolTests.StretchDistanceInput_InvalidValuePreserved [9 ms]
  ╨б╨╛╨╛╨▒╤Й╨╡╨╜╨╕╨╡ ╨╛╨▒ ╨╛╤И╨╕╨▒╨║╨╡:
   System.ArgumentNullException : Value cannot be null. (Parameter 'inputSource')
  ╨в╤А╨░╤Б╤Б╨╕╤А╨╛╨▓╨║╨░ ╤Б╤В╨╡╨║╨░:
     at System.ArgumentNullException.Throw(String paramName)
   at System.ArgumentNullException.ThrowIfNull(Object argument, String paramName)
   at System.Windows.Input.KeyEventArgs..ctor(KeyboardDevice keyboard, PresentationSource inputSource, Int32 timestamp, Key key)
   at LiteCad.Tests.StretchToolTests.StretchHarness.PressDistanceEnter() in C:\Users\Admin\source\repos\LiteCad\LiteCad.Tests\StretchToolTests.cs:line 704
   at LiteCad.Tests.StretchToolTests.<>c.<StretchDistanceInput_InvalidValuePreserved>b__22_0() in C:\Users\Admin\source\repos\LiteCad\LiteCad.Tests\StretchToolTests.cs:line 363
   at LiteCad.Tests.StretchToolTests.<>c__DisplayClass40_0.<RunSta>b__0() in C:\Users\Admin\source\repos\LiteCad\LiteCad.Tests\StretchToolTests.cs:line 588
--- End of stack trace from previous location ---
   at LiteCad.Tests.StretchToolTests.RunSta(Action action) in C:\Users\Admin\source\repos\LiteCad\LiteCad.Tests\StretchToolTests.cs:line 602
   at LiteCad.Tests.StretchToolTests.StretchDistanceInput_InvalidValuePreserved() in C:\Users\Admin\source\repos\LiteCad\LiteCad.Tests\StretchToolTests.cs:line 355
   at System.Reflection.MethodBaseInvoker.InterpretedInvoke_Method(Object obj, IntPtr* args)
   at System.Reflection.MethodBaseInvoker.InvokeWithNoArgs(Object obj, BindingFlags invokeAttr)
  ╨Я╤А╨╛╨╣╨┤╨╡╨╜ LiteCad.Tests.StretchToolTests.StretchPreservesConnectedPerpendicularEdges [8 ms]
  ╨Я╤А╨╛╨╣╨┤╨╡╨╜ LiteCad.Tests.StretchToolTests.ApplyStretch_RebuildsFace [< 1 ms]
  ╨Я╤А╨╛╨╣╨┤╨╡╨╜ LiteCad.Tests.StretchToolTests.StretchTool_CommitStretchesRectangle [1 ms]
  ╨Я╤А╨╛╨╣╨┤╨╡╨╜ LiteCad.Tests.StretchToolTests.ApplyStretch_PreservesOuterVertices [< 1 ms]
  ╨Я╤А╨╛╨╣╨┤╨╡╨╜ LiteCad.Tests.StretchToolTests.TryCreatePlan_IsolatedEdge_Fails [< 1 ms]
  ╨Я╤А╨╛╨╣╨┤╨╡╨╜ LiteCad.Tests.StretchToolTests.Stretch_RightClick_StaysInStretchTool [6 ms]
  ╨Я╤А╨╛╨╣╨┤╨╡╨╜ LiteCad.Tests.StretchToolTests.ValidRoomWallStretchStillWorks [7 ms]
  ╨Я╤А╨╛╨╣╨┤╨╡╨╜ LiteCad.Tests.StretchToolTests.Stretch_RightClick_ClearsSelection [5 ms]
  ╨Я╤А╨╛╨╣╨┤╨╡╨╜ LiteCad.Tests.StretchToolTests.StretchRejectsNonPerpendicularConnections [< 1 ms]
  ╨Я╤А╨╛╨╣╨┤╨╡╨╜ LiteCad.Tests.StretchToolTests.StretchDistanceInput_NegativeDirection_UsesPositiveDistance [6 ms]
  ╨Я╤А╨╛╨╣╨┤╨╡╨╜ LiteCad.Tests.StretchToolTests.StretchPreviewDoesNotMutateDocument [6 ms]
  ╨Я╤А╨╛╨╣╨┤╨╡╨╜ LiteCad.Tests.StretchToolTests.StretchTool_PreviewDoesNotMutateDocument [1 ms]
[xUnit.net 00:00:01.29]       System.ArgumentNullException : Value cannot be null. (Parameter 'inputSource')
[xUnit.net 00:00:01.29]       Stack Trace:
[xUnit.net 00:00:01.29]            at System.ArgumentNullException.Throw(String paramName)
[xUnit.net 00:00:01.29]     LiteCad.Tests.StretchToolTests.StretchDistanceInput_ClearsAfterCommit [FAIL]
[xUnit.net 00:00:01.29]            at System.ArgumentNullException.ThrowIfNull(Object argument, String paramName)
[xUnit.net 00:00:01.29]            at System.Windows.Input.KeyEventArgs..ctor(KeyboardDevice keyboard, PresentationSource inputSource, Int32 timestamp, Key key)
[xUnit.net 00:00:01.29]         C:\Users\Admin\source\repos\LiteCad\LiteCad.Tests\StretchToolTests.cs(704,0): at LiteCad.Tests.StretchToolTests.StretchHarness.PressDistanceEnter()
[xUnit.net 00:00:01.29]         C:\Users\Admin\source\repos\LiteCad\LiteCad.Tests\StretchToolTests.cs(347,0): at LiteCad.Tests.StretchToolTests.<>c.<StretchDistanceInput_ClearsAfterCommit>b__21_0()
[xUnit.net 00:00:01.29]         C:\Users\Admin\source\repos\LiteCad\LiteCad.Tests\StretchToolTests.cs(588,0): at LiteCad.Tests.StretchToolTests.<>c__DisplayClass40_0.<RunSta>b__0()
[xUnit.net 00:00:01.29]         --- End of stack trace from previous location ---
[xUnit.net 00:00:01.29]         C:\Users\Admin\source\repos\LiteCad\LiteCad.Tests\StretchToolTests.cs(602,0): at LiteCad.Tests.StretchToolTests.RunSta(Action action)
[xUnit.net 00:00:01.29]         C:\Users\Admin\source\repos\LiteCad\LiteCad.Tests\StretchToolTests.cs(339,0): at LiteCad.Tests.StretchToolTests.StretchDistanceInput_ClearsAfterCommit()
[xUnit.net 00:00:01.29]            at System.Reflection.MethodBaseInvoker.InterpretedInvoke_Method(Object obj, IntPtr* args)
[xUnit.net 00:00:01.29]            at System.Reflection.MethodBaseInvoker.InvokeWithNoArgs(Object obj, BindingFlags invokeAttr)
  ╨Я╤А╨╛╨╣╨┤╨╡╨╜ LiteCad.Tests.StretchToolTests.Stretch_EnterCreatesSingleUndo [6 ms]
  ╨Я╤А╨╛╨╣╨┤╨╡╨╜ LiteCad.Tests.StretchToolTests.Stretch_LeftClick_InvalidEdgeDoesNothing [5 ms]
  ╨Я╤А╨╛╨╣╨┤╨╡╨╜ LiteCad.Tests.StretchToolTests.ApplyStretch_ProjectsDeltaOntoNormal [< 1 ms]
  ╨Э╨╡ ╨┐╤А╨╛╨╣╨┤╨╡╨╜ LiteCad.Tests.StretchToolTests.StretchDistanceInput_ClearsAfterCommit [6 ms]
  ╨б╨╛╨╛╨▒╤Й╨╡╨╜╨╕╨╡ ╨╛╨▒ ╨╛╤И╨╕╨▒╨║╨╡:
   System.ArgumentNullException : Value cannot be null. (Parameter 'inputSource')
  ╨в╤А╨░╤Б╤Б╨╕╤А╨╛╨▓╨║╨░ ╤Б╤В╨╡╨║╨░:
     at System.ArgumentNullException.Throw(String paramName)
   at System.ArgumentNullException.ThrowIfNull(Object argument, String paramName)
   at System.Windows.Input.KeyEventArgs..ctor(KeyboardDevice keyboard, PresentationSource inputSource, Int32 timestamp, Key key)
   at LiteCad.Tests.StretchToolTests.StretchHarness.PressDistanceEnter() in C:\Users\Admin\source\repos\LiteCad\LiteCad.Tests\StretchToolTests.cs:line 704
   at LiteCad.Tests.StretchToolTests.<>c.<StretchDistanceInput_ClearsAfterCommit>b__21_0() in C:\Users\Admin\source\repos\LiteCad\LiteCad.Tests\StretchToolTests.cs:line 347
   at LiteCad.Tests.StretchToolTests.<>c__DisplayClass40_0.<RunSta>b__0() in C:\Users\Admin\source\repos\LiteCad\LiteCad.Tests\StretchToolTests.cs:line 588
--- End of stack trace from previous location ---
   at LiteCad.Tests.StretchToolTests.RunSta(Action action) in C:\Users\Admin\source\repos\LiteCad\LiteCad.Tests\StretchToolTests.cs:line 602
   at LiteCad.Tests.StretchToolTests.StretchDistanceInput_ClearsAfterCommit() in C:\Users\Admin\source\repos\LiteCad\LiteCad.Tests\StretchToolTests.cs:line 339
   at System.Reflection.MethodBaseInvoker.InterpretedInvoke_Method(Object obj, IntPtr* args)
   at System.Reflection.MethodBaseInvoker.InvokeWithNoArgs(Object obj, BindingFlags invokeAttr)
  ╨Я╤А╨╛╨╣╨┤╨╡╨╜ LiteCad.Tests.StretchToolTests.TryCreatePlan_LShapeCorner_Fails [< 1 ms]
  ╨Я╤А╨╛╨╣╨┤╨╡╨╜ LiteCad.Tests.StretchToolTests.StretchRebuildsFaces [6 ms]
  ╨Я╤А╨╛╨╣╨┤╨╡╨╜ LiteCad.Tests.StretchToolTests.Stretch_LeftClick_ReplacesPreviousEdge [7 ms]
  ╨Я╤А╨╛╨╣╨┤╨╡╨╜ LiteCad.Tests.StretchToolTests.StretchDistanceInput_1000 [5 ms]
  ╨Я╤А╨╛╨╣╨┤╨╡╨╜ LiteCad.Tests.StretchToolTests.Stretch_LeftClick_SelectsValidEdge [6 ms]
  ╨Я╤А╨╛╨╣╨┤╨╡╨╜ LiteCad.Tests.StretchToolTests.Stretch_UndoRedo [6 ms]
  ╨Я╤А╨╛╨╣╨┤╨╡╨╜ LiteCad.Tests.StretchToolTests.StretchDistanceInput_EnterCommitsImmediately [10 ms]
  ╨Я╤А╨╛╨╣╨┤╨╡╨╜ LiteCad.Tests.StretchToolTests.ApplyStretch_MovesSelectedEdgePerpendicular [< 1 ms]
  ╨Я╤А╨╛╨╣╨┤╨╡╨╜ LiteCad.Tests.StretchToolTests.StretchTool_ActivationRequiresSingleEdge [< 1 ms]
  ╨Я╤А╨╛╨╣╨┤╨╡╨╜ LiteCad.Tests.StretchToolTests.TryCreatePlan_RectangleBottomEdge_Succeeds [< 1 ms]
  ╨Я╤А╨╛╨╣╨┤╨╡╨╜ LiteCad.Tests.LineToolSnapContractTests.SecondPoint_AlignmentSnap_StillWorks [< 1 ms]
  ╨Я╤А╨╛╨╣╨┤╨╡╨╜ LiteCad.Tests.LineToolSnapContractTests.SecondPoint_AtMidpoint_UsesMidpointNotOnEdge [< 1 ms]
  ╨Я╤А╨╛╨╣╨┤╨╡╨╜ LiteCad.Tests.LineToolSnapContractTests.SecondPoint_ParallelCursorAboveEdge_DoesNotSnapToOnEdgeProjection [< 1 ms]
  ╨Я╤А╨╛╨╣╨┤╨╡╨╜ LiteCad.Tests.LineToolSnapContractTests.SecondPoint_NearSquareCorner_StillSnapsToEndpoint [< 1 ms]
  ╨Я╤А╨╛╨╣╨┤╨╡╨╜ LiteCad.Tests.LineToolSnapContractTests.SecondPoint_NearIntersection_StillSnapsToIntersection [3 ms]
  ╨Я╤А╨╛╨╣╨┤╨╡╨╜ LiteCad.Tests.LineToolSnapContractTests.FirstPoint_OnEdgeInterior_AllowsOnEdgeSnap [< 1 ms]
  ╨Я╤А╨╛╨╣╨┤╨╡╨╜ LiteCad.Tests.SectorGeometryTests.IsFullCircle_DetectsCompleteRevolution(angle: 360, expected: True) [< 1 ms]
  ╨Я╤А╨╛╨╣╨┤╨╡╨╜ LiteCad.Tests.SectorGeometryTests.IsFullCircle_DetectsCompleteRevolution(angle: 359,99900000000002, expected: False) [< 1 ms]
  ╨Я╤А╨╛╨╣╨┤╨╡╨╜ LiteCad.Tests.SectorGeometryTests.IsFullCircle_DetectsCompleteRevolution(angle: 90, expected: False) [< 1 ms]
  ╨Я╤А╨╛╨╣╨┤╨╡╨╜ LiteCad.Tests.SectorGeometryTests.IsFullCircle_DetectsCompleteRevolution(angle: -360, expected: True) [< 1 ms]
  ╨Я╤А╨╛╨╣╨┤╨╡╨╜ LiteCad.Tests.SectorGeometryTests.ComputeSegmentCount_MatchesSpec(angleDegrees: 20, expectedCount: 2) [< 1 ms]
  ╨Я╤А╨╛╨╣╨┤╨╡╨╜ LiteCad.Tests.SectorGeometryTests.ComputeSegmentCount_MatchesSpec(angleDegrees: 360, expectedCount: 36) [< 1 ms]
  ╨Я╤А╨╛╨╣╨┤╨╡╨╜ LiteCad.Tests.SectorGeometryTests.ComputeSegmentCount_MatchesSpec(angleDegrees: 90, expectedCount: 9) [< 1 ms]
  ╨Я╤А╨╛╨╣╨┤╨╡╨╜ LiteCad.Tests.SectorGeometryTests.ComputeSegmentCount_MatchesSpec(angleDegrees: 10, expectedCount: 1) [< 1 ms]
  ╨Я╤А╨╛╨╣╨┤╨╡╨╜ LiteCad.Tests.SectorGeometryTests.ComputeSegmentCount_MatchesSpec(angleDegrees: 31, expectedCount: 4) [< 1 ms]
  ╨Я╤А╨╛╨╣╨┤╨╡╨╜ LiteCad.Tests.SectorGeometryTests.ComputeSegmentCount_MatchesSpec(angleDegrees: 180, expectedCount: 18) [< 1 ms]
  ╨Я╤А╨╛╨╣╨┤╨╡╨╜ LiteCad.Tests.SectorGeometryTests.ComputeSegmentSweepAngles_31Degrees_UsesTenDegreeStepsPlusRemainder [< 1 ms]
  ╨Я╤А╨╛╨╣╨┤╨╡╨╜ LiteCad.Tests.SectorGeometryTests.ComputeSegmentSweepAngles_NegativeAngle_PreservesSign [< 1 ms]
  ╨Я╤А╨╛╨╣╨┤╨╡╨╜ LiteCad.Tests.EraserToolTests.Eraser_UndoRedo [7 ms]
  ╨Я╤А╨╛╨╣╨┤╨╡╨╜ LiteCad.Tests.EraserToolTests.Eraser_ClickPolygon_DeletesAccordingToExistingDeleteSemantics [2 ms]
  ╨Я╤А╨╛╨╣╨┤╨╡╨╜ LiteCad.Tests.EraserToolTests.Eraser_RightClick [1 ms]
  ╨Я╤А╨╛╨╣╨┤╨╡╨╜ LiteCad.Tests.EraserToolTests.Eraser_ClickEdge_DeletesEdge [2 ms]
[xUnit.net 00:00:01.40]     LiteCad.Tests.LanguageSelectorTests.Popup_ClosesAfterSelection [FAIL]
[xUnit.net 00:00:01.40]       Assert.True() Failure
[xUnit.net 00:00:01.40]       Expected: True
[xUnit.net 00:00:01.40]       Actual:   False
[xUnit.net 00:00:01.40]       Stack Trace:
[xUnit.net 00:00:01.40]         C:\Users\Admin\source\repos\LiteCad\LiteCad.Tests\LanguageSelectorTests.cs(110,0): at LiteCad.Tests.LanguageSelectorTests.<>c.<Popup_ClosesAfterSelection>b__9_0()
[xUnit.net 00:00:01.40]         C:\Users\Admin\source\repos\LiteCad\LiteCad.Tests\LanguageSelectorTests.cs(143,0): at LiteCad.Tests.LanguageSelectorTests.<>c__DisplayClass12_0.<RunSta>b__0()
[xUnit.net 00:00:01.40]         --- End of stack trace from previous location ---
[xUnit.net 00:00:01.40]         C:\Users\Admin\source\repos\LiteCad\LiteCad.Tests\LanguageSelectorTests.cs(155,0): at LiteCad.Tests.LanguageSelectorTests.RunSta(Action action)
[xUnit.net 00:00:01.40]         C:\Users\Admin\source\repos\LiteCad\LiteCad.Tests\LanguageSelectorTests.cs(106,0): at LiteCad.Tests.LanguageSelectorTests.Popup_ClosesAfterSelection()
[xUnit.net 00:00:01.40]            at System.Reflection.MethodBaseInvoker.InterpretedInvoke_Method(Object obj, IntPtr* args)
[xUnit.net 00:00:01.40]            at System.Reflection.MethodBaseInvoker.InvokeWithNoArgs(Object obj, BindingFlags invokeAttr)
  ╨Я╤А╨╛╨╣╨┤╨╡╨╜ LiteCad.Tests.EraserToolTests.Eraser_ClickVertex_DeletesAccordingToExistingDeleteSemantics [1 ms]
  ╨Я╤А╨╛╨╣╨┤╨╡╨╜ LiteCad.Tests.EraserToolTests.Eraser_OneClick_OneObject [1 ms]
  ╨Я╤А╨╛╨╣╨┤╨╡╨╜ LiteCad.Tests.EraserToolTests.Eraser_DoesNotRequireSelection [1 ms]
  ╨Я╤А╨╛╨╣╨┤╨╡╨╜ LiteCad.Tests.LanguageSelectorTests.SelectingEnglish_SavesEnglish [25 ms]
  ╨Я╤А╨╛╨╣╨┤╨╡╨╜ LiteCad.Tests.LanguageSelectorTests.DefaultLanguage_IsEnglish [< 1 ms]
  ╨Я╤А╨╛╨╣╨┤╨╡╨╜ LiteCad.Tests.LanguageSelectorTests.SwitchingLanguage_DoesNotModifyTopology [1 ms]
  ╨Э╨╡ ╨┐╤А╨╛╨╣╨┤╨╡╨╜ LiteCad.Tests.LanguageSelectorTests.Popup_ClosesAfterSelection [12 ms]
  ╨б╨╛╨╛╨▒╤Й╨╡╨╜╨╕╨╡ ╨╛╨▒ ╨╛╤И╨╕╨▒╨║╨╡:
   Assert.True() Failure
Expected: True
Actual:   False
  ╨в╤А╨░╤Б╤Б╨╕╤А╨╛╨▓╨║╨░ ╤Б╤В╨╡╨║╨░:
     at LiteCad.Tests.LanguageSelectorTests.<>c.<Popup_ClosesAfterSelection>b__9_0() in C:\Users\Admin\source\repos\LiteCad\LiteCad.Tests\LanguageSelectorTests.cs:line 110
   at LiteCad.Tests.LanguageSelectorTests.<>c__DisplayClass12_0.<RunSta>b__0() in C:\Users\Admin\source\repos\LiteCad\LiteCad.Tests\LanguageSelectorTests.cs:line 143
--- End of stack trace from previous location ---
   at LiteCad.Tests.LanguageSelectorTests.RunSta(Action action) in C:\Users\Admin\source\repos\LiteCad\LiteCad.Tests\LanguageSelectorTests.cs:line 155
   at LiteCad.Tests.LanguageSelectorTests.Popup_ClosesAfterSelection() in C:\Users\Admin\source\repos\LiteCad\LiteCad.Tests\LanguageSelectorTests.cs:line 106
   at System.Reflection.MethodBaseInvoker.InterpretedInvoke_Method(Object obj, IntPtr* args)
   at System.Reflection.MethodBaseInvoker.InvokeWithNoArgs(Object obj, BindingFlags invokeAttr)
  ╨Я╤А╨╛╨╣╨┤╨╡╨╜ LiteCad.Tests.LanguageSelectorTests.SelectingRussian_SavesRussian [2 ms]
  ╨Я╤А╨╛╨╣╨┤╨╡╨╜ LiteCad.Tests.LanguageSelectorTests.NextStartup_RestoresRussian [1 ms]
[xUnit.net 00:00:01.41]     LiteCad.Tests.LanguageSelectorTests.Selector_DisplaysCurrentLanguageCode [FAIL]
[xUnit.net 00:00:01.41]       System.InvalidOperationException : Sequence contains no matching element
[xUnit.net 00:00:01.41]       Stack Trace:
[xUnit.net 00:00:01.41]            at System.Linq.ThrowHelper.ThrowNoMatchException()
[xUnit.net 00:00:01.41]            at System.Linq.Enumerable.First[TSource](IEnumerable`1 source, Func`2 predicate)
[xUnit.net 00:00:01.41]         C:\Users\Admin\source\repos\LiteCad\LiteCad.Tests\LanguageSelectorTests.cs(182,0): at LiteCad.Tests.LanguageSelectorTests.SelectorHost.get_CurrentLabelText()
[xUnit.net 00:00:01.41]         C:\Users\Admin\source\repos\LiteCad\LiteCad.Tests\LanguageSelectorTests.cs(126,0): at LiteCad.Tests.LanguageSelectorTests.<>c.<Selector_DisplaysCurrentLanguageCode>b__10_0()
[xUnit.net 00:00:01.41]         C:\Users\Admin\source\repos\LiteCad\LiteCad.Tests\LanguageSelectorTests.cs(143,0): at LiteCad.Tests.LanguageSelectorTests.<>c__DisplayClass12_0.<RunSta>b__0()
[xUnit.net 00:00:01.41]         --- End of stack trace from previous location ---
[xUnit.net 00:00:01.41]         C:\Users\Admin\source\repos\LiteCad\LiteCad.Tests\LanguageSelectorTests.cs(155,0): at LiteCad.Tests.LanguageSelectorTests.RunSta(Action action)
[xUnit.net 00:00:01.41]         C:\Users\Admin\source\repos\LiteCad\LiteCad.Tests\LanguageSelectorTests.cs(122,0): at LiteCad.Tests.LanguageSelectorTests.Selector_DisplaysCurrentLanguageCode()
[xUnit.net 00:00:01.41]            at System.Reflection.MethodBaseInvoker.InterpretedInvoke_Method(Object obj, IntPtr* args)
[xUnit.net 00:00:01.41]            at System.Reflection.MethodBaseInvoker.InvokeWithNoArgs(Object obj, BindingFlags invokeAttr)
  ╨Э╨╡ ╨┐╤А╨╛╨╣╨┤╨╡╨╜ LiteCad.Tests.LanguageSelectorTests.Selector_DisplaysCurrentLanguageCode [7 ms]
  ╨б╨╛╨╛╨▒╤Й╨╡╨╜╨╕╨╡ ╨╛╨▒ ╨╛╤И╨╕╨▒╨║╨╡:
   System.InvalidOperationException : Sequence contains no matching element
  ╨в╤А╨░╤Б╤Б╨╕╤А╨╛╨▓╨║╨░ ╤Б╤В╨╡╨║╨░:
     at System.Linq.ThrowHelper.ThrowNoMatchException()
   at System.Linq.Enumerable.First[TSource](IEnumerable`1 source, Func`2 predicate)
   at LiteCad.Tests.LanguageSelectorTests.SelectorHost.get_CurrentLabelText() in C:\Users\Admin\source\repos\LiteCad\LiteCad.Tests\LanguageSelectorTests.cs:line 182
   at LiteCad.Tests.LanguageSelectorTests.<>c.<Selector_DisplaysCurrentLanguageCode>b__10_0() in C:\Users\Admin\source\repos\LiteCad\LiteCad.Tests\LanguageSelectorTests.cs:line 126
   at LiteCad.Tests.LanguageSelectorTests.<>c__DisplayClass12_0.<RunSta>b__0() in C:\Users\Admin\source\repos\LiteCad\LiteCad.Tests\LanguageSelectorTests.cs:line 143
--- End of stack trace from previous location ---
   at LiteCad.Tests.LanguageSelectorTests.RunSta(Action action) in C:\Users\Admin\source\repos\LiteCad\LiteCad.Tests\LanguageSelectorTests.cs:line 155
   at LiteCad.Tests.LanguageSelectorTests.Selector_DisplaysCurrentLanguageCode() in C:\Users\Admin\source\repos\LiteCad\LiteCad.Tests\LanguageSelectorTests.cs:line 122
   at System.Reflection.MethodBaseInvoker.InterpretedInvoke_Method(Object obj, IntPtr* args)
   at System.Reflection.MethodBaseInvoker.InvokeWithNoArgs(Object obj, BindingFlags invokeAttr)
  ╨Я╤А╨╛╨╣╨┤╨╡╨╜ LiteCad.Tests.LanguageSelectorTests.Language_IsNotPartOfCadDocument [1 ms]
  ╨Я╤А╨╛╨╣╨┤╨╡╨╜ LiteCad.Tests.MovePropertiesOrthoTests.MoveOrthoToggle_HiddenForLineTool [32 ms]
  ╨Я╤А╨╛╨╣╨┤╨╡╨╜ LiteCad.Tests.MovePropertiesOrthoTests.MoveOrthoToggle_DuringActiveMove_UpdatesPreviewWithoutCommit [17 ms]
  ╨Я╤А╨╛╨╣╨┤╨╡╨╜ LiteCad.Tests.MovePropertiesOrthoTests.MoveOrthoToggle_On_ShowsDistanceInput [13 ms]
  ╨Я╤А╨╛╨╣╨┤╨╡╨╜ LiteCad.Tests.MovePropertiesOrthoTests.MoveOrthoToggle_ChangesOrthoEnabled [11 ms]
  ╨Я╤А╨╛╨╣╨┤╨╡╨╜ LiteCad.Tests.MovePropertiesOrthoTests.MoveOrthoToggle_RestoresStateWhenReturningToMove [10 ms]
  ╨Я╤А╨╛╨╣╨┤╨╡╨╜ LiteCad.Tests.MovePropertiesOrthoTests.MoveOrthoToggle_Off_ShowsXYInput [12 ms]
  ╨Я╤А╨╛╨╣╨┤╨╡╨╜ LiteCad.Tests.MovePropertiesOrthoTests.MoveProperties_ContainOrthoToggle [10 ms]
  ╨Я╤А╨╛╨╣╨┤╨╡╨╜ LiteCad.Tests.FaceRestorationTests.Test7_DeleteEdgeRecreateThenDiagonal_TwoFaces [1 ms]
  ╨Я╤А╨╛╨╣╨┤╨╡╨╜ LiteCad.Tests.FaceRestorationTests.Test1_CreateSquare_FaceCountIsOne [< 1 ms]
  ╨Я╤А╨╛╨╣╨┤╨╡╨╜ LiteCad.Tests.FaceRestorationTests.ExplicitFaceDelete_WithUnchangedEdges_StaysSuppressedUntilEdgeTopologyChanges [< 1 ms]
  ╨Я╤А╨╛╨╣╨┤╨╡╨╜ LiteCad.Tests.FaceRestorationTests.Test6_DeleteDiagonal_OneFaceRemains [< 1 ms]
  ╨Я╤А╨╛╨╣╨┤╨╡╨╜ LiteCad.Tests.FaceRestorationTests.Test3_DeleteEdgeRecreateSameEdge_FaceRestored [< 1 ms]
  ╨Я╤А╨╛╨╣╨┤╨╡╨╜ LiteCad.Tests.FaceRestorationTests.Test2_DeleteOneEdge_FaceCountIsZero [< 1 ms]
  ╨Я╤А╨╛╨╣╨┤╨╡╨╜ LiteCad.Tests.FaceRestorationTests.Test4_RecreateSameEdgeMultipleTimes_RemainsStable [1 ms]
  ╨Я╤А╨╛╨╣╨┤╨╡╨╜ LiteCad.Tests.FaceRestorationTests.Test5_SquareWithDiagonal_TwoFacesShareDiagonal [< 1 ms]
  ╨Я╤А╨╛╨╣╨┤╨╡╨╜ LiteCad.Tests.FirstClosedSquareRegressionTests.FirstAndSecondClosedSquares_BothCreateFaces [< 1 ms]
  ╨б╤В╨░╨╜╨┤╨░╤А╤В╨╜╤Л╨╡ ╨▓╤Л╤Е╨╛╨┤╨╜╤Л╨╡ ╤Б╨╛╨╛╨▒╤Й╨╡╨╜╨╕╤П:
 edges=4, vertices=4, faces=1, suppressed=0
   edge f44e11e5-ad68-40ab-8c2a-93b6c90b76cf: (0,0) -> (1,0)
   edge f9535fb2-8961-4a05-a950-03a767edd091: (1,0) -> (1,1)
   edge 788a87b6-f6d0-40f0-861d-8f4eda831d3c: (1,1) -> (0,1)
   edge 37250bbd-ecc2-4aa6-bd31-5a0ae968875e: (0,1) -> (0,0)
 edges=8, vertices=8, faces=2, suppressed=0
   edge f44e11e5-ad68-40ab-8c2a-93b6c90b76cf: (0,0) -> (1,0)
   edge f9535fb2-8961-4a05-a950-03a767edd091: (1,0) -> (1,1)
   edge 788a87b6-f6d0-40f0-861d-8f4eda831d3c: (1,1) -> (0,1)
   edge 37250bbd-ecc2-4aa6-bd31-5a0ae968875e: (0,1) -> (0,0)
   edge 67184ea8-7886-4fcf-82c3-0e12d6e36eaf: (2,0) -> (3,0)
   edge 3e0f8926-21a2-4111-86fa-331f8b007046: (3,0) -> (3,1)
   edge 8f9eb88b-6057-41fc-872b-cc0f73216ab6: (3,1) -> (2,1)
   edge 5236359a-258a-455c-ab4f-c56ede0c29ad: (2,1) -> (2,0)


  ╨Я╤А╨╛╨╣╨┤╨╡╨╜ LiteCad.Tests.FirstClosedSquareRegressionTests.NewDocument_ClearsSuppression_AllowsFirstSquareFace [< 1 ms]
  ╨Я╤А╨╛╨╣╨┤╨╡╨╜ LiteCad.Tests.FirstClosedSquareRegressionTests.NewDocument_FirstClosedSquare_CreatesFace [< 1 ms]
  ╨б╤В╨░╨╜╨┤╨░╤А╤В╨╜╤Л╨╡ ╨▓╤Л╤Е╨╛╨┤╨╜╤Л╨╡ ╤Б╨╛╨╛╨▒╤Й╨╡╨╜╨╕╤П:
 edges=4, vertices=4, faces=1, suppressed=0
   edge 0c89de47-5a7e-4d1c-8d26-15f6e0c50457: (0,0) -> (1,0)
   edge b183a998-2b65-4fee-904f-615eb87f03dd: (1,0) -> (1,1)
   edge aa67b386-e531-4c78-a1f8-13d03349e4a7: (1,1) -> (0,1)
   edge 15c6d89f-cf74-4225-a0fb-d0966740df28: (0,1) -> (0,0)


  ╨Я╤А╨╛╨╣╨┤╨╡╨╜ LiteCad.Tests.FirstClosedSquareRegressionTests.FirstSquare_WithDiagonal_CreatesTwoFaces [< 1 ms]
  ╨б╤В╨░╨╜╨┤╨░╤А╤В╨╜╤Л╨╡ ╨▓╤Л╤Е╨╛╨┤╨╜╤Л╨╡ ╤Б╨╛╨╛╨▒╤Й╨╡╨╜╨╕╤П:
 edges=4, vertices=4, faces=1, suppressed=0
   edge 995d887c-ed87-451d-b09c-94dac3db426d: (0,0) -> (1,0)
   edge d6c86bc3-72c7-448b-b28b-2855765002fc: (1,0) -> (1,1)
   edge 7308d66a-6c55-479a-8371-122680c80d39: (1,1) -> (0,1)
   edge 076f9121-62b4-4684-9e80-b31f41784d7f: (0,1) -> (0,0)
 edges=5, vertices=4, faces=2, suppressed=0
   edge 995d887c-ed87-451d-b09c-94dac3db426d: (0,0) -> (1,0)
   edge d6c86bc3-72c7-448b-b28b-2855765002fc: (1,0) -> (1,1)
   edge 7308d66a-6c55-479a-8371-122680c80d39: (1,1) -> (0,1)
   edge 076f9121-62b4-4684-9e80-b31f41784d7f: (0,1) -> (0,0)
   edge 0d193dee-27e9-4f9b-8180-66430274b834: (0,0) -> (1,1)


  ╨Я╤А╨╛╨╣╨┤╨╡╨╜ LiteCad.Tests.FirstClosedSquareRegressionTests.LineToolFlow_ScreenSpaceSquare_CreatesFace [< 1 ms]
  ╨б╤В╨░╨╜╨┤╨░╤А╤В╨╜╤Л╨╡ ╨▓╤Л╤Е╨╛╨┤╨╜╤Л╨╡ ╤Б╨╛╨╛╨▒╤Й╨╡╨╜╨╕╤П:
 Screen square: edges=4, faces=1, tol=12
 edges=4, vertices=4, faces=1, suppressed=0
   edge 4a4629e4-01c4-4b3c-98f9-9dab65fc0f76: (-100,100) -> (100,100)
   edge 6dac06c0-5faa-45dc-a1e8-8a4ce2d07bc1: (100,100) -> (100,-100)
   edge 573a5e5d-40b4-4f75-b79d-707a5041072e: (100,-100) -> (-100,-100)
   edge f4046400-39ac-4e61-bbc8-6e687f363181: (-100,-100) -> (-100,100)


  ╨Я╤А╨╛╨╣╨┤╨╡╨╜ LiteCad.Tests.FirstClosedSquareRegressionTests.LineToolFlow_FirstClosedSquare_CreatesFaceAfterEachSegment [< 1 ms]
  ╨б╤В╨░╨╜╨┤╨░╤А╤В╨╜╤Л╨╡ ╨▓╤Л╤Е╨╛╨┤╨╜╤Л╨╡ ╤Б╨╛╨╛╨▒╤Й╨╡╨╜╨╕╤П:
 edges=1, vertices=2, faces=0, suppressed=0
   edge 0b8c6cb6-e57f-4558-91f3-dd34998dd412: (0,0) -> (100,0)
 edges=2, vertices=3, faces=0, suppressed=0
   edge 0b8c6cb6-e57f-4558-91f3-dd34998dd412: (0,0) -> (100,0)
   edge a031a935-fe8a-40c5-b640-59e7694ac88c: (100,0) -> (100,100)
 edges=3, vertices=4, faces=0, suppressed=0
   edge 0b8c6cb6-e57f-4558-91f3-dd34998dd412: (0,0) -> (100,0)
   edge a031a935-fe8a-40c5-b640-59e7694ac88c: (100,0) -> (100,100)
   edge 68c19c64-9c74-4559-b34c-2453a68df5c9: (100,100) -> (0,100)
 edges=4, vertices=4, faces=1, suppressed=0
   edge 0b8c6cb6-e57f-4558-91f3-dd34998dd412: (0,0) -> (100,0)
   edge a031a935-fe8a-40c5-b640-59e7694ac88c: (100,0) -> (100,100)
   edge 68c19c64-9c74-4559-b34c-2453a68df5c9: (100,100) -> (0,100)
   edge 3dd40092-4252-4458-9b3d-3a1d596e16a6: (0,100) -> (0,0)


  ╨Я╤А╨╛╨╣╨┤╨╡╨╜ LiteCad.Tests.FirstClosedSquareRegressionTests.AfterExplicitFaceDelete_FirstLocationBlocked_SecondLocationCreatesFace [< 1 ms]
  ╨Я╤А╨╛╨╣╨┤╨╡╨╜ LiteCad.Tests.FirstClosedSquareRegressionTests.LineToolFlow_FirstThenSecondClosedSquare_BothCreateFaces [< 1 ms]
  ╨б╤В╨░╨╜╨┤╨░╤А╤В╨╜╤Л╨╡ ╨▓╤Л╤Е╨╛╨┤╨╜╤Л╨╡ ╤Б╨╛╨╛╨▒╤Й╨╡╨╜╨╕╤П:
 edges=4, vertices=4, faces=1, suppressed=0
   edge 732f6102-f016-4257-8c5f-5b09822e14e0: (0,0) -> (100,0)
   edge 3d71f834-f119-4445-a5a6-2b44feb54d84: (100,0) -> (100,100)
   edge 6e502a5e-7f50-4814-b887-6f5cd8e7f060: (100,100) -> (0,100)
   edge fba25354-bdee-4921-9115-0662345fc47d: (0,100) -> (0,0)
 edges=8, vertices=8, faces=2, suppressed=0
   edge 732f6102-f016-4257-8c5f-5b09822e14e0: (0,0) -> (100,0)
   edge 3d71f834-f119-4445-a5a6-2b44feb54d84: (100,0) -> (100,100)
   edge 6e502a5e-7f50-4814-b887-6f5cd8e7f060: (100,100) -> (0,100)
   edge fba25354-bdee-4921-9115-0662345fc47d: (0,100) -> (0,0)
   edge 39ebd318-3de9-4efe-b682-a1e76c75f63c: (200,0) -> (300,0)
   edge b952f441-6c29-4598-989c-2e71c76e3610: (300,0) -> (300,100)
   edge 4d9f871b-9efb-420f-a3ef-d51c6c24cf7e: (300,100) -> (200,100)
   edge eb3a218e-552b-4d23-ba90-2c9372a01d63: (200,100) -> (200,0)


  ╨Я╤А╨╛╨╣╨┤╨╡╨╜ LiteCad.Tests.SnapServiceTests.IntersectionAtExistingVertex_ReturnsOnlyVertexSnap [1 ms]
  ╨Я╤А╨╛╨╣╨┤╨╡╨╜ LiteCad.Tests.SnapServiceTests.AlignmentSnap_StillWorks [< 1 ms]
  ╨Я╤А╨╛╨╣╨┤╨╡╨╜ LiteCad.Tests.SnapServiceTests.OnEdgeAtExistingVertex_ReturnsOnlyVertexSnap [< 1 ms]
  ╨Я╤А╨╛╨╣╨┤╨╡╨╜ LiteCad.Tests.SnapServiceTests.NormalOnEdgeSnap_IsPreservedWhenNotAtVertex [< 1 ms]
  ╨Я╤А╨╛╨╣╨┤╨╡╨╜ LiteCad.Tests.SnapServiceTests.LineToolFlow_StartFromExistingCorner_ReturnsCanonicalVertexSnap [< 1 ms]
  ╨Я╤А╨╛╨╣╨┤╨╡╨╜ LiteCad.Tests.SnapServiceTests.SquareCorner_ReturnsExactlyOneGeometricSnap [< 1 ms]
  ╨Я╤А╨╛╨╣╨┤╨╡╨╜ LiteCad.Tests.SnapServiceTests.CrossingLines_ReturnSingleIntersectionSnapWhenNoVertexAtCrossing [4 ms]
  ╨Я╤А╨╛╨╣╨┤╨╡╨╜ LiteCad.Tests.SnapServiceTests.MultipleEdgePairsAtSameIntersection_ReturnSingleIntersectionSnap [< 1 ms]
  ╨Я╤А╨╛╨╣╨┤╨╡╨╜ LiteCad.Tests.SnapServiceTests.FindBestSnap_PrefersVertexOverCloserMidpoint [< 1 ms]
  ╨Я╤А╨╛╨╣╨┤╨╡╨╜ LiteCad.Tests.SnapServiceTests.NormalMidpoint_IsPreservedWhenNotAtVertex [< 1 ms]
  ╨Я╤А╨╛╨╣╨┤╨╡╨╜ LiteCad.Tests.SnapServiceTests.MidpointAtExistingVertex_ReturnsOnlyVertexSnap [< 1 ms]
  ╨Я╤А╨╛╨╣╨┤╨╡╨╜ LiteCad.Tests.ArcToolTests.Arc_TwoPoints_ShowsChordPreviewWithoutMutatingDocument [3 ms]
  ╨Я╤А╨╛╨╣╨┤╨╡╨╜ LiteCad.Tests.ArcToolTests.Arc_RadiusInput_CommitsOpenArc [4 ms]
  ╨Я╤А╨╛╨╣╨┤╨╡╨╜ LiteCad.Tests.ArcToolTests.Arc_360Degrees_CreatesThirtySixEdges [5 ms]
  ╨Я╤А╨╛╨╣╨┤╨╡╨╜ LiteCad.Tests.ArcToolTests.Arc_EnterCommit_CreatesArc [8 ms]
  ╨Я╤А╨╛╨╣╨┤╨╡╨╜ LiteCad.Tests.ArcToolTests.Arc_PreviewDoesNotMutateDocument [1 ms]
  ╨Я╤А╨╛╨╣╨┤╨╡╨╜ LiteCad.Tests.ArcToolTests.Arc_90Degrees_CreatesNineEdges [1 ms]
  ╨Я╤А╨╛╨╣╨┤╨╡╨╜ LiteCad.Tests.ArcToolTests.Arc_AfterSecondClick_ShowsRadiusInput [6 ms]
  ╨Я╤А╨╛╨╣╨┤╨╡╨╜ LiteCad.Tests.ArcToolTests.Arc_31Degrees_CreatesFourEdges [1 ms]
  ╨Я╤А╨╛╨╣╨┤╨╡╨╜ LiteCad.Tests.ArcToolTests.Arc_InvalidRadiusInput_IsPreserved [6 ms]
  ╨Я╤А╨╛╨╣╨┤╨╡╨╜ LiteCad.Tests.ArcToolTests.Arc_180Degrees_CreatesEighteenEdges [1 ms]
  ╨Я╤А╨╛╨╣╨┤╨╡╨╜ LiteCad.Tests.SectorToolTests.Sector_AngleEnter_CommitsSector [11 ms]
  ╨Я╤А╨╛╨╣╨┤╨╡╨╜ LiteCad.Tests.SectorToolTests.Sector_ExactAngle361_Applies360 [< 1 ms]
  ╨Я╤А╨╛╨╣╨┤╨╡╨╜ LiteCad.Tests.SectorToolTests.Sector_AfterSecondClick_ShowsAngleInput [6 ms]
  ╨Я╤А╨╛╨╣╨┤╨╡╨╜ LiteCad.Tests.SectorToolTests.Sector_ExactAngle31_Applies31 [2 ms]
  ╨Я╤А╨╛╨╣╨┤╨╡╨╜ LiteCad.Tests.SectorToolTests.Sector_90Degrees_CreatesElevenEdges [1 ms]
  ╨Я╤А╨╛╨╣╨┤╨╡╨╜ LiteCad.Tests.SectorToolTests.Sector_ExactRadiusInput_FixesStartPoint [6 ms]
  ╨Я╤А╨╛╨╣╨┤╨╡╨╜ LiteCad.Tests.SectorToolTests.Sector_ExactAngleAbove360_ClampedToSingleFullCircle(inputAngle: 361, expectedEdges: 36, hasRadialEdges: False) [3 ms]
  ╨Я╤А╨╛╨╣╨┤╨╡╨╜ LiteCad.Tests.SectorToolTests.Sector_ExactAngleAbove360_ClampedToSingleFullCircle(inputAngle: 720, expectedEdges: 36, hasRadialEdges: False) [3 ms]
  ╨Я╤А╨╛╨╣╨┤╨╡╨╜ LiteCad.Tests.SectorToolTests.Sector_ExactAngleAbove360_ClampedToSingleFullCircle(inputAngle: 360, expectedEdges: 36, hasRadialEdges: False) [2 ms]
  ╨Я╤А╨╛╨╣╨┤╨╡╨╜ LiteCad.Tests.SectorToolTests.Sector_ExactAngleAbove360_ClampedToSingleFullCircle(inputAngle: 1000, expectedEdges: 36, hasRadialEdges: False) [4 ms]
  ╨Я╤А╨╛╨╣╨┤╨╡╨╜ LiteCad.Tests.SectorToolTests.Sector_ExactInputAbove360_CreatesOnlyOneFullCircle [5 ms]
  ╨Я╤А╨╛╨╣╨┤╨╡╨╜ LiteCad.Tests.SectorToolTests.Sector_ExactAngle720_Applies360 [< 1 ms]
  ╨Я╤А╨╛╨╣╨┤╨╡╨╜ LiteCad.Tests.SectorToolTests.Sector_31Degrees_CreatesSixEdges [1 ms]
  ╨Я╤А╨╛╨╣╨┤╨╡╨╜ LiteCad.Tests.SectorToolTests.Sector_AfterFirstClick_ShowsRadiusInput [6 ms]
  ╨Я╤А╨╛╨╣╨┤╨╡╨╜ LiteCad.Tests.SectorToolTests.Sector_ExactAngle1000_Applies360 [< 1 ms]
  ╨Я╤А╨╛╨╣╨┤╨╡╨╜ LiteCad.Tests.SectorToolTests.Sector_ExactAngle360_Applies360 [< 1 ms]
  ╨Я╤А╨╛╨╣╨┤╨╡╨╜ LiteCad.Tests.SectorToolTests.Sector_ExactInputAbove360_NoDuplicateSecondRevolution [6 ms]
  ╨Я╤А╨╛╨╣╨┤╨╡╨╜ LiteCad.Tests.SectorToolTests.Sector_360Degrees_CreatesCircleWithoutRadialEdges [3 ms]
  ╨Я╤А╨╛╨╣╨┤╨╡╨╜ LiteCad.Tests.SectorToolTests.Sector_ExactAngle270_Applies270 [2 ms]
  ╨Я╤А╨╛╨╣╨┤╨╡╨╜ LiteCad.Tests.SectorToolTests.Sector_AngleEnterWithoutTyping_CommitsCurrentPreview [1 ms]
  ╨Я╤А╨╛╨╣╨┤╨╡╨╜ LiteCad.Tests.ParallelLinesAddSegmentAuditTests.Audit_ExistingEndProjectsOntoNewSegment_InteriorCheck [< 1 ms]
  ╨б╤В╨░╨╜╨┤╨░╤А╤В╨╜╤Л╨╡ ╨▓╤Л╤Е╨╛╨┤╨╜╤Л╨╡ ╤Б╨╛╨╛╨▒╤Й╨╡╨╜╨╕╤П:
 === existingEnd projection onto new segment ===
 tol=12: existingEnd(100,0) on new interior=False, proj=(100,20), dist=20
 tol=14: existingEnd(100,0) on new interior=False, proj=(100,20), dist=20
 tol=16: existingEnd(100,0) on new interior=False, proj=(100,20), dist=20
 tol=18: existingEnd(100,0) on new interior=False, proj=(100,20), dist=20
 tol=20: existingEnd(100,0) on new interior=False, proj=(100,20), dist=20
 tol=22: existingEnd(100,0) on new interior=False, proj=(100,20), dist=20
 tol=24: existingEnd(100,0) on new interior=False, proj=(100,20), dist=20
 tol=26: existingEnd(100,0) on new interior=False, proj=(100,20), dist=20
 tol=28: existingEnd(100,0) on new interior=False, proj=(100,20), dist=20
 tol=30: existingEnd(100,0) on new interior=False, proj=(100,20), dist=20
 


  ╨Я╤А╨╛╨╣╨┤╨╡╨╜ LiteCad.Tests.ParallelLinesAddSegmentAuditTests.Audit_ParallelLinesAddSegment_PipelineTrace(tolerance: 0,0001) [3 ms]
  ╨б╤В╨░╨╜╨┤╨░╤А╤В╨╜╤Л╨╡ ╨▓╤Л╤Е╨╛╨┤╨╜╤Л╨╡ ╤Б╨╛╨╛╨▒╤Й╨╡╨╜╨╕╤П:
 === AddSegment audit [exact repro y=20] (tolerance=0,0001) ===
 Existing: (0,0) -> (100,0)
 New:      (0,20) -> (120,20)
 
 --- Geometry2D pre-checks ---
 AreDirectionsParallel: True
 DistanceToLine existingStart->new segment: 20 (<=tol ? False)
 DistanceToLine existingEnd->new segment:   20 (<=tol ? False)
 AreSegmentsCollinear: False
 TryGetCollinearSegmentOverlap: FALSE
 TryGetSegmentIntersection: FALSE
 IsPointOnSegmentInterior newStart on existing: False
 IsPointOnSegmentInterior newEnd on existing:   False
 IsPointOnSegmentInterior existingEnd on new:    False
 IsPointOnSegmentInterior existingStart on new:  False
 
 --- Simulated AddSegment(new) pipeline ---
 Initial breakpoints: (0,20), (120,20)
 RemoveCollinearOverlaps: no collinear overlap (existing edge skipped)
 Final breakpoints after SortPointsAlongSegment: (0,20), (120,20)
 Would create 1 sub-segment(s) from breakpoints
 
 --- After AddSegment(existing) ---
 Edges=1, Vertices=2
   Vertex (0, 0)
   Vertex (100, 0)
   Edge (0,0) -> (100,0)
 
 --- After AddSegment(new) ---
 Edges=2, Vertices=4
   Vertex (0, 0)
   Vertex (100, 0)
   Vertex (0, 20)
   Vertex (120, 20)
   Edge (0,0) -> (100,0)
   Edge (0,20) -> (120,20)
 
 


  ╨Я╤А╨╛╨╣╨┤╨╡╨╜ LiteCad.Tests.ParallelLinesAddSegmentAuditTests.Audit_ParallelLinesAddSegment_PipelineTrace(tolerance: 12) [< 1 ms]
  ╨б╤В╨░╨╜╨┤╨░╤А╤В╨╜╤Л╨╡ ╨▓╤Л╤Е╨╛╨┤╨╜╤Л╨╡ ╤Б╨╛╨╛╨▒╤Й╨╡╨╜╨╕╤П:
 === AddSegment audit [exact repro y=20] (tolerance=12) ===
 Existing: (0,0) -> (100,0)
 New:      (0,20) -> (120,20)
 
 --- Geometry2D pre-checks ---
 AreDirectionsParallel: True
 DistanceToLine existingStart->new segment: 20 (<=tol ? False)
 DistanceToLine existingEnd->new segment:   20 (<=tol ? False)
 AreSegmentsCollinear: False
 TryGetCollinearSegmentOverlap: FALSE
 TryGetSegmentIntersection: FALSE
 IsPointOnSegmentInterior newStart on existing: False
 IsPointOnSegmentInterior newEnd on existing:   False
 IsPointOnSegmentInterior existingEnd on new:    False
 IsPointOnSegmentInterior existingStart on new:  False
 
 --- Simulated AddSegment(new) pipeline ---
 Initial breakpoints: (0,20), (120,20)
 RemoveCollinearOverlaps: no collinear overlap (existing edge skipped)
 Final breakpoints after SortPointsAlongSegment: (0,20), (120,20)
 Would create 1 sub-segment(s) from breakpoints
 
 --- After AddSegment(existing) ---
 Edges=1, Vertices=2
   Vertex (0, 0)
   Vertex (100, 0)
   Edge (0,0) -> (100,0)
 
 --- After AddSegment(new) ---
 Edges=2, Vertices=4
   Vertex (0, 0)
   Vertex (100, 0)
   Vertex (0, 20)
   Vertex (120, 20)
   Edge (0,0) -> (100,0)
   Edge (0,20) -> (120,20)
 
 


  ╨Я╤А╨╛╨╣╨┤╨╡╨╜ LiteCad.Tests.ParallelLinesAddSegmentAuditTests.Audit_ParallelLinesAddSegment_PipelineTrace(tolerance: 24) [< 1 ms]
  ╨б╤В╨░╨╜╨┤╨░╤А╤В╨╜╤Л╨╡ ╨▓╤Л╤Е╨╛╨┤╨╜╤Л╨╡ ╤Б╨╛╨╛╨▒╤Й╨╡╨╜╨╕╤П:
 === AddSegment audit [exact repro y=20] (tolerance=24) ===
 Existing: (0,0) -> (100,0)
 New:      (0,20) -> (120,20)
 
 --- Geometry2D pre-checks ---
 AreDirectionsParallel: True
 DistanceToLine existingStart->new segment: 20 (<=tol ? True)
 DistanceToLine existingEnd->new segment:   20 (<=tol ? True)
 AreSegmentsCollinear: True
 TryGetCollinearSegmentOverlap: TRUE overlap=(0,20)->(100,20)
 TryGetSegmentIntersection: FALSE
 IsPointOnSegmentInterior newStart on existing: False
 IsPointOnSegmentInterior newEnd on existing:   False
 IsPointOnSegmentInterior existingEnd on new:    False
 IsPointOnSegmentInterior existingStart on new:  False
 
 --- Simulated AddSegment(new) pipeline ---
 Initial breakpoints: (0,20), (120,20)
 RemoveCollinearOverlaps WOULD TrimEdgeOverlap on existing with overlap=(0,20)->(100,20)
   TrimEdgeOverlap params on existing: tStart=0, tEnd=1
 Final breakpoints after SortPointsAlongSegment: (0,20), (120,20)
 Would create 1 sub-segment(s) from breakpoints
 
 --- After AddSegment(existing) ---
 Edges=1, Vertices=2
   Vertex (0, 0)
   Vertex (100, 0)
   Edge (0,0) -> (100,0)
 
 --- After AddSegment(new) ---
 Edges=2, Vertices=4
   Vertex (0, 0)
   Vertex (100, 0)
   Vertex (0, 20)
   Vertex (120, 20)
   Edge (0,0) -> (100,0)
   Edge (0,20) -> (120,20)
 
 


  ╨Я╤А╨╛╨╣╨┤╨╡╨╜ LiteCad.Tests.ParallelLinesAddSegmentAuditTests.Audit_ParallelLinesAddSegment_PipelineTrace(tolerance: 20) [< 1 ms]
  ╨б╤В╨░╨╜╨┤╨░╤А╤В╨╜╤Л╨╡ ╨▓╤Л╤Е╨╛╨┤╨╜╤Л╨╡ ╤Б╨╛╨╛╨▒╤Й╨╡╨╜╨╕╤П:
 === AddSegment audit [exact repro y=20] (tolerance=20) ===
 Existing: (0,0) -> (100,0)
 New:      (0,20) -> (120,20)
 
 --- Geometry2D pre-checks ---
 AreDirectionsParallel: True
 DistanceToLine existingStart->new segment: 20 (<=tol ? True)
 DistanceToLine existingEnd->new segment:   20 (<=tol ? True)
 AreSegmentsCollinear: True
 TryGetCollinearSegmentOverlap: TRUE overlap=(0,20)->(100,20)
 TryGetSegmentIntersection: FALSE
 IsPointOnSegmentInterior newStart on existing: False
 IsPointOnSegmentInterior newEnd on existing:   False
 IsPointOnSegmentInterior existingEnd on new:    False
 IsPointOnSegmentInterior existingStart on new:  False
 
 --- Simulated AddSegment(new) pipeline ---
 Initial breakpoints: (0,20), (120,20)
 RemoveCollinearOverlaps WOULD TrimEdgeOverlap on existing with overlap=(0,20)->(100,20)
   TrimEdgeOverlap params on existing: tStart=0, tEnd=1
 Final breakpoints after SortPointsAlongSegment: (0,20), (120,20)
 Would create 1 sub-segment(s) from breakpoints
 
 --- After AddSegment(existing) ---
 Edges=1, Vertices=2
   Vertex (0, 0)
   Vertex (100, 0)
   Edge (0,0) -> (100,0)
 
 --- After AddSegment(new) ---
 Edges=2, Vertices=4
   Vertex (0, 0)
   Vertex (100, 0)
   Vertex (0, 20)
   Vertex (120, 20)
   Edge (0,0) -> (100,0)
   Edge (0,20) -> (120,20)
 
 


  ╨Я╤А╨╛╨╣╨┤╨╡╨╜ LiteCad.Tests.ParallelLinesAddSegmentAuditTests.Audit_ParallelLinesAddSegment_PipelineTrace(tolerance: 30) [< 1 ms]
  ╨б╤В╨░╨╜╨┤╨░╤А╤В╨╜╤Л╨╡ ╨▓╤Л╤Е╨╛╨┤╨╜╤Л╨╡ ╤Б╨╛╨╛╨▒╤Й╨╡╨╜╨╕╤П:
 === AddSegment audit [exact repro y=20] (tolerance=30) ===
 Existing: (0,0) -> (100,0)
 New:      (0,20) -> (120,20)
 
 --- Geometry2D pre-checks ---
 AreDirectionsParallel: True
 DistanceToLine existingStart->new segment: 20 (<=tol ? True)
 DistanceToLine existingEnd->new segment:   20 (<=tol ? True)
 AreSegmentsCollinear: True
 TryGetCollinearSegmentOverlap: TRUE overlap=(0,20)->(100,20)
 TryGetSegmentIntersection: FALSE
 IsPointOnSegmentInterior newStart on existing: False
 IsPointOnSegmentInterior newEnd on existing:   False
 IsPointOnSegmentInterior existingEnd on new:    False
 IsPointOnSegmentInterior existingStart on new:  False
 
 --- Simulated AddSegment(new) pipeline ---
 Initial breakpoints: (0,20), (120,20)
 RemoveCollinearOverlaps WOULD TrimEdgeOverlap on existing with overlap=(0,20)->(100,20)
   TrimEdgeOverlap params on existing: tStart=0, tEnd=1
 Final breakpoints after SortPointsAlongSegment: (0,20), (120,20)
 Would create 1 sub-segment(s) from breakpoints
 
 --- After AddSegment(existing) ---
 Edges=1, Vertices=2
   Vertex (0, 0)
   Vertex (100, 0)
   Edge (0,0) -> (100,0)
 
 --- After AddSegment(new) ---
 Edges=2, Vertices=4
   Vertex (0, 0)
   Vertex (100, 0)
   Vertex (0, 20)
   Vertex (120, 20)
   Edge (0,0) -> (100,0)
   Edge (0,20) -> (120,20)
 
 


  ╨Я╤А╨╛╨╣╨┤╨╡╨╜ LiteCad.Tests.ParallelLinesAddSegmentAuditTests.Audit_ParallelLinesAtSnapToleranceDistance_y12_tol12 [< 1 ms]
  ╨б╤В╨░╨╜╨┤╨░╤А╤В╨╜╤Л╨╡ ╨▓╤Л╤Е╨╛╨┤╨╜╤Л╨╡ ╤Б╨╛╨╛╨▒╤Й╨╡╨╜╨╕╤П:
 === AddSegment audit [parallel offset=SnapToleranceWorld@zoom=1] (tolerance=12) ===
 Existing: (0,0) -> (100,0)
 New:      (0,12) -> (120,12)
 
 --- Geometry2D pre-checks ---
 AreDirectionsParallel: True
 DistanceToLine existingStart->new segment: 12 (<=tol ? True)
 DistanceToLine existingEnd->new segment:   12 (<=tol ? True)
 AreSegmentsCollinear: True
 TryGetCollinearSegmentOverlap: TRUE overlap=(0,12)->(100,12)
 TryGetSegmentIntersection: FALSE
 IsPointOnSegmentInterior newStart on existing: False
 IsPointOnSegmentInterior newEnd on existing:   False
 IsPointOnSegmentInterior existingEnd on new:    True
 IsPointOnSegmentInterior existingStart on new:  False
 
 --- Simulated AddSegment(new) pipeline ---
 Initial breakpoints: (0,12), (120,12)
 RemoveCollinearOverlaps WOULD TrimEdgeOverlap on existing with overlap=(0,12)->(100,12)
   TrimEdgeOverlap params on existing: tStart=0, tEnd=1
 Final breakpoints after SortPointsAlongSegment: (0,12), (120,12)
 Would create 1 sub-segment(s) from breakpoints
 
 --- After AddSegment(existing) ---
 Edges=1, Vertices=2
   Vertex (0, 0)
   Vertex (100, 0)
   Edge (0,0) -> (100,0)
 
 --- After AddSegment(new) ---
 Edges=2, Vertices=4
   Vertex (0, 0)
   Vertex (100, 0)
   Vertex (0, 12)
   Vertex (120, 12)
   Edge (0,0) -> (100,0)
   Edge (0,12) -> (120,12)
 
 


  ╨Я╤А╨╛╨╣╨┤╨╡╨╜ LiteCad.Tests.ParallelLinesAddSegmentAuditTests.Audit_SquareBottomPlusRightEdge_ParallelLineAtY20 [< 1 ms]
  ╨б╤В╨░╨╜╨┤╨░╤А╤В╨╜╤Л╨╡ ╨▓╤Л╤Е╨╛╨┤╨╜╤Л╨╡ ╤Б╨╛╨╛╨▒╤Й╨╡╨╜╨╕╤П:
 === Square L-shape + parallel line at y=20 (tol=12) ===
 Edges=2, Vertices=3
   Vertex (0, 0)
   Vertex (100, 0)
   Vertex (100, 100)
   Edge (0,0) -> (100,0)
   Edge (100,0) -> (100,100)
 
 --- Geometry2D pre-checks ---
 AreDirectionsParallel: True
 DistanceToLine existingStart->new segment: 20 (<=tol ? False)
 DistanceToLine existingEnd->new segment:   20 (<=tol ? False)
 AreSegmentsCollinear: False
 TryGetCollinearSegmentOverlap: FALSE
 TryGetSegmentIntersection: FALSE
 IsPointOnSegmentInterior newStart on existing: False
 IsPointOnSegmentInterior newEnd on existing:   False
 IsPointOnSegmentInterior existingEnd on new:    False
 IsPointOnSegmentInterior existingStart on new:  False
 
 --- Simulated AddSegment(new) pipeline ---
 Initial breakpoints: (0,20), (120,20)
 RemoveCollinearOverlaps: no collinear overlap (existing edge skipped)
 Final breakpoints after SortPointsAlongSegment: (0,20), (120,20)
 Would create 1 sub-segment(s) from breakpoints
 
 Intersection new x existing edge (100,0)->(100,100) at (100,20)
 --- After AddSegment(new) ---
 Edges=5, Vertices=6
   Vertex (0, 0)
   Vertex (100, 0)
   Vertex (100, 100)
   Vertex (100, 20)
   Vertex (0, 20)
   Vertex (120, 20)
   Edge (0,0) -> (100,0)
   Edge (100,0) -> (100,20)
   Edge (100,20) -> (100,100)
   Edge (0,20) -> (100,20)
   Edge (100,20) -> (120,20)
 
 


  ╨Я╤А╨╛╨╣╨┤╨╡╨╜ LiteCad.Tests.ResourceMigrationTests.PolygonTypeDisplay_MapsToResourceStrings [< 1 ms]
  ╨Я╤А╨╛╨╣╨┤╨╡╨╜ LiteCad.Tests.ResourceMigrationTests.MoveInputMode_DoesNotDependOnDistanceLabelText [11 ms]
  ╨Я╤А╨╛╨╣╨┤╨╡╨╜ LiteCad.Tests.ResourceMigrationTests.ExistingToolBehavior_UnchangedAfterResourceMigration [3 ms]
  ╨Я╤А╨╛╨╣╨┤╨╡╨╜ LiteCad.Tests.ResourceMigrationTests.AllRequiredResourceKeysExist [< 1 ms]
  ╨Я╤А╨╛╨╣╨┤╨╡╨╜ LiteCad.Tests.ResourceMigrationTests.StringsResx_IsEmbeddedResource [< 1 ms]
  ╨Я╤А╨╛╨╣╨┤╨╡╨╜ LiteCad.Tests.ResourceMigrationTests.ToolId_IsIndependentFromDisplayText [< 1 ms]
  ╨Я╤А╨╛╨╣╨┤╨╡╨╜ LiteCad.Tests.MoveExactInputTests.ExistingObjectMoveStillWorks [9 ms]
[xUnit.net 00:00:01.74]     LiteCad.Tests.MoveExactInputTests.MoveOrthoOn_AltDoesNothing [FAIL]
[xUnit.net 00:00:01.74]       System.ArgumentNullException : Value cannot be null. (Parameter 'inputSource')
[xUnit.net 00:00:01.74]       Stack Trace:
[xUnit.net 00:00:01.74]            at System.ArgumentNullException.Throw(String paramName)
[xUnit.net 00:00:01.74]            at System.ArgumentNullException.ThrowIfNull(Object argument, String paramName)
[xUnit.net 00:00:01.74]            at System.Windows.Input.KeyEventArgs..ctor(KeyboardDevice keyboard, PresentationSource inputSource, Int32 timestamp, Key key)
[xUnit.net 00:00:01.74]         C:\Users\Admin\source\repos\LiteCad\LiteCad.Tests\MoveExactInputTests.cs(444,0): at LiteCad.Tests.MoveExactInputTests.MoveExactInputTestHost.PressAlt()
[xUnit.net 00:00:01.74]         C:\Users\Admin\source\repos\LiteCad\LiteCad.Tests\MoveExactInputTests.cs(76,0): at LiteCad.Tests.MoveExactInputTests.<>c.<MoveOrthoOn_AltDoesNothing>b__4_0()
[xUnit.net 00:00:01.74]         C:\Users\Admin\source\repos\LiteCad\LiteCad.Tests\MoveExactInputTests.cs(317,0): at LiteCad.Tests.MoveExactInputTests.<>c__DisplayClass19_0.<RunSta>b__0()
[xUnit.net 00:00:01.74]         --- End of stack trace from previous location ---
[xUnit.net 00:00:01.74]         C:\Users\Admin\source\repos\LiteCad\LiteCad.Tests\MoveExactInputTests.cs(331,0): at LiteCad.Tests.MoveExactInputTests.RunSta(Action action)
[xUnit.net 00:00:01.74]         C:\Users\Admin\source\repos\LiteCad\LiteCad.Tests\MoveExactInputTests.cs(70,0): at LiteCad.Tests.MoveExactInputTests.MoveOrthoOn_AltDoesNothing()
[xUnit.net 00:00:01.74]            at System.Reflection.MethodBaseInvoker.InterpretedInvoke_Method(Object obj, IntPtr* args)
[xUnit.net 00:00:01.74]            at System.Reflection.MethodBaseInvoker.InvokeWithNoArgs(Object obj, BindingFlags invokeAttr)
[xUnit.net 00:00:01.75]     LiteCad.Tests.MoveExactInputTests.MoveOrthoOff_AltCyclesXAndY [FAIL]
[xUnit.net 00:00:01.75]       System.ArgumentNullException : Value cannot be null. (Parameter 'inputSource')
[xUnit.net 00:00:01.75]       Stack Trace:
[xUnit.net 00:00:01.75]            at System.ArgumentNullException.Throw(String paramName)
[xUnit.net 00:00:01.75]            at System.ArgumentNullException.ThrowIfNull(Object argument, String paramName)
[xUnit.net 00:00:01.75]            at System.Windows.Input.KeyEventArgs..ctor(KeyboardDevice keyboard, PresentationSource inputSource, Int32 timestamp, Key key)
[xUnit.net 00:00:01.75]         C:\Users\Admin\source\repos\LiteCad\LiteCad.Tests\MoveExactInputTests.cs(444,0): at LiteCad.Tests.MoveExactInputTests.MoveExactInputTestHost.PressAlt()
[xUnit.net 00:00:01.75]         C:\Users\Admin\source\repos\LiteCad\LiteCad.Tests\MoveExactInputTests.cs(60,0): at LiteCad.Tests.MoveExactInputTests.<>c.<MoveOrthoOff_AltCyclesXAndY>b__3_0()
[xUnit.net 00:00:01.75]         C:\Users\Admin\source\repos\LiteCad\LiteCad.Tests\MoveExactInputTests.cs(317,0): at LiteCad.Tests.MoveExactInputTests.<>c__DisplayClass19_0.<RunSta>b__0()
[xUnit.net 00:00:01.75]         --- End of stack trace from previous location ---
[xUnit.net 00:00:01.75]         C:\Users\Admin\source\repos\LiteCad\LiteCad.Tests\MoveExactInputTests.cs(331,0): at LiteCad.Tests.MoveExactInputTests.RunSta(Action action)
[xUnit.net 00:00:01.75]         C:\Users\Admin\source\repos\LiteCad\LiteCad.Tests\MoveExactInputTests.cs(53,0): at LiteCad.Tests.MoveExactInputTests.MoveOrthoOff_AltCyclesXAndY()
[xUnit.net 00:00:01.75]            at System.Reflection.MethodBaseInvoker.InterpretedInvoke_Method(Object obj, IntPtr* args)
[xUnit.net 00:00:01.75]            at System.Reflection.MethodBaseInvoker.InvokeWithNoArgs(Object obj, BindingFlags invokeAttr)
  ╨Я╤А╨╛╨╣╨┤╨╡╨╜ LiteCad.Tests.MoveExactInputTests.MoveOrthoOff_ShowsXYFields [8 ms]
  ╨Я╤А╨╛╨╣╨┤╨╡╨╜ LiteCad.Tests.MoveExactInputTests.MoveOrthoVerticalPositiveDistance [8 ms]
  ╨Я╤А╨╛╨╣╨┤╨╡╨╜ LiteCad.Tests.MoveExactInputTests.MoveDistanceExactDelta [9 ms]
  ╨Я╤А╨╛╨╣╨┤╨╡╨╜ LiteCad.Tests.MoveExactInputTests.MoveOrthoOn_ShowsDistanceField [6 ms]
  ╨Э╨╡ ╨┐╤А╨╛╨╣╨┤╨╡╨╜ LiteCad.Tests.MoveExactInputTests.MoveOrthoOn_AltDoesNothing [6 ms]
  ╨б╨╛╨╛╨▒╤Й╨╡╨╜╨╕╨╡ ╨╛╨▒ ╨╛╤И╨╕╨▒╨║╨╡:
   System.ArgumentNullException : Value cannot be null. (Parameter 'inputSource')
  ╨в╤А╨░╤Б╤Б╨╕╤А╨╛╨▓╨║╨░ ╤Б╤В╨╡╨║╨░:
     at System.ArgumentNullException.Throw(String paramName)
   at System.ArgumentNullException.ThrowIfNull(Object argument, String paramName)
   at System.Windows.Input.KeyEventArgs..ctor(KeyboardDevice keyboard, PresentationSource inputSource, Int32 timestamp, Key key)
   at LiteCad.Tests.MoveExactInputTests.MoveExactInputTestHost.PressAlt() in C:\Users\Admin\source\repos\LiteCad\LiteCad.Tests\MoveExactInputTests.cs:line 444
   at LiteCad.Tests.MoveExactInputTests.<>c.<MoveOrthoOn_AltDoesNothing>b__4_0() in C:\Users\Admin\source\repos\LiteCad\LiteCad.Tests\MoveExactInputTests.cs:line 76
   at LiteCad.Tests.MoveExactInputTests.<>c__DisplayClass19_0.<RunSta>b__0() in C:\Users\Admin\source\repos\LiteCad\LiteCad.Tests\MoveExactInputTests.cs:line 317
--- End of stack trace from previous location ---
   at LiteCad.Tests.MoveExactInputTests.RunSta(Action action) in C:\Users\Admin\source\repos\LiteCad\LiteCad.Tests\MoveExactInputTests.cs:line 331
   at LiteCad.Tests.MoveExactInputTests.MoveOrthoOn_AltDoesNothing() in C:\Users\Admin\source\repos\LiteCad\LiteCad.Tests\MoveExactInputTests.cs:line 70
   at System.Reflection.MethodBaseInvoker.InterpretedInvoke_Method(Object obj, IntPtr* args)
   at System.Reflection.MethodBaseInvoker.InvokeWithNoArgs(Object obj, BindingFlags invokeAttr)
  ╨Я╤А╨╛╨╣╨┤╨╡╨╜ LiteCad.Tests.MoveExactInputTests.MoveOrthoVerticalNegativeDistance [6 ms]
  ╨Э╨╡ ╨┐╤А╨╛╨╣╨┤╨╡╨╜ LiteCad.Tests.MoveExactInputTests.MoveOrthoOff_AltCyclesXAndY [8 ms]
  ╨б╨╛╨╛╨▒╤Й╨╡╨╜╨╕╨╡ ╨╛╨▒ ╨╛╤И╨╕╨▒╨║╨╡:
   System.ArgumentNullException : Value cannot be null. (Parameter 'inputSource')
  ╨в╤А╨░╤Б╤Б╨╕╤А╨╛╨▓╨║╨░ ╤Б╤В╨╡╨║╨░:
     at System.ArgumentNullException.Throw(String paramName)
   at System.ArgumentNullException.ThrowIfNull(Object argument, String paramName)
   at System.Windows.Input.KeyEventArgs..ctor(KeyboardDevice keyboard, PresentationSource inputSource, Int32 timestamp, Key key)
   at LiteCad.Tests.MoveExactInputTests.MoveExactInputTestHost.PressAlt() in C:\Users\Admin\source\repos\LiteCad\LiteCad.Tests\MoveExactInputTests.cs:line 444
   at LiteCad.Tests.MoveExactInputTests.<>c.<MoveOrthoOff_AltCyclesXAndY>b__3_0() in C:\Users\Admin\source\repos\LiteCad\LiteCad.Tests\MoveExactInputTests.cs:line 60
   at LiteCad.Tests.MoveExactInputTests.<>c__DisplayClass19_0.<RunSta>b__0() in C:\Users\Admin\source\repos\LiteCad\LiteCad.Tests\MoveExactInputTests.cs:line 317
--- End of stack trace from previous location ---
   at LiteCad.Tests.MoveExactInputTests.RunSta(Action action) in C:\Users\Admin\source\repos\LiteCad\LiteCad.Tests\MoveExactInputTests.cs:line 331
   at LiteCad.Tests.MoveExactInputTests.MoveOrthoOff_AltCyclesXAndY() in C:\Users\Admin\source\repos\LiteCad\LiteCad.Tests\MoveExactInputTests.cs:line 53
   at System.Reflection.MethodBaseInvoker.InterpretedInvoke_Method(Object obj, IntPtr* args)
   at System.Reflection.MethodBaseInvoker.InvokeWithNoArgs(Object obj, BindingFlags invokeAttr)
  ╨Я╤А╨╛╨╣╨┤╨╡╨╜ LiteCad.Tests.MoveExactInputTests.ToggleOrtho_DoesNotMixInputValues [7 ms]
  ╨Я╤А╨╛╨╣╨┤╨╡╨╜ LiteCad.Tests.MoveExactInputTests.UndoRedoStillWorks [7 ms]
  ╨Я╤А╨╛╨╣╨┤╨╡╨╜ LiteCad.Tests.MoveExactInputTests.MoveOrthoHorizontalNegativeDistance [6 ms]
  ╨Я╤А╨╛╨╣╨┤╨╡╨╜ LiteCad.Tests.MoveExactInputTests.PreviewDoesNotMutateDocument [7 ms]
  ╨Я╤А╨╛╨╣╨┤╨╡╨╜ LiteCad.Tests.MoveExactInputTests.MoveOrthoHorizontalPositiveDistance [7 ms]
  ╨Я╤А╨╛╨╣╨┤╨╡╨╜ LiteCad.Tests.MoveExactInputTests.MoveOrthoHorizontalPositiveDistance_EnterCommits [6 ms]
  ╨Я╤А╨╛╨╣╨┤╨╡╨╜ LiteCad.Tests.MoveExactInputTests.MoveXYExactDelta [7 ms]
  ╨Я╤А╨╛╨╣╨┤╨╡╨╜ LiteCad.Tests.RectangleToolTests.Rectangle_DragNegativeXAndY(width: -100, height: -80) [5 ms]
  ╨Я╤А╨╛╨╣╨┤╨╡╨╜ LiteCad.Tests.RectangleToolTests.Rectangle_DragNegativeXAndY(width: -100, height: 80) [1 ms]
  ╨Я╤А╨╛╨╣╨┤╨╡╨╜ LiteCad.Tests.RectangleToolTests.Rectangle_DragNegativeXAndY(width: 100, height: 80) [< 1 ms]
  ╨Я╤А╨╛╨╣╨┤╨╡╨╜ LiteCad.Tests.RectangleToolTests.Rectangle_DragNegativeXAndY(width: 100, height: -80) [< 1 ms]
  ╨Я╤А╨╛╨╣╨┤╨╡╨╜ LiteCad.Tests.RectangleToolTests.Rectangle_MouseFlow [1 ms]
  ╨Я╤А╨╛╨╣╨┤╨╡╨╜ LiteCad.Tests.RectangleToolTests.EmptyDocument_CreateRectangle_CreatesFourVerticesFourEdgesAndOneFace [1 ms]
  ╨Я╤А╨╛╨╣╨┤╨╡╨╜ LiteCad.Tests.RectangleToolTests.RectangleSizeInputParser_ParsesFormats(input: "4000,3000", width: 4000, height: 3000) [3 ms]
  ╨Я╤А╨╛╨╣╨┤╨╡╨╜ LiteCad.Tests.RectangleToolTests.RectangleSizeInputParser_ParsesFormats(input: "4000 ├Ч 3000", width: 4000, height: 3000) [< 1 ms]
  ╨Я╤А╨╛╨╣╨┤╨╡╨╜ LiteCad.Tests.RectangleToolTests.RectangleSizeInputParser_ParsesFormats(input: "4000x3000", width: 4000, height: 3000) [< 1 ms]
  ╨Я╤А╨╛╨╣╨┤╨╡╨╜ LiteCad.Tests.RectangleToolTests.RectangleSizeInputParser_ParsesFormats(input: "4000 x 3000", width: 4000, height: 3000) [< 1 ms]
  ╨Я╤А╨╛╨╣╨┤╨╡╨╜ LiteCad.Tests.RectangleToolTests.Rectangle_SizeInputCreatesCorrectArea [1 ms]
  ╨Я╤А╨╛╨╣╨┤╨╡╨╜ LiteCad.Tests.RectangleToolTests.Rectangle_ExactSizeInput [1 ms]
  ╨Я╤А╨╛╨╣╨┤╨╡╨╜ LiteCad.Tests.RectangleToolTests.Rectangle_AfterExistingGeometry [1 ms]
  ╨Я╤А╨╛╨╣╨┤╨╡╨╜ LiteCad.Tests.RectangleToolTests.Rectangle_SnapToExistingCorner [1 ms]
  ╨Я╤А╨╛╨╣╨┤╨╡╨╜ LiteCad.Tests.RectangleToolTests.RectanglePreviewDoesNotMutateDocument [1 ms]
  ╨Я╤А╨╛╨╣╨┤╨╡╨╜ LiteCad.Tests.RectangleToolTests.Rectangle_UndoIsSingleOperation [1 ms]
  ╨Я╤А╨╛╨╣╨┤╨╡╨╜ LiteCad.Tests.RectangleToolTests.Rectangle_DeleteEdge [1 ms]
  ╨Я╤А╨╛╨╣╨┤╨╡╨╜ LiteCad.Tests.RectangleToolTests.Rectangle_WithDiagonal [1 ms]
  ╨Я╤А╨╛╨╣╨┤╨╡╨╜ LiteCad.Tests.RectangleToolTests.RectangleCornersUseCanonicalVertices [5 ms]
  ╨Я╤А╨╛╨╣╨┤╨╡╨╜ LiteCad.Tests.RectangleToolTests.Rectangle_ExactSizeInput_WithSpaces [1 ms]
  ╨Я╤А╨╛╨╣╨┤╨╡╨╜ LiteCad.Tests.RectangleToolTests.Rectangle_ExactSizeInput_Comma [1 ms]
  ╨Я╤А╨╛╨╣╨┤╨╡╨╜ LiteCad.Tests.RectangleToolTests.Rectangle_RedoRestores [1 ms]
  ╨Я╤А╨╛╨╣╨┤╨╡╨╜ LiteCad.Tests.MoveToolTests.MoveVertex_UpdatesConnectedEdges [1 ms]
  ╨Я╤А╨╛╨╣╨┤╨╡╨╜ LiteCad.Tests.MoveToolTests.MovePreview_DoesNotMutateDocument [3 ms]
  ╨Я╤А╨╛╨╣╨┤╨╡╨╜ LiteCad.Tests.MoveToolTests.MoveVertex_UndoRedo [< 1 ms]
  ╨Я╤А╨╛╨╣╨┤╨╡╨╜ LiteCad.Tests.MoveToolTests.MovingVertexViaTool_ChangesVertexPositionOnly [1 ms]
  ╨Я╤А╨╛╨╣╨┤╨╡╨╜ LiteCad.Tests.MoveToolTests.RightClickDuringActiveMove_CancelsPreviewAndRestoresDocument [1 ms]
  ╨Я╤А╨╛╨╣╨┤╨╡╨╜ LiteCad.Tests.MoveToolTests.MoveMultipleEdges_AsOneSelection [< 1 ms]
  ╨Я╤А╨╛╨╣╨┤╨╡╨╜ LiteCad.Tests.MoveToolTests.MoveVertex_RebuildsFace [< 1 ms]
  ╨Я╤А╨╛╨╣╨┤╨╡╨╜ LiteCad.Tests.MoveToolTests.MoveOneRoom_DoesNotMoveOtherRoom [2 ms]
  ╨Я╤А╨╛╨╣╨┤╨╡╨╜ LiteCad.Tests.MoveToolTests.VertexHandle_UsesExistingVertexId [< 1 ms]
  ╨Я╤А╨╛╨╣╨┤╨╡╨╜ LiteCad.Tests.MoveToolTests.MoveVertex_DoesNotCreateVertex [< 1 ms]
  ╨Я╤А╨╛╨╣╨┤╨╡╨╜ LiteCad.Tests.MoveToolTests.ClickingVertex_EntersVertexMoveMode [1 ms]
  ╨Я╤А╨╛╨╣╨┤╨╡╨╜ LiteCad.Tests.MoveToolTests.VertexHandles_RemainCorrectScreenSizeAfterZoomAndPan [< 1 ms]
  ╨Я╤А╨╛╨╣╨┤╨╡╨╜ LiteCad.Tests.MoveToolTests.MoveClosedSelection_RebuildsFace [< 1 ms]
  ╨Я╤А╨╛╨╣╨┤╨╡╨╜ LiteCad.Tests.MoveToolTests.RightClick_ClearsSelectionWhileStayingInMoveTool [1 ms]
  ╨Я╤А╨╛╨╣╨┤╨╡╨╜ LiteCad.Tests.MoveToolTests.MoveVertex_PreservesVertexId [< 1 ms]
  ╨Я╤А╨╛╨╣╨┤╨╡╨╜ LiteCad.Tests.MoveToolTests.MoveSelection_UndoRedo [< 1 ms]
  ╨Я╤А╨╛╨╣╨┤╨╡╨╜ LiteCad.Tests.MoveToolTests.ActivatingMove_ShowsVertexHandlesForAllVertices [1 ms]
  ╨Я╤А╨╛╨╣╨┤╨╡╨╜ LiteCad.Tests.MoveToolTests.MoveTwoRooms_PreservesTwoFaces [< 1 ms]
  ╨Я╤А╨╛╨╣╨┤╨╡╨╜ LiteCad.Tests.MoveToolTests.MoveSingleEdge_RecreatesGeometry [< 1 ms]
  ╨Я╤А╨╛╨╣╨┤╨╡╨╜ LiteCad.Tests.MoveToolTests.MovingVertexViaTool_ConnectedEdgesFollow [1 ms]
  ╨Я╤А╨╛╨╣╨┤╨╡╨╜ LiteCad.Tests.MoveToolTests.MoveSelection_NoDanglingReferences [< 1 ms]
  ╨Я╤А╨╛╨╣╨┤╨╡╨╜ LiteCad.Tests.MoveToolTests.MoveSingleEdge_DetachesSharedVertex [< 1 ms]
  ╨Я╤А╨╛╨╣╨┤╨╡╨╜ LiteCad.Tests.MoveToolTests.MoveSingleEdge_LeavesUnselectedGeometry [< 1 ms]
  ╨Я╤А╨╛╨╣╨┤╨╡╨╜ LiteCad.Tests.MoveToolTests.RightClick_DoesNotCreateUndoEntry [1 ms]
  ╨Я╤А╨╛╨╣╨┤╨╡╨╜ LiteCad.Tests.MoveToolTests.ObjectMove_ContinuesToWorkAfterVertexHandleChanges [< 1 ms]
  ╨Я╤А╨╛╨╣╨┤╨╡╨╜ LiteCad.Tests.TopologyTests.SquareCornerProducesOneVertexSnap [1 ms]
  ╨Я╤А╨╛╨╣╨┤╨╡╨╜ LiteCad.Tests.TopologyTests.DeleteEdgeRemovesAffectedFace [< 1 ms]
  ╨Я╤А╨╛╨╣╨┤╨╡╨╜ LiteCad.Tests.TopologyTests.NewDocumentClearsTopologyAndSuppression [< 1 ms]
  ╨Я╤А╨╛╨╣╨┤╨╡╨╜ LiteCad.Tests.TopologyTests.OutsideToleranceCreatesDifferentVertex [< 1 ms]
  ╨Я╤А╨╛╨╣╨┤╨╡╨╜ LiteCad.Tests.TopologyTests.RecreateEdgeRestoresFace [< 1 ms]
  ╨Я╤А╨╛╨╣╨┤╨╡╨╜ LiteCad.Tests.TopologyTests.NoDuplicateVerticesAtIntersection [< 1 ms]
  ╨Я╤А╨╛╨╣╨┤╨╡╨╜ LiteCad.Tests.TopologyTests.ExplicitFaceSuppressionStillWorks [< 1 ms]
  ╨Я╤А╨╛╨╣╨┤╨╡╨╜ LiteCad.Tests.TopologyTests.TopologyChangeInvalidatesSuppression [< 1 ms]
  ╨Я╤А╨╛╨╣╨┤╨╡╨╜ LiteCad.Tests.TopologyTests.MoveVertexUpdatesConnectedEdges [< 1 ms]
  ╨Я╤А╨╛╨╣╨┤╨╡╨╜ LiteCad.Tests.TopologyTests.ConnectedEdgesShareCanonicalVertex [< 1 ms]
  ╨Я╤А╨╛╨╣╨┤╨╡╨╜ LiteCad.Tests.TopologyTests.NearCoincidentPointsReuseVertex [< 1 ms]
[xUnit.net 00:00:01.88]     LiteCad.Tests.RectangleSizeInputTests.Escape_CancelsRectangle [FAIL]
[xUnit.net 00:00:01.88]       System.ArgumentNullException : Value cannot be null. (Parameter 'inputSource')
[xUnit.net 00:00:01.88]       Stack Trace:
[xUnit.net 00:00:01.88]            at System.ArgumentNullException.Throw(String paramName)
[xUnit.net 00:00:01.88]            at System.ArgumentNullException.ThrowIfNull(Object argument, String paramName)
[xUnit.net 00:00:01.88]            at System.Windows.Input.KeyEventArgs..ctor(KeyboardDevice keyboard, PresentationSource inputSource, Int32 timestamp, Key key)
[xUnit.net 00:00:01.88]         C:\Users\Admin\source\repos\LiteCad\LiteCad.Tests\RectangleSizeInputTests.cs(272,0): at LiteCad.Tests.RectangleSizeInputTests.RectangleSizeInputTestHost.PressEscape()
[xUnit.net 00:00:01.88]         C:\Users\Admin\source\repos\LiteCad\LiteCad.Tests\RectangleSizeInputTests.cs(184,0): at LiteCad.Tests.RectangleSizeInputTests.<>c.<Escape_CancelsRectangle>b__10_0()
[xUnit.net 00:00:01.88]         C:\Users\Admin\source\repos\LiteCad\LiteCad.Tests\RectangleSizeInputTests.cs(200,0): at LiteCad.Tests.RectangleSizeInputTests.<>c__DisplayClass12_0.<RunSta>b__0()
[xUnit.net 00:00:01.88]         --- End of stack trace from previous location ---
[xUnit.net 00:00:01.88]         C:\Users\Admin\source\repos\LiteCad\LiteCad.Tests\RectangleSizeInputTests.cs(214,0): at LiteCad.Tests.RectangleSizeInputTests.RunSta(Action action)
[xUnit.net 00:00:01.88]         C:\Users\Admin\source\repos\LiteCad\LiteCad.Tests\RectangleSizeInputTests.cs(179,0): at LiteCad.Tests.RectangleSizeInputTests.Escape_CancelsRectangle()
[xUnit.net 00:00:01.88]            at System.Reflection.MethodBaseInvoker.InterpretedInvoke_Method(Object obj, IntPtr* args)
[xUnit.net 00:00:01.88]            at System.Reflection.MethodBaseInvoker.InvokeWithNoArgs(Object obj, BindingFlags invokeAttr)
[xUnit.net 00:00:01.89]     LiteCad.Tests.RectangleSizeInputTests.Alt_SwitchesFromWidthToHeight [FAIL]
[xUnit.net 00:00:01.89]       System.ArgumentNullException : Value cannot be null. (Parameter 'inputSource')
[xUnit.net 00:00:01.89]       Stack Trace:
[xUnit.net 00:00:01.89]            at System.ArgumentNullException.Throw(String paramName)
[xUnit.net 00:00:01.89]            at System.ArgumentNullException.ThrowIfNull(Object argument, String paramName)
[xUnit.net 00:00:01.89]            at System.Windows.Input.KeyEventArgs..ctor(KeyboardDevice keyboard, PresentationSource inputSource, Int32 timestamp, Key key)
[xUnit.net 00:00:01.89]         C:\Users\Admin\source\repos\LiteCad\LiteCad.Tests\RectangleSizeInputTests.cs(286,0): at LiteCad.Tests.RectangleSizeInputTests.RectangleSizeInputTestHost.PressAlt()
[xUnit.net 00:00:01.89]         C:\Users\Admin\source\repos\LiteCad\LiteCad.Tests\RectangleSizeInputTests.cs(36,0): at LiteCad.Tests.RectangleSizeInputTests.<>c.<Alt_SwitchesFromWidthToHeight>b__1_0()
[xUnit.net 00:00:01.89]         C:\Users\Admin\source\repos\LiteCad\LiteCad.Tests\RectangleSizeInputTests.cs(200,0): at LiteCad.Tests.RectangleSizeInputTests.<>c__DisplayClass12_0.<RunSta>b__0()
[xUnit.net 00:00:01.89]         --- End of stack trace from previous location ---
[xUnit.net 00:00:01.89]         C:\Users\Admin\source\repos\LiteCad\LiteCad.Tests\RectangleSizeInputTests.cs(214,0): at LiteCad.Tests.RectangleSizeInputTests.RunSta(Action action)
[xUnit.net 00:00:01.89]         C:\Users\Admin\source\repos\LiteCad\LiteCad.Tests\RectangleSizeInputTests.cs(32,0): at LiteCad.Tests.RectangleSizeInputTests.Alt_SwitchesFromWidthToHeight()
[xUnit.net 00:00:01.89]            at System.Reflection.MethodBaseInvoker.InterpretedInvoke_Method(Object obj, IntPtr* args)
[xUnit.net 00:00:01.89]            at System.Reflection.MethodBaseInvoker.InvokeWithNoArgs(Object obj, BindingFlags invokeAttr)
[xUnit.net 00:00:01.90]     LiteCad.Tests.RectangleSizeInputTests.AfterAltSwitch_CanContinueTyping [FAIL]
[xUnit.net 00:00:01.90]       System.ArgumentNullException : Value cannot be null. (Parameter 'inputSource')
[xUnit.net 00:00:01.90]       Stack Trace:
[xUnit.net 00:00:01.90]            at System.ArgumentNullException.Throw(String paramName)
[xUnit.net 00:00:01.90]            at System.ArgumentNullException.ThrowIfNull(Object argument, String paramName)
[xUnit.net 00:00:01.90]            at System.Windows.Input.KeyEventArgs..ctor(KeyboardDevice keyboard, PresentationSource inputSource, Int32 timestamp, Key key)
[xUnit.net 00:00:01.90]         C:\Users\Admin\source\repos\LiteCad\LiteCad.Tests\RectangleSizeInputTests.cs(286,0): at LiteCad.Tests.RectangleSizeInputTests.RectangleSizeInputTestHost.PressAlt()
[xUnit.net 00:00:01.90]         C:\Users\Admin\source\repos\LiteCad\LiteCad.Tests\RectangleSizeInputTests.cs(151,0): at LiteCad.Tests.RectangleSizeInputTests.<>c.<AfterAltSwitch_CanContinueTyping>b__8_0()
[xUnit.net 00:00:01.90]         C:\Users\Admin\source\repos\LiteCad\LiteCad.Tests\RectangleSizeInputTests.cs(200,0): at LiteCad.Tests.RectangleSizeInputTests.<>c__DisplayClass12_0.<RunSta>b__0()
[xUnit.net 00:00:01.90]         --- End of stack trace from previous location ---
[xUnit.net 00:00:01.90]         C:\Users\Admin\source\repos\LiteCad\LiteCad.Tests\RectangleSizeInputTests.cs(214,0): at LiteCad.Tests.RectangleSizeInputTests.RunSta(Action action)
[xUnit.net 00:00:01.90]         C:\Users\Admin\source\repos\LiteCad\LiteCad.Tests\RectangleSizeInputTests.cs(146,0): at LiteCad.Tests.RectangleSizeInputTests.AfterAltSwitch_CanContinueTyping()
[xUnit.net 00:00:01.90]            at System.Reflection.MethodBaseInvoker.InterpretedInvoke_Method(Object obj, IntPtr* args)
[xUnit.net 00:00:01.90]            at System.Reflection.MethodBaseInvoker.InvokeWithNoArgs(Object obj, BindingFlags invokeAttr)
[xUnit.net 00:00:01.91]     LiteCad.Tests.RectangleSizeInputTests.FirstClick_ActivatesWidthField [FAIL]
[xUnit.net 00:00:01.91]       Assert.True() Failure
[xUnit.net 00:00:01.91]       Expected: True
[xUnit.net 00:00:01.91]       Actual:   False
[xUnit.net 00:00:01.91]       Stack Trace:
[xUnit.net 00:00:01.91]         C:\Users\Admin\source\repos\LiteCad\LiteCad.Tests\RectangleSizeInputTests.cs(25,0): at LiteCad.Tests.RectangleSizeInputTests.<>c.<FirstClick_ActivatesWidthField>b__0_0()
[xUnit.net 00:00:01.91]         C:\Users\Admin\source\repos\LiteCad\LiteCad.Tests\RectangleSizeInputTests.cs(200,0): at LiteCad.Tests.RectangleSizeInputTests.<>c__DisplayClass12_0.<RunSta>b__0()
[xUnit.net 00:00:01.91]         --- End of stack trace from previous location ---
[xUnit.net 00:00:01.91]         C:\Users\Admin\source\repos\LiteCad\LiteCad.Tests\RectangleSizeInputTests.cs(214,0): at LiteCad.Tests.RectangleSizeInputTests.RunSta(Action action)
[xUnit.net 00:00:01.91]         C:\Users\Admin\source\repos\LiteCad\LiteCad.Tests\RectangleSizeInputTests.cs(18,0): at LiteCad.Tests.RectangleSizeInputTests.FirstClick_ActivatesWidthField()
[xUnit.net 00:00:01.91]            at System.Reflection.MethodBaseInvoker.InterpretedInvoke_Method(Object obj, IntPtr* args)
[xUnit.net 00:00:01.91]            at System.Reflection.MethodBaseInvoker.InvokeWithNoArgs(Object obj, BindingFlags invokeAttr)
  ╨Я╤А╨╛╨╣╨┤╨╡╨╜ LiteCad.Tests.TopologyTests.Square_CreatesFourCanonicalVertices [< 1 ms]
  ╨Я╤А╨╛╨╣╨┤╨╡╨╜ LiteCad.Tests.TopologyTests.ReverseOverlappingEdgeDoesNotDuplicate [< 1 ms]
  ╨Я╤А╨╛╨╣╨┤╨╡╨╜ LiteCad.Tests.TopologyTests.OverlappingEdgeDoesNotDuplicate [< 1 ms]
  ╨Я╤А╨╛╨╣╨┤╨╡╨╜ LiteCad.Tests.TopologyTests.DiagonalCreatesTwoFaces [< 1 ms]
  ╨Я╤А╨╛╨╣╨┤╨╡╨╜ LiteCad.Tests.TopologyTests.DiagonalSplitsSquareEdges [< 1 ms]
  ╨Э╨╡ ╨┐╤А╨╛╨╣╨┤╨╡╨╜ LiteCad.Tests.RectangleSizeInputTests.Escape_CancelsRectangle [8 ms]
  ╨б╨╛╨╛╨▒╤Й╨╡╨╜╨╕╨╡ ╨╛╨▒ ╨╛╤И╨╕╨▒╨║╨╡:
   System.ArgumentNullException : Value cannot be null. (Parameter 'inputSource')
  ╨в╤А╨░╤Б╤Б╨╕╤А╨╛╨▓╨║╨░ ╤Б╤В╨╡╨║╨░:
     at System.ArgumentNullException.Throw(String paramName)
   at System.ArgumentNullException.ThrowIfNull(Object argument, String paramName)
   at System.Windows.Input.KeyEventArgs..ctor(KeyboardDevice keyboard, PresentationSource inputSource, Int32 timestamp, Key key)
   at LiteCad.Tests.RectangleSizeInputTests.RectangleSizeInputTestHost.PressEscape() in C:\Users\Admin\source\repos\LiteCad\LiteCad.Tests\RectangleSizeInputTests.cs:line 272
   at LiteCad.Tests.RectangleSizeInputTests.<>c.<Escape_CancelsRectangle>b__10_0() in C:\Users\Admin\source\repos\LiteCad\LiteCad.Tests\RectangleSizeInputTests.cs:line 184
   at LiteCad.Tests.RectangleSizeInputTests.<>c__DisplayClass12_0.<RunSta>b__0() in C:\Users\Admin\source\repos\LiteCad\LiteCad.Tests\RectangleSizeInputTests.cs:line 200
--- End of stack trace from previous location ---
   at LiteCad.Tests.RectangleSizeInputTests.RunSta(Action action) in C:\Users\Admin\source\repos\LiteCad\LiteCad.Tests\RectangleSizeInputTests.cs:line 214
   at LiteCad.Tests.RectangleSizeInputTests.Escape_CancelsRectangle() in C:\Users\Admin\source\repos\LiteCad\LiteCad.Tests\RectangleSizeInputTests.cs:line 179
   at System.Reflection.MethodBaseInvoker.InterpretedInvoke_Method(Object obj, IntPtr* args)
   at System.Reflection.MethodBaseInvoker.InvokeWithNoArgs(Object obj, BindingFlags invokeAttr)
  ╨Э╨╡ ╨┐╤А╨╛╨╣╨┤╨╡╨╜ LiteCad.Tests.RectangleSizeInputTests.Alt_SwitchesFromWidthToHeight [7 ms]
  ╨б╨╛╨╛╨▒╤Й╨╡╨╜╨╕╨╡ ╨╛╨▒ ╨╛╤И╨╕╨▒╨║╨╡:
   System.ArgumentNullException : Value cannot be null. (Parameter 'inputSource')
  ╨в╤А╨░╤Б╤Б╨╕╤А╨╛╨▓╨║╨░ ╤Б╤В╨╡╨║╨░:
     at System.ArgumentNullException.Throw(String paramName)
   at System.ArgumentNullException.ThrowIfNull(Object argument, String paramName)
   at System.Windows.Input.KeyEventArgs..ctor(KeyboardDevice keyboard, PresentationSource inputSource, Int32 timestamp, Key key)
   at LiteCad.Tests.RectangleSizeInputTests.RectangleSizeInputTestHost.PressAlt() in C:\Users\Admin\source\repos\LiteCad\LiteCad.Tests\RectangleSizeInputTests.cs:line 286
   at LiteCad.Tests.RectangleSizeInputTests.<>c.<Alt_SwitchesFromWidthToHeight>b__1_0() in C:\Users\Admin\source\repos\LiteCad\LiteCad.Tests\RectangleSizeInputTests.cs:line 36
   at LiteCad.Tests.RectangleSizeInputTests.<>c__DisplayClass12_0.<RunSta>b__0() in C:\Users\Admin\source\repos\LiteCad\LiteCad.Tests\RectangleSizeInputTests.cs:line 200
--- End of stack trace from previous location ---
   at LiteCad.Tests.RectangleSizeInputTests.RunSta(Action action) in C:\Users\Admin\source\repos\LiteCad\LiteCad.Tests\RectangleSizeInputTests.cs:line 214
   at LiteCad.Tests.RectangleSizeInputTests.Alt_SwitchesFromWidthToHeight() in C:\Users\Admin\source\repos\LiteCad\LiteCad.Tests\RectangleSizeInputTests.cs:line 32
   at System.Reflection.MethodBaseInvoker.InterpretedInvoke_Method(Object obj, IntPtr* args)
   at System.Reflection.MethodBaseInvoker.InvokeWithNoArgs(Object obj, BindingFlags invokeAttr)
  ╨Э╨╡ ╨┐╤А╨╛╨╣╨┤╨╡╨╜ LiteCad.Tests.RectangleSizeInputTests.AfterAltSwitch_CanContinueTyping [10 ms]
  ╨б╨╛╨╛╨▒╤Й╨╡╨╜╨╕╨╡ ╨╛╨▒ ╨╛╤И╨╕╨▒╨║╨╡:
   System.ArgumentNullException : Value cannot be null. (Parameter 'inputSource')
  ╨в╤А╨░╤Б╤Б╨╕╤А╨╛╨▓╨║╨░ ╤Б╤В╨╡╨║╨░:
     at System.ArgumentNullException.Throw(String paramName)
   at System.ArgumentNullException.ThrowIfNull(Object argument, String paramName)
   at System.Windows.Input.KeyEventArgs..ctor(KeyboardDevice keyboard, PresentationSource inputSource, Int32 timestamp, Key key)
   at LiteCad.Tests.RectangleSizeInputTests.RectangleSizeInputTestHost.PressAlt() in C:\Users\Admin\source\repos\LiteCad\LiteCad.Tests\RectangleSizeInputTests.cs:line 286
   at LiteCad.Tests.RectangleSizeInputTests.<>c.<AfterAltSwitch_CanContinueTyping>b__8_0() in C:\Users\Admin\source\repos\LiteCad\LiteCad.Tests\RectangleSizeInputTests.cs:line 151
   at LiteCad.Tests.RectangleSizeInputTests.<>c__DisplayClass12_0.<RunSta>b__0() in C:\Users\Admin\source\repos\LiteCad\LiteCad.Tests\RectangleSizeInputTests.cs:line 200
--- End of stack trace from previous location ---
   at LiteCad.Tests.RectangleSizeInputTests.RunSta(Action action) in C:\Users\Admin\source\repos\LiteCad\LiteCad.Tests\RectangleSizeInputTests.cs:line 214
   at LiteCad.Tests.RectangleSizeInputTests.AfterAltSwitch_CanContinueTyping() in C:\Users\Admin\source\repos\LiteCad\LiteCad.Tests\RectangleSizeInputTests.cs:line 146
   at System.Reflection.MethodBaseInvoker.InterpretedInvoke_Method(Object obj, IntPtr* args)
   at System.Reflection.MethodBaseInvoker.InvokeWithNoArgs(Object obj, BindingFlags invokeAttr)
  ╨Э╨╡ ╨┐╤А╨╛╨╣╨┤╨╡╨╜ LiteCad.Tests.RectangleSizeInputTests.FirstClick_ActivatesWidthField [6 ms]
  ╨б╨╛╨╛╨▒╤Й╨╡╨╜╨╕╨╡ ╨╛╨▒ ╨╛╤И╨╕╨▒╨║╨╡:
   Assert.True() Failure
Expected: True
Actual:   False
  ╨в╤А╨░╤Б╤Б╨╕╤А╨╛╨▓╨║╨░ ╤Б╤В╨╡╨║╨░:
     at LiteCad.Tests.RectangleSizeInputTests.<>c.<FirstClick_ActivatesWidthField>b__0_0() in C:\Users\Admin\source\repos\LiteCad\LiteCad.Tests\RectangleSizeInputTests.cs:line 25
   at LiteCad.Tests.RectangleSizeInputTests.<>c__DisplayClass12_0.<RunSta>b__0() in C:\Users\Admin\source\repos\LiteCad\LiteCad.Tests\RectangleSizeInputTests.cs:line 200
--- End of stack trace from previous location ---
   at LiteCad.Tests.RectangleSizeInputTests.RunSta(Action action) in C:\Users\Admin\source\repos\LiteCad\LiteCad.Tests\RectangleSizeInputTests.cs:line 214
   at LiteCad.Tests.RectangleSizeInputTests.FirstClick_ActivatesWidthField() in C:\Users\Admin\source\repos\LiteCad\LiteCad.Tests\RectangleSizeInputTests.cs:line 18
   at System.Reflection.MethodBaseInvoker.InterpretedInvoke_Method(Object obj, IntPtr* args)
   at System.Reflection.MethodBaseInvoker.InvokeWithNoArgs(Object obj, BindingFlags invokeAttr)
[xUnit.net 00:00:01.91]     LiteCad.Tests.RectangleSizeInputTests.Alt_DoesNotCancelRectangle [FAIL]
[xUnit.net 00:00:01.91]       System.ArgumentNullException : Value cannot be null. (Parameter 'inputSource')
[xUnit.net 00:00:01.91]       Stack Trace:
[xUnit.net 00:00:01.91]            at System.ArgumentNullException.Throw(String paramName)
[xUnit.net 00:00:01.91]            at System.ArgumentNullException.ThrowIfNull(Object argument, String paramName)
[xUnit.net 00:00:01.91]            at System.Windows.Input.KeyEventArgs..ctor(KeyboardDevice keyboard, PresentationSource inputSource, Int32 timestamp, Key key)
[xUnit.net 00:00:01.91]         C:\Users\Admin\source\repos\LiteCad\LiteCad.Tests\RectangleSizeInputTests.cs(286,0): at LiteCad.Tests.RectangleSizeInputTests.RectangleSizeInputTestHost.PressAlt()
[xUnit.net 00:00:01.91]         C:\Users\Admin\source\repos\LiteCad\LiteCad.Tests\RectangleSizeInputTests.cs(135,0): at LiteCad.Tests.RectangleSizeInputTests.<>c.<Alt_DoesNotCancelRectangle>b__7_0()
[xUnit.net 00:00:01.91]         C:\Users\Admin\source\repos\LiteCad\LiteCad.Tests\RectangleSizeInputTests.cs(200,0): at LiteCad.Tests.RectangleSizeInputTests.<>c__DisplayClass12_0.<RunSta>b__0()
[xUnit.net 00:00:01.91]         --- End of stack trace from previous location ---
[xUnit.net 00:00:01.91]         C:\Users\Admin\source\repos\LiteCad\LiteCad.Tests\RectangleSizeInputTests.cs(214,0): at LiteCad.Tests.RectangleSizeInputTests.RunSta(Action action)
[xUnit.net 00:00:01.91]         C:\Users\Admin\source\repos\LiteCad\LiteCad.Tests\RectangleSizeInputTests.cs(131,0): at LiteCad.Tests.RectangleSizeInputTests.Alt_DoesNotCancelRectangle()
[xUnit.net 00:00:01.91]            at System.Reflection.MethodBaseInvoker.InterpretedInvoke_Method(Object obj, IntPtr* args)
[xUnit.net 00:00:01.91]            at System.Reflection.MethodBaseInvoker.InvokeWithNoArgs(Object obj, BindingFlags invokeAttr)
[xUnit.net 00:00:01.92]     LiteCad.Tests.RectangleSizeInputTests.Alt_PreservesWidthText [FAIL]
[xUnit.net 00:00:01.92]       System.ArgumentNullException : Value cannot be null. (Parameter 'inputSource')
[xUnit.net 00:00:01.92]       Stack Trace:
[xUnit.net 00:00:01.92]            at System.ArgumentNullException.Throw(String paramName)
[xUnit.net 00:00:01.92]            at System.ArgumentNullException.ThrowIfNull(Object argument, String paramName)
[xUnit.net 00:00:01.92]            at System.Windows.Input.KeyEventArgs..ctor(KeyboardDevice keyboard, PresentationSource inputSource, Int32 timestamp, Key key)
[xUnit.net 00:00:01.92]         C:\Users\Admin\source\repos\LiteCad\LiteCad.Tests\RectangleSizeInputTests.cs(286,0): at LiteCad.Tests.RectangleSizeInputTests.RectangleSizeInputTestHost.PressAlt()
[xUnit.net 00:00:01.92]         C:\Users\Admin\source\repos\LiteCad\LiteCad.Tests\RectangleSizeInputTests.cs(86,0): at LiteCad.Tests.RectangleSizeInputTests.<>c.<Alt_PreservesWidthText>b__4_0()
[xUnit.net 00:00:01.92]         C:\Users\Admin\source\repos\LiteCad\LiteCad.Tests\RectangleSizeInputTests.cs(200,0): at LiteCad.Tests.RectangleSizeInputTests.<>c__DisplayClass12_0.<RunSta>b__0()
[xUnit.net 00:00:01.92]         --- End of stack trace from previous location ---
[xUnit.net 00:00:01.92]         C:\Users\Admin\source\repos\LiteCad\LiteCad.Tests\RectangleSizeInputTests.cs(214,0): at LiteCad.Tests.RectangleSizeInputTests.RunSta(Action action)
[xUnit.net 00:00:01.92]         C:\Users\Admin\source\repos\LiteCad\LiteCad.Tests\RectangleSizeInputTests.cs(81,0): at LiteCad.Tests.RectangleSizeInputTests.Alt_PreservesWidthText()
[xUnit.net 00:00:01.92]            at System.Reflection.MethodBaseInvoker.InterpretedInvoke_Method(Object obj, IntPtr* args)
[xUnit.net 00:00:01.92]            at System.Reflection.MethodBaseInvoker.InvokeWithNoArgs(Object obj, BindingFlags invokeAttr)
[xUnit.net 00:00:01.93]     LiteCad.Tests.RectangleSizeInputTests.Alt_SwitchesBackToWidth [FAIL]
[xUnit.net 00:00:01.93]       System.ArgumentNullException : Value cannot be null. (Parameter 'inputSource')
[xUnit.net 00:00:01.93]       Stack Trace:
[xUnit.net 00:00:01.93]            at System.ArgumentNullException.Throw(String paramName)
[xUnit.net 00:00:01.93]            at System.ArgumentNullException.ThrowIfNull(Object argument, String paramName)
[xUnit.net 00:00:01.93]            at System.Windows.Input.KeyEventArgs..ctor(KeyboardDevice keyboard, PresentationSource inputSource, Int32 timestamp, Key key)
[xUnit.net 00:00:01.93]         C:\Users\Admin\source\repos\LiteCad\LiteCad.Tests\RectangleSizeInputTests.cs(286,0): at LiteCad.Tests.RectangleSizeInputTests.RectangleSizeInputTestHost.PressAlt()
[xUnit.net 00:00:01.93]         C:\Users\Admin\source\repos\LiteCad\LiteCad.Tests\RectangleSizeInputTests.cs(50,0): at LiteCad.Tests.RectangleSizeInputTests.<>c.<Alt_SwitchesBackToWidth>b__2_0()
[xUnit.net 00:00:01.93]         C:\Users\Admin\source\repos\LiteCad\LiteCad.Tests\RectangleSizeInputTests.cs(200,0): at LiteCad.Tests.RectangleSizeInputTests.<>c__DisplayClass12_0.<RunSta>b__0()
[xUnit.net 00:00:01.93]         --- End of stack trace from previous location ---
[xUnit.net 00:00:01.93]         C:\Users\Admin\source\repos\LiteCad\LiteCad.Tests\RectangleSizeInputTests.cs(214,0): at LiteCad.Tests.RectangleSizeInputTests.RunSta(Action action)
[xUnit.net 00:00:01.93]         C:\Users\Admin\source\repos\LiteCad\LiteCad.Tests\RectangleSizeInputTests.cs(46,0): at LiteCad.Tests.RectangleSizeInputTests.Alt_SwitchesBackToWidth()
[xUnit.net 00:00:01.93]            at System.Reflection.MethodBaseInvoker.InterpretedInvoke_Method(Object obj, IntPtr* args)
[xUnit.net 00:00:01.93]            at System.Reflection.MethodBaseInvoker.InvokeWithNoArgs(Object obj, BindingFlags invokeAttr)
[xUnit.net 00:00:01.93]     LiteCad.Tests.RectangleSizeInputTests.Alt_RepeatedTenTimes_AlternatesFields [FAIL]
[xUnit.net 00:00:01.93]       System.ArgumentNullException : Value cannot be null. (Parameter 'inputSource')
[xUnit.net 00:00:01.93]       Stack Trace:
[xUnit.net 00:00:01.93]            at System.ArgumentNullException.Throw(String paramName)
[xUnit.net 00:00:01.93]            at System.ArgumentNullException.ThrowIfNull(Object argument, String paramName)
[xUnit.net 00:00:01.93]            at System.Windows.Input.KeyEventArgs..ctor(KeyboardDevice keyboard, PresentationSource inputSource, Int32 timestamp, Key key)
[xUnit.net 00:00:01.93]         C:\Users\Admin\source\repos\LiteCad\LiteCad.Tests\RectangleSizeInputTests.cs(286,0): at LiteCad.Tests.RectangleSizeInputTests.RectangleSizeInputTestHost.PressAlt()
[xUnit.net 00:00:01.93]         C:\Users\Admin\source\repos\LiteCad\LiteCad.Tests\RectangleSizeInputTests.cs(69,0): at LiteCad.Tests.RectangleSizeInputTests.<>c.<Alt_RepeatedTenTimes_AlternatesFields>b__3_0()
[xUnit.net 00:00:01.93]         C:\Users\Admin\source\repos\LiteCad\LiteCad.Tests\RectangleSizeInputTests.cs(200,0): at LiteCad.Tests.RectangleSizeInputTests.<>c__DisplayClass12_0.<RunSta>b__0()
[xUnit.net 00:00:01.93]         --- End of stack trace from previous location ---
[xUnit.net 00:00:01.93]         C:\Users\Admin\source\repos\LiteCad\LiteCad.Tests\RectangleSizeInputTests.cs(214,0): at LiteCad.Tests.RectangleSizeInputTests.RunSta(Action action)
[xUnit.net 00:00:01.93]         C:\Users\Admin\source\repos\LiteCad\LiteCad.Tests\RectangleSizeInputTests.cs(61,0): at LiteCad.Tests.RectangleSizeInputTests.Alt_RepeatedTenTimes_AlternatesFields()
[xUnit.net 00:00:01.93]            at System.Reflection.MethodBaseInvoker.InterpretedInvoke_Method(Object obj, IntPtr* args)
[xUnit.net 00:00:01.93]            at System.Reflection.MethodBaseInvoker.InvokeWithNoArgs(Object obj, BindingFlags invokeAttr)
[xUnit.net 00:00:01.94]     LiteCad.Tests.RectangleSizeInputTests.Enter_AppliesTypedSizes [FAIL]
[xUnit.net 00:00:01.94]       System.ArgumentNullException : Value cannot be null. (Parameter 'inputSource')
[xUnit.net 00:00:01.94]       Stack Trace:
[xUnit.net 00:00:01.94]            at System.ArgumentNullException.Throw(String paramName)
[xUnit.net 00:00:01.94]            at System.ArgumentNullException.ThrowIfNull(Object argument, String paramName)
[xUnit.net 00:00:01.94]            at System.Windows.Input.KeyEventArgs..ctor(KeyboardDevice keyboard, PresentationSource inputSource, Int32 timestamp, Key key)
[xUnit.net 00:00:01.94]         C:\Users\Admin\source\repos\LiteCad\LiteCad.Tests\RectangleSizeInputTests.cs(300,0): at LiteCad.Tests.RectangleSizeInputTests.RectangleSizeInputTestHost.CommitRectangleSize()
[xUnit.net 00:00:01.94]         C:\Users\Admin\source\repos\LiteCad\LiteCad.Tests\RectangleSizeInputTests.cs(168,0): at LiteCad.Tests.RectangleSizeInputTests.<>c.<Enter_AppliesTypedSizes>b__9_0()
[xUnit.net 00:00:01.94]         C:\Users\Admin\source\repos\LiteCad\LiteCad.Tests\RectangleSizeInputTests.cs(200,0): at LiteCad.Tests.RectangleSizeInputTests.<>c__DisplayClass12_0.<RunSta>b__0()
[xUnit.net 00:00:01.94]         --- End of stack trace from previous location ---
[xUnit.net 00:00:01.94]         C:\Users\Admin\source\repos\LiteCad\LiteCad.Tests\RectangleSizeInputTests.cs(214,0): at LiteCad.Tests.RectangleSizeInputTests.RunSta(Action action)
[xUnit.net 00:00:01.94]         C:\Users\Admin\source\repos\LiteCad\LiteCad.Tests\RectangleSizeInputTests.cs(162,0): at LiteCad.Tests.RectangleSizeInputTests.Enter_AppliesTypedSizes()
[xUnit.net 00:00:01.94]            at System.Reflection.MethodBaseInvoker.InterpretedInvoke_Method(Object obj, IntPtr* args)
[xUnit.net 00:00:01.94]            at System.Reflection.MethodBaseInvoker.InvokeWithNoArgs(Object obj, BindingFlags invokeAttr)
[xUnit.net 00:00:01.95]     LiteCad.Tests.RectangleSizeInputTests.Alt_PreservesHeightText [FAIL]
[xUnit.net 00:00:01.95]       System.ArgumentNullException : Value cannot be null. (Parameter 'inputSource')
[xUnit.net 00:00:01.95]       Stack Trace:
[xUnit.net 00:00:01.95]            at System.ArgumentNullException.Throw(String paramName)
[xUnit.net 00:00:01.95]            at System.ArgumentNullException.ThrowIfNull(Object argument, String paramName)
[xUnit.net 00:00:01.95]            at System.Windows.Input.KeyEventArgs..ctor(KeyboardDevice keyboard, PresentationSource inputSource, Int32 timestamp, Key key)
[xUnit.net 00:00:01.95]         C:\Users\Admin\source\repos\LiteCad\LiteCad.Tests\RectangleSizeInputTests.cs(286,0): at LiteCad.Tests.RectangleSizeInputTests.RectangleSizeInputTestHost.PressAlt()
[xUnit.net 00:00:01.95]         C:\Users\Admin\source\repos\LiteCad\LiteCad.Tests\RectangleSizeInputTests.cs(102,0): at LiteCad.Tests.RectangleSizeInputTests.<>c.<Alt_PreservesHeightText>b__5_0()
[xUnit.net 00:00:01.95]         C:\Users\Admin\source\repos\LiteCad\LiteCad.Tests\RectangleSizeInputTests.cs(200,0): at LiteCad.Tests.RectangleSizeInputTests.<>c__DisplayClass12_0.<RunSta>b__0()
[xUnit.net 00:00:01.95]         --- End of stack trace from previous location ---
[xUnit.net 00:00:01.95]         C:\Users\Admin\source\repos\LiteCad\LiteCad.Tests\RectangleSizeInputTests.cs(214,0): at LiteCad.Tests.RectangleSizeInputTests.RunSta(Action action)
[xUnit.net 00:00:01.95]         C:\Users\Admin\source\repos\LiteCad\LiteCad.Tests\RectangleSizeInputTests.cs(97,0): at LiteCad.Tests.RectangleSizeInputTests.Alt_PreservesHeightText()
[xUnit.net 00:00:01.95]            at System.Reflection.MethodBaseInvoker.InterpretedInvoke_Method(Object obj, IntPtr* args)
[xUnit.net 00:00:01.95]            at System.Reflection.MethodBaseInvoker.InvokeWithNoArgs(Object obj, BindingFlags invokeAttr)
[xUnit.net 00:00:01.96]     LiteCad.Tests.RectangleSizeInputTests.Alt_DoesNotCreateRectangle [FAIL]
[xUnit.net 00:00:01.96]       System.ArgumentNullException : Value cannot be null. (Parameter 'inputSource')
[xUnit.net 00:00:01.96]       Stack Trace:
[xUnit.net 00:00:01.96]            at System.ArgumentNullException.Throw(String paramName)
[xUnit.net 00:00:01.96]            at System.ArgumentNullException.ThrowIfNull(Object argument, String paramName)
[xUnit.net 00:00:01.96]            at System.Windows.Input.KeyEventArgs..ctor(KeyboardDevice keyboard, PresentationSource inputSource, Int32 timestamp, Key key)
[xUnit.net 00:00:01.96]         C:\Users\Admin\source\repos\LiteCad\LiteCad.Tests\RectangleSizeInputTests.cs(286,0): at LiteCad.Tests.RectangleSizeInputTests.RectangleSizeInputTestHost.PressAlt()
[xUnit.net 00:00:01.96]         C:\Users\Admin\source\repos\LiteCad\LiteCad.Tests\RectangleSizeInputTests.cs(119,0): at LiteCad.Tests.RectangleSizeInputTests.<>c.<Alt_DoesNotCreateRectangle>b__6_0()
[xUnit.net 00:00:01.96]         C:\Users\Admin\source\repos\LiteCad\LiteCad.Tests\RectangleSizeInputTests.cs(200,0): at LiteCad.Tests.RectangleSizeInputTests.<>c__DisplayClass12_0.<RunSta>b__0()
[xUnit.net 00:00:01.96]         --- End of stack trace from previous location ---
[xUnit.net 00:00:01.96]         C:\Users\Admin\source\repos\LiteCad\LiteCad.Tests\RectangleSizeInputTests.cs(214,0): at LiteCad.Tests.RectangleSizeInputTests.RunSta(Action action)
[xUnit.net 00:00:01.96]         C:\Users\Admin\source\repos\LiteCad\LiteCad.Tests\RectangleSizeInputTests.cs(114,0): at LiteCad.Tests.RectangleSizeInputTests.Alt_DoesNotCreateRectangle()
[xUnit.net 00:00:01.96]            at System.Reflection.MethodBaseInvoker.InterpretedInvoke_Method(Object obj, IntPtr* args)
[xUnit.net 00:00:01.96]            at System.Reflection.MethodBaseInvoker.InvokeWithNoArgs(Object obj, BindingFlags invokeAttr)
  ╨Э╨╡ ╨┐╤А╨╛╨╣╨┤╨╡╨╜ LiteCad.Tests.RectangleSizeInputTests.Alt_DoesNotCancelRectangle [7 ms]
  ╨б╨╛╨╛╨▒╤Й╨╡╨╜╨╕╨╡ ╨╛╨▒ ╨╛╤И╨╕╨▒╨║╨╡:
   System.ArgumentNullException : Value cannot be null. (Parameter 'inputSource')
  ╨в╤А╨░╤Б╤Б╨╕╤А╨╛╨▓╨║╨░ ╤Б╤В╨╡╨║╨░:
     at System.ArgumentNullException.Throw(String paramName)
   at System.ArgumentNullException.ThrowIfNull(Object argument, String paramName)
   at System.Windows.Input.KeyEventArgs..ctor(KeyboardDevice keyboard, PresentationSource inputSource, Int32 timestamp, Key key)
   at LiteCad.Tests.RectangleSizeInputTests.RectangleSizeInputTestHost.PressAlt() in C:\Users\Admin\source\repos\LiteCad\LiteCad.Tests\RectangleSizeInputTests.cs:line 286
   at LiteCad.Tests.RectangleSizeInputTests.<>c.<Alt_DoesNotCancelRectangle>b__7_0() in C:\Users\Admin\source\repos\LiteCad\LiteCad.Tests\RectangleSizeInputTests.cs:line 135
   at LiteCad.Tests.RectangleSizeInputTests.<>c__DisplayClass12_0.<RunSta>b__0() in C:\Users\Admin\source\repos\LiteCad\LiteCad.Tests\RectangleSizeInputTests.cs:line 200
--- End of stack trace from previous location ---
   at LiteCad.Tests.RectangleSizeInputTests.RunSta(Action action) in C:\Users\Admin\source\repos\LiteCad\LiteCad.Tests\RectangleSizeInputTests.cs:line 214
   at LiteCad.Tests.RectangleSizeInputTests.Alt_DoesNotCancelRectangle() in C:\Users\Admin\source\repos\LiteCad\LiteCad.Tests\RectangleSizeInputTests.cs:line 131
   at System.Reflection.MethodBaseInvoker.InterpretedInvoke_Method(Object obj, IntPtr* args)
   at System.Reflection.MethodBaseInvoker.InvokeWithNoArgs(Object obj, BindingFlags invokeAttr)
  ╨Э╨╡ ╨┐╤А╨╛╨╣╨┤╨╡╨╜ LiteCad.Tests.RectangleSizeInputTests.Alt_PreservesWidthText [6 ms]
  ╨б╨╛╨╛╨▒╤Й╨╡╨╜╨╕╨╡ ╨╛╨▒ ╨╛╤И╨╕╨▒╨║╨╡:
   System.ArgumentNullException : Value cannot be null. (Parameter 'inputSource')
  ╨в╤А╨░╤Б╤Б╨╕╤А╨╛╨▓╨║╨░ ╤Б╤В╨╡╨║╨░:
     at System.ArgumentNullException.Throw(String paramName)
   at System.ArgumentNullException.ThrowIfNull(Object argument, String paramName)
   at System.Windows.Input.KeyEventArgs..ctor(KeyboardDevice keyboard, PresentationSource inputSource, Int32 timestamp, Key key)
   at LiteCad.Tests.RectangleSizeInputTests.RectangleSizeInputTestHost.PressAlt() in C:\Users\Admin\source\repos\LiteCad\LiteCad.Tests\RectangleSizeInputTests.cs:line 286
   at LiteCad.Tests.RectangleSizeInputTests.<>c.<Alt_PreservesWidthText>b__4_0() in C:\Users\Admin\source\repos\LiteCad\LiteCad.Tests\RectangleSizeInputTests.cs:line 86
   at LiteCad.Tests.RectangleSizeInputTests.<>c__DisplayClass12_0.<RunSta>b__0() in C:\Users\Admin\source\repos\LiteCad\LiteCad.Tests\RectangleSizeInputTests.cs:line 200
--- End of stack trace from previous location ---
   at LiteCad.Tests.RectangleSizeInputTests.RunSta(Action action) in C:\Users\Admin\source\repos\LiteCad\LiteCad.Tests\RectangleSizeInputTests.cs:line 214
   at LiteCad.Tests.RectangleSizeInputTests.Alt_PreservesWidthText() in C:\Users\Admin\source\repos\LiteCad\LiteCad.Tests\RectangleSizeInputTests.cs:line 81
   at System.Reflection.MethodBaseInvoker.InterpretedInvoke_Method(Object obj, IntPtr* args)
   at System.Reflection.MethodBaseInvoker.InvokeWithNoArgs(Object obj, BindingFlags invokeAttr)
  ╨Э╨╡ ╨┐╤А╨╛╨╣╨┤╨╡╨╜ LiteCad.Tests.RectangleSizeInputTests.Alt_SwitchesBackToWidth [7 ms]
  ╨б╨╛╨╛╨▒╤Й╨╡╨╜╨╕╨╡ ╨╛╨▒ ╨╛╤И╨╕╨▒╨║╨╡:
   System.ArgumentNullException : Value cannot be null. (Parameter 'inputSource')
  ╨в╤А╨░╤Б╤Б╨╕╤А╨╛╨▓╨║╨░ ╤Б╤В╨╡╨║╨░:
     at System.ArgumentNullException.Throw(String paramName)
   at System.ArgumentNullException.ThrowIfNull(Object argument, String paramName)
   at System.Windows.Input.KeyEventArgs..ctor(KeyboardDevice keyboard, PresentationSource inputSource, Int32 timestamp, Key key)
   at LiteCad.Tests.RectangleSizeInputTests.RectangleSizeInputTestHost.PressAlt() in C:\Users\Admin\source\repos\LiteCad\LiteCad.Tests\RectangleSizeInputTests.cs:line 286
   at LiteCad.Tests.RectangleSizeInputTests.<>c.<Alt_SwitchesBackToWidth>b__2_0() in C:\Users\Admin\source\repos\LiteCad\LiteCad.Tests\RectangleSizeInputTests.cs:line 50
   at LiteCad.Tests.RectangleSizeInputTests.<>c__DisplayClass12_0.<RunSta>b__0() in C:\Users\Admin\source\repos\LiteCad\LiteCad.Tests\RectangleSizeInputTests.cs:line 200
--- End of stack trace from previous location ---
   at LiteCad.Tests.RectangleSizeInputTests.RunSta(Action action) in C:\Users\Admin\source\repos\LiteCad\LiteCad.Tests\RectangleSizeInputTests.cs:line 214
   at LiteCad.Tests.RectangleSizeInputTests.Alt_SwitchesBackToWidth() in C:\Users\Admin\source\repos\LiteCad\LiteCad.Tests\RectangleSizeInputTests.cs:line 46
   at System.Reflection.MethodBaseInvoker.InterpretedInvoke_Method(Object obj, IntPtr* args)
   at System.Reflection.MethodBaseInvoker.InvokeWithNoArgs(Object obj, BindingFlags invokeAttr)
  ╨Э╨╡ ╨┐╤А╨╛╨╣╨┤╨╡╨╜ LiteCad.Tests.RectangleSizeInputTests.Alt_RepeatedTenTimes_AlternatesFields [6 ms]
  ╨б╨╛╨╛╨▒╤Й╨╡╨╜╨╕╨╡ ╨╛╨▒ ╨╛╤И╨╕╨▒╨║╨╡:
   System.ArgumentNullException : Value cannot be null. (Parameter 'inputSource')
  ╨в╤А╨░╤Б╤Б╨╕╤А╨╛╨▓╨║╨░ ╤Б╤В╨╡╨║╨░:
     at System.ArgumentNullException.Throw(String paramName)
   at System.ArgumentNullException.ThrowIfNull(Object argument, String paramName)
   at System.Windows.Input.KeyEventArgs..ctor(KeyboardDevice keyboard, PresentationSource inputSource, Int32 timestamp, Key key)
   at LiteCad.Tests.RectangleSizeInputTests.RectangleSizeInputTestHost.PressAlt() in C:\Users\Admin\source\repos\LiteCad\LiteCad.Tests\RectangleSizeInputTests.cs:line 286
   at LiteCad.Tests.RectangleSizeInputTests.<>c.<Alt_RepeatedTenTimes_AlternatesFields>b__3_0() in C:\Users\Admin\source\repos\LiteCad\LiteCad.Tests\RectangleSizeInputTests.cs:line 69
   at LiteCad.Tests.RectangleSizeInputTests.<>c__DisplayClass12_0.<RunSta>b__0() in C:\Users\Admin\source\repos\LiteCad\LiteCad.Tests\RectangleSizeInputTests.cs:line 200
--- End of stack trace from previous location ---
   at LiteCad.Tests.RectangleSizeInputTests.RunSta(Action action) in C:\Users\Admin\source\repos\LiteCad\LiteCad.Tests\RectangleSizeInputTests.cs:line 214
   at LiteCad.Tests.RectangleSizeInputTests.Alt_RepeatedTenTimes_AlternatesFields() in C:\Users\Admin\source\repos\LiteCad\LiteCad.Tests\RectangleSizeInputTests.cs:line 61
   at System.Reflection.MethodBaseInvoker.InterpretedInvoke_Method(Object obj, IntPtr* args)
   at System.Reflection.MethodBaseInvoker.InvokeWithNoArgs(Object obj, BindingFlags invokeAttr)
  ╨Э╨╡ ╨┐╤А╨╛╨╣╨┤╨╡╨╜ LiteCad.Tests.RectangleSizeInputTests.Enter_AppliesTypedSizes [8 ms]
  ╨б╨╛╨╛╨▒╤Й╨╡╨╜╨╕╨╡ ╨╛╨▒ ╨╛╤И╨╕╨▒╨║╨╡:
   System.ArgumentNullException : Value cannot be null. (Parameter 'inputSource')
  ╨в╤А╨░╤Б╤Б╨╕╤А╨╛╨▓╨║╨░ ╤Б╤В╨╡╨║╨░:
     at System.ArgumentNullException.Throw(String paramName)
   at System.ArgumentNullException.ThrowIfNull(Object argument, String paramName)
   at System.Windows.Input.KeyEventArgs..ctor(KeyboardDevice keyboard, PresentationSource inputSource, Int32 timestamp, Key key)
   at LiteCad.Tests.RectangleSizeInputTests.RectangleSizeInputTestHost.CommitRectangleSize() in C:\Users\Admin\source\repos\LiteCad\LiteCad.Tests\RectangleSizeInputTests.cs:line 300
   at LiteCad.Tests.RectangleSizeInputTests.<>c.<Enter_AppliesTypedSizes>b__9_0() in C:\Users\Admin\source\repos\LiteCad\LiteCad.Tests\RectangleSizeInputTests.cs:line 168
   at LiteCad.Tests.RectangleSizeInputTests.<>c__DisplayClass12_0.<RunSta>b__0() in C:\Users\Admin\source\repos\LiteCad\LiteCad.Tests\RectangleSizeInputTests.cs:line 200
--- End of stack trace from previous location ---
   at LiteCad.Tests.RectangleSizeInputTests.RunSta(Action action) in C:\Users\Admin\source\repos\LiteCad\LiteCad.Tests\RectangleSizeInputTests.cs:line 214
   at LiteCad.Tests.RectangleSizeInputTests.Enter_AppliesTypedSizes() in C:\Users\Admin\source\repos\LiteCad\LiteCad.Tests\RectangleSizeInputTests.cs:line 162
   at System.Reflection.MethodBaseInvoker.InterpretedInvoke_Method(Object obj, IntPtr* args)
   at System.Reflection.MethodBaseInvoker.InvokeWithNoArgs(Object obj, BindingFlags invokeAttr)
  ╨Э╨╡ ╨┐╤А╨╛╨╣╨┤╨╡╨╜ LiteCad.Tests.RectangleSizeInputTests.Alt_PreservesHeightText [6 ms]
  ╨б╨╛╨╛╨▒╤Й╨╡╨╜╨╕╨╡ ╨╛╨▒ ╨╛╤И╨╕╨▒╨║╨╡:
   System.ArgumentNullException : Value cannot be null. (Parameter 'inputSource')
  ╨в╤А╨░╤Б╤Б╨╕╤А╨╛╨▓╨║╨░ ╤Б╤В╨╡╨║╨░:
     at System.ArgumentNullException.Throw(String paramName)
   at System.ArgumentNullException.ThrowIfNull(Object argument, String paramName)
   at System.Windows.Input.KeyEventArgs..ctor(KeyboardDevice keyboard, PresentationSource inputSource, Int32 timestamp, Key key)
   at LiteCad.Tests.RectangleSizeInputTests.RectangleSizeInputTestHost.PressAlt() in C:\Users\Admin\source\repos\LiteCad\LiteCad.Tests\RectangleSizeInputTests.cs:line 286
   at LiteCad.Tests.RectangleSizeInputTests.<>c.<Alt_PreservesHeightText>b__5_0() in C:\Users\Admin\source\repos\LiteCad\LiteCad.Tests\RectangleSizeInputTests.cs:line 102
   at LiteCad.Tests.RectangleSizeInputTests.<>c__DisplayClass12_0.<RunSta>b__0() in C:\Users\Admin\source\repos\LiteCad\LiteCad.Tests\RectangleSizeInputTests.cs:line 200
--- End of stack trace from previous location ---
   at LiteCad.Tests.RectangleSizeInputTests.RunSta(Action action) in C:\Users\Admin\source\repos\LiteCad\LiteCad.Tests\RectangleSizeInputTests.cs:line 214
   at LiteCad.Tests.RectangleSizeInputTests.Alt_PreservesHeightText() in C:\Users\Admin\source\repos\LiteCad\LiteCad.Tests\RectangleSizeInputTests.cs:line 97
   at System.Reflection.MethodBaseInvoker.InterpretedInvoke_Method(Object obj, IntPtr* args)
   at System.Reflection.MethodBaseInvoker.InvokeWithNoArgs(Object obj, BindingFlags invokeAttr)
  ╨Э╨╡ ╨┐╤А╨╛╨╣╨┤╨╡╨╜ LiteCad.Tests.RectangleSizeInputTests.Alt_DoesNotCreateRectangle [6 ms]
  ╨б╨╛╨╛╨▒╤Й╨╡╨╜╨╕╨╡ ╨╛╨▒ ╨╛╤И╨╕╨▒╨║╨╡:
   System.ArgumentNullException : Value cannot be null. (Parameter 'inputSource')
  ╨в╤А╨░╤Б╤Б╨╕╤А╨╛╨▓╨║╨░ ╤Б╤В╨╡╨║╨░:
     at System.ArgumentNullException.Throw(String paramName)
   at System.ArgumentNullException.ThrowIfNull(Object argument, String paramName)
   at System.Windows.Input.KeyEventArgs..ctor(KeyboardDevice keyboard, PresentationSource inputSource, Int32 timestamp, Key key)
   at LiteCad.Tests.RectangleSizeInputTests.RectangleSizeInputTestHost.PressAlt() in C:\Users\Admin\source\repos\LiteCad\LiteCad.Tests\RectangleSizeInputTests.cs:line 286
   at LiteCad.Tests.RectangleSizeInputTests.<>c.<Alt_DoesNotCreateRectangle>b__6_0() in C:\Users\Admin\source\repos\LiteCad\LiteCad.Tests\RectangleSizeInputTests.cs:line 119
   at LiteCad.Tests.RectangleSizeInputTests.<>c__DisplayClass12_0.<RunSta>b__0() in C:\Users\Admin\source\repos\LiteCad\LiteCad.Tests\RectangleSizeInputTests.cs:line 200
--- End of stack trace from previous location ---
   at LiteCad.Tests.RectangleSizeInputTests.RunSta(Action action) in C:\Users\Admin\source\repos\LiteCad\LiteCad.Tests\RectangleSizeInputTests.cs:line 214
   at LiteCad.Tests.RectangleSizeInputTests.Alt_DoesNotCreateRectangle() in C:\Users\Admin\source\repos\LiteCad\LiteCad.Tests\RectangleSizeInputTests.cs:line 114
   at System.Reflection.MethodBaseInvoker.InterpretedInvoke_Method(Object obj, IntPtr* args)
   at System.Reflection.MethodBaseInvoker.InvokeWithNoArgs(Object obj, BindingFlags invokeAttr)
  ╨Я╤А╨╛╨╣╨┤╨╡╨╜ LiteCad.Tests.TopologyToleranceTests.ParallelOffset1eMinus5_RemainsTopologyEquivalent [< 1 ms]
  ╨Я╤А╨╛╨╣╨┤╨╡╨╜ LiteCad.Tests.TopologyToleranceTests.OnEdgeUiSnap_StillUsesUiToleranceIndependently [< 1 ms]
  ╨Я╤А╨╛╨╣╨┤╨╡╨╜ LiteCad.Tests.TopologyToleranceTests.CrossingLineStillSplits [1 ms]
  ╨Я╤А╨╛╨╣╨┤╨╡╨╜ LiteCad.Tests.TopologyToleranceTests.ParallelOffset12_IsNotCollinear [< 1 ms]
  ╨Я╤А╨╛╨╣╨┤╨╡╨╜ LiteCad.Tests.TopologyToleranceTests.ExactSameLineOverlap_StillTrimsExisting [< 1 ms]
  ╨Я╤А╨╛╨╣╨┤╨╡╨╜ LiteCad.Tests.TopologyToleranceTests.ParallelOffset20_NoOverlap [< 1 ms]
  ╨Я╤А╨╛╨╣╨┤╨╡╨╜ LiteCad.Tests.FaceIdentityTests.CreateRegion_InnerLoopOrder_DoesNotChangeRegionIdentity [2 ms]
  ╨Я╤А╨╛╨╣╨┤╨╡╨╜ LiteCad.Tests.FaceIdentityTests.ExplicitFaceSuppression_SyncFacesSkipsSuppressedOuterLoop [< 1 ms]
  ╨Я╤А╨╛╨╣╨┤╨╡╨╜ LiteCad.Tests.FaceIdentityTests.CreateLoop_DifferentBoundaries_ProduceDifferentIdentities [< 1 ms]
  ╨Я╤А╨╛╨╣╨┤╨╡╨╜ LiteCad.Tests.FaceIdentityTests.CreateLoop_SameLoopWithCyclicallyShiftedStart_ProducesSameIdentity [< 1 ms]
  ╨Я╤А╨╛╨╣╨┤╨╡╨╜ LiteCad.Tests.FaceIdentityTests.TopologyChange_InvalidatesSuppressionKeys [< 1 ms]
[xUnit.net 00:00:01.97]   Finished:    LiteCad.Tests
  ╨Я╤А╨╛╨╣╨┤╨╡╨╜ LiteCad.Tests.FaceIdentityTests.CreateLoop_RecreatedEdgeIdsWithSameVertices_ProducesSameIdentity [< 1 ms]
  ╨Я╤А╨╛╨╣╨┤╨╡╨╜ LiteCad.Tests.FaceIdentityTests.CreateLoop_OuterAndInnerContours_AreDistinctIdentities [< 1 ms]
  ╨Я╤А╨╛╨╣╨┤╨╡╨╜ LiteCad.Tests.FaceIdentityTests.SuppressThenDeleteRecreateEdge_RestoresFaceAfterTopologyInvalidation [< 1 ms]

╨б╨▒╨╛╨╣ ╤В╨╡╤Б╤В╨╛╨▓╨╛╨│╨╛ ╨╖╨░╨┐╤Г╤Б╨║╨░.
╨Т╤Б╨╡╨│╨╛ ╤В╨╡╤Б╤В╨╛╨▓: 345
     ╨Я╤А╨╛╨╣╨┤╨╡╨╜╨╛: 320
     ╨Э╨╡ ╨┐╤А╨╛╨╣╨┤╨╡╨╜╨╛: 25
 ╨Ю╨▒╤Й╨╡╨╡ ╨▓╤А╨╡╨╝╤П: 2,5039 ╨б╨╡╨║╤Г╨╜╨┤╤Л
